<?xml version="1.0" encoding="ISO-8859-1" ?>
<link_info>
   <banner>TI ARM Linker PC v20.2.5.LTS</banner>
   <copyright>Copyright (c) 1996-2018 Texas Instruments Incorporated</copyright>
   <link_time>0x61191cda</link_time>
   <link_errors>0x0</link_errors>
   <output_file>05.PWM.out</output_file>
   <entry_point>
      <name>resetISR</name>
      <address>0x4a61</address>
   </entry_point>
   <input_file_list>
      <input_file id="fl-2">
         <path>.\</path>
         <kind>object</kind>
         <file>main_nortos.obj</file>
         <name>main_nortos.obj</name>
      </input_file>
      <input_file id="fl-3">
         <path>.\</path>
         <kind>object</kind>
         <file>pwm.obj</file>
         <name>pwm.obj</name>
      </input_file>
      <input_file id="fl-4">
         <path>.\syscfg\</path>
         <kind>object</kind>
         <file>ti_drivers_config.obj</file>
         <name>ti_drivers_config.obj</name>
      </input_file>
      <input_file id="fl-5">
         <path>.\MyLib\</path>
         <kind>object</kind>
         <file>mylib.obj</file>
         <name>mylib.obj</name>
      </input_file>
      <input_file id="fl-10">
         <kind>object</kind>
         <file>&lt;internal&gt;</file>
         <name>&lt;internal&gt;</name>
      </input_file>
      <input_file id="fl-11">
         <path>D:\CCS\MSP432E4_SDK\simplelink_msp432e4_sdk_4_20_00_12\source\ti\drivers\lib\</path>
         <kind>archive</kind>
         <file>drivers_msp432e4.aem4f</file>
         <name>PowerMSP432E4.oem4f</name>
      </input_file>
      <input_file id="fl-12">
         <path>D:\CCS\MSP432E4_SDK\simplelink_msp432e4_sdk_4_20_00_12\source\ti\drivers\lib\</path>
         <kind>archive</kind>
         <file>drivers_msp432e4.aem4f</file>
         <name>PWM.oem4f</name>
      </input_file>
      <input_file id="fl-13">
         <path>D:\CCS\MSP432E4_SDK\simplelink_msp432e4_sdk_4_20_00_12\source\ti\drivers\lib\</path>
         <kind>archive</kind>
         <file>drivers_msp432e4.aem4f</file>
         <name>PWMMSP432E4.oem4f</name>
      </input_file>
      <input_file id="fl-14">
         <path>D:\CCS\MSP432E4_SDK\simplelink_msp432e4_sdk_4_20_00_12\source\ti\drivers\lib\</path>
         <kind>archive</kind>
         <file>drivers_msp432e4.aem4f</file>
         <name>UART.oem4f</name>
      </input_file>
      <input_file id="fl-15">
         <path>D:\CCS\MSP432E4_SDK\simplelink_msp432e4_sdk_4_20_00_12\source\ti\drivers\lib\</path>
         <kind>archive</kind>
         <file>drivers_msp432e4.aem4f</file>
         <name>UARTMSP432E4.oem4f</name>
      </input_file>
      <input_file id="fl-16">
         <path>D:\CCS\MSP432E4_SDK\simplelink_msp432e4_sdk_4_20_00_12\source\ti\drivers\lib\</path>
         <kind>archive</kind>
         <file>drivers_msp432e4.aem4f</file>
         <name>RingBuf.oem4f</name>
      </input_file>
      <input_file id="fl-17">
         <path>D:\CCS\MSP432E4_SDK\simplelink_msp432e4_sdk_4_20_00_12\source\ti\drivers\lib\</path>
         <kind>archive</kind>
         <file>drivers_msp432e4.aem4f</file>
         <name>GPIOMSP432E4.oem4f</name>
      </input_file>
      <input_file id="fl-18">
         <path>D:\CCS\MSP432E4_SDK\simplelink_msp432e4_sdk_4_20_00_12\kernel\nortos\lib\</path>
         <kind>archive</kind>
         <file>nortos_msp432e4.aem4f</file>
         <name>posix_sleep.oem4f</name>
      </input_file>
      <input_file id="fl-19">
         <path>D:\CCS\MSP432E4_SDK\simplelink_msp432e4_sdk_4_20_00_12\kernel\nortos\lib\</path>
         <kind>archive</kind>
         <file>nortos_msp432e4.aem4f</file>
         <name>NoRTOS.oem4f</name>
      </input_file>
      <input_file id="fl-1a">
         <path>D:\CCS\MSP432E4_SDK\simplelink_msp432e4_sdk_4_20_00_12\kernel\nortos\lib\</path>
         <kind>archive</kind>
         <file>nortos_msp432e4.aem4f</file>
         <name>SemaphoreP_nortos.oem4f</name>
      </input_file>
      <input_file id="fl-1b">
         <path>D:\CCS\MSP432E4_SDK\simplelink_msp432e4_sdk_4_20_00_12\kernel\nortos\lib\</path>
         <kind>archive</kind>
         <file>nortos_msp432e4.aem4f</file>
         <name>ClockPSysTick_nortos.oem4f</name>
      </input_file>
      <input_file id="fl-1c">
         <path>D:\CCS\MSP432E4_SDK\simplelink_msp432e4_sdk_4_20_00_12\kernel\nortos\lib\</path>
         <kind>archive</kind>
         <file>nortos_msp432e4.aem4f</file>
         <name>HwiPMSP432E4_nortos.oem4f</name>
      </input_file>
      <input_file id="fl-1d">
         <path>D:\CCS\MSP432E4_SDK\simplelink_msp432e4_sdk_4_20_00_12\kernel\nortos\lib\</path>
         <kind>archive</kind>
         <file>nortos_msp432e4.aem4f</file>
         <name>PowerMSP432E4_nortos.oem4f</name>
      </input_file>
      <input_file id="fl-1e">
         <path>D:\CCS\MSP432E4_SDK\simplelink_msp432e4_sdk_4_20_00_12\kernel\nortos\lib\</path>
         <kind>archive</kind>
         <file>nortos_msp432e4.aem4f</file>
         <name>startup_msp432e4_ccs.oem4f</name>
      </input_file>
      <input_file id="fl-1f">
         <path>D:\CCS\MSP432E4_SDK\simplelink_msp432e4_sdk_4_20_00_12\source\ti\devices\msp432e4\driverlib\lib\ccs\m4f\</path>
         <kind>archive</kind>
         <file>msp432e4_driverlib.a</file>
         <name>fpu.o</name>
      </input_file>
      <input_file id="fl-20">
         <path>D:\CCS\MSP432E4_SDK\simplelink_msp432e4_sdk_4_20_00_12\source\ti\devices\msp432e4\driverlib\lib\ccs\m4f\</path>
         <kind>archive</kind>
         <file>msp432e4_driverlib.a</file>
         <name>gpio.o</name>
      </input_file>
      <input_file id="fl-21">
         <path>D:\CCS\MSP432E4_SDK\simplelink_msp432e4_sdk_4_20_00_12\source\ti\devices\msp432e4\driverlib\lib\ccs\m4f\</path>
         <kind>archive</kind>
         <file>msp432e4_driverlib.a</file>
         <name>interrupt.o</name>
      </input_file>
      <input_file id="fl-22">
         <path>D:\CCS\MSP432E4_SDK\simplelink_msp432e4_sdk_4_20_00_12\source\ti\devices\msp432e4\driverlib\lib\ccs\m4f\</path>
         <kind>archive</kind>
         <file>msp432e4_driverlib.a</file>
         <name>pwm.o</name>
      </input_file>
      <input_file id="fl-23">
         <path>D:\CCS\MSP432E4_SDK\simplelink_msp432e4_sdk_4_20_00_12\source\ti\devices\msp432e4\driverlib\lib\ccs\m4f\</path>
         <kind>archive</kind>
         <file>msp432e4_driverlib.a</file>
         <name>sysctl.o</name>
      </input_file>
      <input_file id="fl-24">
         <path>D:\CCS\MSP432E4_SDK\simplelink_msp432e4_sdk_4_20_00_12\source\ti\devices\msp432e4\driverlib\lib\ccs\m4f\</path>
         <kind>archive</kind>
         <file>msp432e4_driverlib.a</file>
         <name>uart.o</name>
      </input_file>
      <input_file id="fl-25">
         <path>D:\CCS\MSP432E4_SDK\simplelink_msp432e4_sdk_4_20_00_12\source\ti\devices\msp432e4\driverlib\lib\ccs\m4f\</path>
         <kind>archive</kind>
         <file>msp432e4_driverlib.a</file>
         <name>cpu.o</name>
      </input_file>
      <input_file id="fl-db">
         <path>D:\CCS\CCS10.4\ccs\tools\compiler\ti-cgt-arm_20.2.5.LTS\lib\</path>
         <kind>archive</kind>
         <file>rtsv7M4_T_le_v4SPD16_eabi.lib</file>
         <name>printf.c.obj</name>
      </input_file>
      <input_file id="fl-dc">
         <path>D:\CCS\CCS10.4\ccs\tools\compiler\ti-cgt-arm_20.2.5.LTS\lib\</path>
         <kind>archive</kind>
         <file>rtsv7M4_T_le_v4SPD16_eabi.lib</file>
         <name>_printfi.c.obj</name>
      </input_file>
      <input_file id="fl-dd">
         <path>D:\CCS\CCS10.4\ccs\tools\compiler\ti-cgt-arm_20.2.5.LTS\lib\</path>
         <kind>archive</kind>
         <file>rtsv7M4_T_le_v4SPD16_eabi.lib</file>
         <name>s_frexp.c.obj</name>
      </input_file>
      <input_file id="fl-de">
         <path>D:\CCS\CCS10.4\ccs\tools\compiler\ti-cgt-arm_20.2.5.LTS\lib\</path>
         <kind>archive</kind>
         <file>rtsv7M4_T_le_v4SPD16_eabi.lib</file>
         <name>s_scalbn.c.obj</name>
      </input_file>
      <input_file id="fl-df">
         <path>D:\CCS\CCS10.4\ccs\tools\compiler\ti-cgt-arm_20.2.5.LTS\lib\</path>
         <kind>archive</kind>
         <file>rtsv7M4_T_le_v4SPD16_eabi.lib</file>
         <name>wcslen.c.obj</name>
      </input_file>
      <input_file id="fl-e0">
         <path>D:\CCS\CCS10.4\ccs\tools\compiler\ti-cgt-arm_20.2.5.LTS\lib\</path>
         <kind>archive</kind>
         <file>rtsv7M4_T_le_v4SPD16_eabi.lib</file>
         <name>fd_add_t2.asm.obj</name>
      </input_file>
      <input_file id="fl-e1">
         <path>D:\CCS\CCS10.4\ccs\tools\compiler\ti-cgt-arm_20.2.5.LTS\lib\</path>
         <kind>archive</kind>
         <file>rtsv7M4_T_le_v4SPD16_eabi.lib</file>
         <name>fd_cmp_t2.asm.obj</name>
      </input_file>
      <input_file id="fl-e2">
         <path>D:\CCS\CCS10.4\ccs\tools\compiler\ti-cgt-arm_20.2.5.LTS\lib\</path>
         <kind>archive</kind>
         <file>rtsv7M4_T_le_v4SPD16_eabi.lib</file>
         <name>fd_div_t2.asm.obj</name>
      </input_file>
      <input_file id="fl-e3">
         <path>D:\CCS\CCS10.4\ccs\tools\compiler\ti-cgt-arm_20.2.5.LTS\lib\</path>
         <kind>archive</kind>
         <file>rtsv7M4_T_le_v4SPD16_eabi.lib</file>
         <name>fd_mul_t2.asm.obj</name>
      </input_file>
      <input_file id="fl-e4">
         <path>D:\CCS\CCS10.4\ccs\tools\compiler\ti-cgt-arm_20.2.5.LTS\lib\</path>
         <kind>archive</kind>
         <file>rtsv7M4_T_le_v4SPD16_eabi.lib</file>
         <name>fd_toi_t2.asm.obj</name>
      </input_file>
      <input_file id="fl-e5">
         <path>D:\CCS\CCS10.4\ccs\tools\compiler\ti-cgt-arm_20.2.5.LTS\lib\</path>
         <kind>archive</kind>
         <file>rtsv7M4_T_le_v4SPD16_eabi.lib</file>
         <name>i_tofd_t2.asm.obj</name>
      </input_file>
      <input_file id="fl-e6">
         <path>D:\CCS\CCS10.4\ccs\tools\compiler\ti-cgt-arm_20.2.5.LTS\lib\</path>
         <kind>archive</kind>
         <file>rtsv7M4_T_le_v4SPD16_eabi.lib</file>
         <name>ll_mul_t2.asm.obj</name>
      </input_file>
      <input_file id="fl-e7">
         <path>D:\CCS\CCS10.4\ccs\tools\compiler\ti-cgt-arm_20.2.5.LTS\lib\</path>
         <kind>archive</kind>
         <file>rtsv7M4_T_le_v4SPD16_eabi.lib</file>
         <name>ull_div_t2.asm.obj</name>
      </input_file>
      <input_file id="fl-e8">
         <path>D:\CCS\CCS10.4\ccs\tools\compiler\ti-cgt-arm_20.2.5.LTS\lib\</path>
         <kind>archive</kind>
         <file>rtsv7M4_T_le_v4SPD16_eabi.lib</file>
         <name>memset_t2.asm.obj</name>
      </input_file>
      <input_file id="fl-e9">
         <path>D:\CCS\CCS10.4\ccs\tools\compiler\ti-cgt-arm_20.2.5.LTS\lib\</path>
         <kind>archive</kind>
         <file>rtsv7M4_T_le_v4SPD16_eabi.lib</file>
         <name>copy_zero_init.c.obj</name>
      </input_file>
      <input_file id="fl-ea">
         <path>D:\CCS\CCS10.4\ccs\tools\compiler\ti-cgt-arm_20.2.5.LTS\lib\</path>
         <kind>archive</kind>
         <file>rtsv7M4_T_le_v4SPD16_eabi.lib</file>
         <name>copy_decompress_none.c.obj</name>
      </input_file>
      <input_file id="fl-eb">
         <path>D:\CCS\CCS10.4\ccs\tools\compiler\ti-cgt-arm_20.2.5.LTS\lib\</path>
         <kind>archive</kind>
         <file>rtsv7M4_T_le_v4SPD16_eabi.lib</file>
         <name>copy_decompress_lzss.c.obj</name>
      </input_file>
      <input_file id="fl-ec">
         <path>D:\CCS\CCS10.4\ccs\tools\compiler\ti-cgt-arm_20.2.5.LTS\lib\</path>
         <kind>archive</kind>
         <file>rtsv7M4_T_le_v4SPD16_eabi.lib</file>
         <name>_lock.c.obj</name>
      </input_file>
      <input_file id="fl-ed">
         <path>D:\CCS\CCS10.4\ccs\tools\compiler\ti-cgt-arm_20.2.5.LTS\lib\</path>
         <kind>archive</kind>
         <file>rtsv7M4_T_le_v4SPD16_eabi.lib</file>
         <name>_ltoa.c.obj</name>
      </input_file>
      <input_file id="fl-ee">
         <path>D:\CCS\CCS10.4\ccs\tools\compiler\ti-cgt-arm_20.2.5.LTS\lib\</path>
         <kind>archive</kind>
         <file>rtsv7M4_T_le_v4SPD16_eabi.lib</file>
         <name>atoi.c.obj</name>
      </input_file>
      <input_file id="fl-ef">
         <path>D:\CCS\CCS10.4\ccs\tools\compiler\ti-cgt-arm_20.2.5.LTS\lib\</path>
         <kind>archive</kind>
         <file>rtsv7M4_T_le_v4SPD16_eabi.lib</file>
         <name>ctype.c.obj</name>
      </input_file>
      <input_file id="fl-f0">
         <path>D:\CCS\CCS10.4\ccs\tools\compiler\ti-cgt-arm_20.2.5.LTS\lib\</path>
         <kind>archive</kind>
         <file>rtsv7M4_T_le_v4SPD16_eabi.lib</file>
         <name>defs.c.obj</name>
      </input_file>
      <input_file id="fl-f1">
         <path>D:\CCS\CCS10.4\ccs\tools\compiler\ti-cgt-arm_20.2.5.LTS\lib\</path>
         <kind>archive</kind>
         <file>rtsv7M4_T_le_v4SPD16_eabi.lib</file>
         <name>memccpy.c.obj</name>
      </input_file>
      <input_file id="fl-f2">
         <path>D:\CCS\CCS10.4\ccs\tools\compiler\ti-cgt-arm_20.2.5.LTS\lib\</path>
         <kind>archive</kind>
         <file>rtsv7M4_T_le_v4SPD16_eabi.lib</file>
         <name>memory.c.obj</name>
      </input_file>
      <input_file id="fl-f3">
         <path>D:\CCS\CCS10.4\ccs\tools\compiler\ti-cgt-arm_20.2.5.LTS\lib\</path>
         <kind>archive</kind>
         <file>rtsv7M4_T_le_v4SPD16_eabi.lib</file>
         <name>strchr.c.obj</name>
      </input_file>
      <input_file id="fl-f4">
         <path>D:\CCS\CCS10.4\ccs\tools\compiler\ti-cgt-arm_20.2.5.LTS\lib\</path>
         <kind>archive</kind>
         <file>rtsv7M4_T_le_v4SPD16_eabi.lib</file>
         <name>strlen.c.obj</name>
      </input_file>
      <input_file id="fl-f5">
         <path>D:\CCS\CCS10.4\ccs\tools\compiler\ti-cgt-arm_20.2.5.LTS\lib\</path>
         <kind>archive</kind>
         <file>rtsv7M4_T_le_v4SPD16_eabi.lib</file>
         <name>errno.c.obj</name>
      </input_file>
      <input_file id="fl-f6">
         <path>D:\CCS\CCS10.4\ccs\tools\compiler\ti-cgt-arm_20.2.5.LTS\lib\</path>
         <kind>archive</kind>
         <file>rtsv7M4_T_le_v4SPD16_eabi.lib</file>
         <name>boot_cortex_m.c.obj</name>
      </input_file>
      <input_file id="fl-f7">
         <path>D:\CCS\CCS10.4\ccs\tools\compiler\ti-cgt-arm_20.2.5.LTS\lib\</path>
         <kind>archive</kind>
         <file>rtsv7M4_T_le_v4SPD16_eabi.lib</file>
         <name>s_copysign.c.obj</name>
      </input_file>
      <input_file id="fl-f8">
         <path>D:\CCS\CCS10.4\ccs\tools\compiler\ti-cgt-arm_20.2.5.LTS\lib\</path>
         <kind>archive</kind>
         <file>rtsv7M4_T_le_v4SPD16_eabi.lib</file>
         <name>div0.asm.obj</name>
      </input_file>
      <input_file id="fl-f9">
         <path>D:\CCS\CCS10.4\ccs\tools\compiler\ti-cgt-arm_20.2.5.LTS\lib\</path>
         <kind>archive</kind>
         <file>rtsv7M4_T_le_v4SPD16_eabi.lib</file>
         <name>memcpy_t2.asm.obj</name>
      </input_file>
      <input_file id="fl-fa">
         <path>D:\CCS\CCS10.4\ccs\tools\compiler\ti-cgt-arm_20.2.5.LTS\lib\</path>
         <kind>archive</kind>
         <file>rtsv7M4_T_le_v4SPD16_eabi.lib</file>
         <name>autoinit.c.obj</name>
      </input_file>
      <input_file id="fl-fb">
         <path>D:\CCS\CCS10.4\ccs\tools\compiler\ti-cgt-arm_20.2.5.LTS\lib\</path>
         <kind>archive</kind>
         <file>rtsv7M4_T_le_v4SPD16_eabi.lib</file>
         <name>pre_init.c.obj</name>
      </input_file>
      <input_file id="fl-fc">
         <path>D:\CCS\CCS10.4\ccs\tools\compiler\ti-cgt-arm_20.2.5.LTS\lib\</path>
         <kind>archive</kind>
         <file>rtsv7M4_T_le_v4SPD16_eabi.lib</file>
         <name>cpy_tbl.c.obj</name>
      </input_file>
      <input_file id="fl-fd">
         <path>D:\CCS\CCS10.4\ccs\tools\compiler\ti-cgt-arm_20.2.5.LTS\lib\</path>
         <kind>archive</kind>
         <file>rtsv7M4_T_le_v4SPD16_eabi.lib</file>
         <name>exit.c.obj</name>
      </input_file>
      <input_file id="fl-fe">
         <path>D:\CCS\CCS10.4\ccs\tools\compiler\ti-cgt-arm_20.2.5.LTS\lib\</path>
         <kind>archive</kind>
         <file>rtsv7M4_T_le_v4SPD16_eabi.lib</file>
         <name>args_main.c.obj</name>
      </input_file>
   </input_file_list>
   <object_component_list>
      <object_component id="oc-2d5">
         <name>.text:__TI_printfi</name>
         <load_address>0x200</load_address>
         <run_address>0x200</run_address>
         <size>0xa4e</size>
         <input_file_ref idref="fl-dc"/>
      </object_component>
      <object_component id="oc-215">
         <name>.text:Board_initHook</name>
         <load_address>0xc4e</load_address>
         <run_address>0xc4e</run_address>
         <size>0x2</size>
         <input_file_ref idref="fl-4"/>
      </object_component>
      <object_component id="oc-439">
         <name>.text:UARTMSP432E4_open</name>
         <load_address>0xc50</load_address>
         <run_address>0xc50</run_address>
         <size>0x2f0</size>
         <input_file_ref idref="fl-15"/>
      </object_component>
      <object_component id="oc-5e">
         <name>.text:SysCtlClockFreqSet</name>
         <load_address>0xf40</load_address>
         <run_address>0xf40</run_address>
         <size>0x2e0</size>
         <input_file_ref idref="fl-23"/>
      </object_component>
      <object_component id="oc-3a0">
         <name>.text:_pconv_a</name>
         <load_address>0x1220</load_address>
         <run_address>0x1220</run_address>
         <size>0x270</size>
         <input_file_ref idref="fl-dc"/>
      </object_component>
      <object_component id="oc-758">
         <name>.text:GPIOPadConfigSet</name>
         <load_address>0x1490</load_address>
         <run_address>0x1490</run_address>
         <size>0x23a</size>
         <input_file_ref idref="fl-20"/>
      </object_component>
      <object_component id="oc-4f5">
         <name>.text:PWMMSP432E4_init</name>
         <load_address>0x16ca</load_address>
         <run_address>0x16ca</run_address>
         <size>0x2</size>
         <input_file_ref idref="fl-13"/>
      </object_component>
      <object_component id="oc-38e">
         <name>.text:_pconv_g</name>
         <load_address>0x16cc</load_address>
         <run_address>0x16cc</run_address>
         <size>0x1d0</size>
         <input_file_ref idref="fl-dc"/>
      </object_component>
      <object_component id="oc-493">
         <name>.text</name>
         <load_address>0x189c</load_address>
         <run_address>0x189c</run_address>
         <size>0x1b6</size>
         <input_file_ref idref="fl-e0"/>
      </object_component>
      <object_component id="oc-407">
         <name>.text:SemaphoreP_destruct</name>
         <load_address>0x1a52</load_address>
         <run_address>0x1a52</run_address>
         <size>0x2</size>
         <input_file_ref idref="fl-1a"/>
      </object_component>
      <object_component id="oc-50d">
         <name>.text:PWMMSP432E4_setDutyAndPeriod</name>
         <load_address>0x1a54</load_address>
         <run_address>0x1a54</run_address>
         <size>0x160</size>
         <input_file_ref idref="fl-13"/>
      </object_component>
      <object_component id="oc-69a">
         <name>.text:initHw</name>
         <load_address>0x1bb4</load_address>
         <run_address>0x1bb4</run_address>
         <size>0x150</size>
         <input_file_ref idref="fl-13"/>
      </object_component>
      <object_component id="oc-39a">
         <name>.text:_pconv_e</name>
         <load_address>0x1d04</load_address>
         <run_address>0x1d04</run_address>
         <size>0x13c</size>
         <input_file_ref idref="fl-dc"/>
      </object_component>
      <object_component id="oc-479">
         <name>.text</name>
         <load_address>0x1e40</load_address>
         <run_address>0x1e40</run_address>
         <size>0x136</size>
         <input_file_ref idref="fl-e2"/>
      </object_component>
      <object_component id="oc-433">
         <name>.text:UARTMSP432E4_init</name>
         <load_address>0x1f76</load_address>
         <run_address>0x1f76</run_address>
         <size>0x2</size>
         <input_file_ref idref="fl-15"/>
      </object_component>
      <object_component id="oc-4a5">
         <name>.text:fcvt</name>
         <load_address>0x1f78</load_address>
         <run_address>0x1f78</run_address>
         <size>0x124</size>
         <input_file_ref idref="fl-dc"/>
      </object_component>
      <object_component id="oc-4b9">
         <name>.text:scalbn</name>
         <load_address>0x209c</load_address>
         <run_address>0x209c</run_address>
         <size>0x110</size>
         <input_file_ref idref="fl-de"/>
      </object_component>
      <object_component id="oc-870">
         <name>.text:aligned_alloc</name>
         <load_address>0x21ac</load_address>
         <run_address>0x21ac</run_address>
         <size>0x100</size>
         <input_file_ref idref="fl-f2"/>
      </object_component>
      <object_component id="oc-474">
         <name>.text</name>
         <load_address>0x22ac</load_address>
         <run_address>0x22ac</run_address>
         <size>0xfc</size>
         <input_file_ref idref="fl-e3"/>
      </object_component>
      <object_component id="oc-723">
         <name>.text:free</name>
         <load_address>0x23a8</load_address>
         <run_address>0x23a8</run_address>
         <size>0xe4</size>
         <input_file_ref idref="fl-f2"/>
      </object_component>
      <object_component id="oc-191">
         <name>.text:mainThread</name>
         <load_address>0x248c</load_address>
         <run_address>0x248c</run_address>
         <size>0xe4</size>
         <input_file_ref idref="fl-3"/>
      </object_component>
      <object_component id="oc-427">
         <name>.text:UARTMSP432E4_close</name>
         <load_address>0x2570</load_address>
         <run_address>0x2570</run_address>
         <size>0xbe</size>
         <input_file_ref idref="fl-15"/>
      </object_component>
      <object_component id="oc-799">
         <name>.text:readTaskCallback</name>
         <load_address>0x262e</load_address>
         <run_address>0x262e</run_address>
         <size>0xb6</size>
         <input_file_ref idref="fl-15"/>
      </object_component>
      <object_component id="oc-383">
         <name>.text:_ltostr</name>
         <load_address>0x26e4</load_address>
         <run_address>0x26e4</run_address>
         <size>0xb1</size>
         <input_file_ref idref="fl-dc"/>
      </object_component>
      <object_component id="oc-787">
         <name>.text:readTaskBlocking</name>
         <load_address>0x2796</load_address>
         <run_address>0x2796</run_address>
         <size>0xb0</size>
         <input_file_ref idref="fl-15"/>
      </object_component>
      <object_component id="oc-8ca">
         <name>.text:_IntDefaultHandler</name>
         <load_address>0x2846</load_address>
         <run_address>0x2846</run_address>
         <size>0x2</size>
         <input_file_ref idref="fl-21"/>
      </object_component>
      <object_component id="oc-501">
         <name>.text:PWMMSP432E4_setDuty</name>
         <load_address>0x2848</load_address>
         <run_address>0x2848</run_address>
         <size>0xa0</size>
         <input_file_ref idref="fl-13"/>
      </object_component>
      <object_component id="oc-401">
         <name>.text:SemaphoreP_pend</name>
         <load_address>0x28e8</load_address>
         <run_address>0x28e8</run_address>
         <size>0xa0</size>
         <input_file_ref idref="fl-1a"/>
      </object_component>
      <object_component id="oc-445">
         <name>.text:UARTMSP432E4_readPolling</name>
         <load_address>0x2988</load_address>
         <run_address>0x2988</run_address>
         <size>0x9e</size>
         <input_file_ref idref="fl-15"/>
      </object_component>
      <object_component id="oc-3a">
         <name>.text</name>
         <load_address>0x2a26</load_address>
         <run_address>0x2a26</run_address>
         <size>0x9c</size>
         <input_file_ref idref="fl-f9"/>
      </object_component>
      <object_component id="oc-507">
         <name>.text:PWMMSP432E4_setPeriod</name>
         <load_address>0x2ac2</load_address>
         <run_address>0x2ac2</run_address>
         <size>0x9a</size>
         <input_file_ref idref="fl-13"/>
      </object_component>
      <object_component id="oc-451">
         <name>.text:UARTMSP432E4_write</name>
         <load_address>0x2b5c</load_address>
         <run_address>0x2b5c</run_address>
         <size>0x98</size>
         <input_file_ref idref="fl-15"/>
      </object_component>
      <object_component id="oc-258">
         <name>.text</name>
         <load_address>0x2bf4</load_address>
         <run_address>0x2bf4</run_address>
         <size>0x96</size>
         <input_file_ref idref="fl-e7"/>
      </object_component>
      <object_component id="oc-337">
         <name>.text:_nop</name>
         <load_address>0x2c8a</load_address>
         <run_address>0x2c8a</run_address>
         <size>0x2</size>
         <input_file_ref idref="fl-ec"/>
      </object_component>
      <object_component id="oc-4fb">
         <name>.text:PWMMSP432E4_open</name>
         <load_address>0x2c8c</load_address>
         <run_address>0x2c8c</run_address>
         <size>0x94</size>
         <input_file_ref idref="fl-13"/>
      </object_component>
      <object_component id="oc-78d">
         <name>.text:readIsrTextBlocking</name>
         <load_address>0x2d20</load_address>
         <run_address>0x2d20</run_address>
         <size>0x94</size>
         <input_file_ref idref="fl-15"/>
      </object_component>
      <object_component id="oc-4e9">
         <name>.text:PWMMSP432E4_close</name>
         <load_address>0x2db4</load_address>
         <run_address>0x2db4</run_address>
         <size>0x92</size>
         <input_file_ref idref="fl-13"/>
      </object_component>
      <object_component id="oc-42d">
         <name>.text:UARTMSP432E4_control</name>
         <load_address>0x2e46</load_address>
         <run_address>0x2e46</run_address>
         <size>0x90</size>
         <input_file_ref idref="fl-15"/>
      </object_component>
      <object_component id="oc-78">
         <name>.text:busFaultHandler</name>
         <load_address>0x2ed6</load_address>
         <run_address>0x2ed6</run_address>
         <size>0x2</size>
         <input_file_ref idref="fl-1e"/>
      </object_component>
      <object_component id="oc-bb">
         <name>.text:_SysCtlFrequencyGet</name>
         <load_address>0x2ed8</load_address>
         <run_address>0x2ed8</run_address>
         <size>0x90</size>
         <input_file_ref idref="fl-23"/>
      </object_component>
      <object_component id="oc-79f">
         <name>.text:readIsrTextCallback</name>
         <load_address>0x2f68</load_address>
         <run_address>0x2f68</run_address>
         <size>0x88</size>
         <input_file_ref idref="fl-15"/>
      </object_component>
      <object_component id="oc-389">
         <name>.text:__aeabi_cdcmple</name>
         <load_address>0x2ff0</load_address>
         <run_address>0x2ff0</run_address>
         <size>0x86</size>
         <input_file_ref idref="fl-e1"/>
      </object_component>
      <object_component id="oc-47e">
         <name>.text:__aeabi_cdrcmple</name>
         <load_address>0x3076</load_address>
         <run_address>0x3076</run_address>
         <size>0x86</size>
         <input_file_ref idref="fl-e1"/>
      </object_component>
      <object_component id="oc-849">
         <name>.text:IntDisable</name>
         <load_address>0x30fc</load_address>
         <run_address>0x30fc</run_address>
         <size>0x80</size>
         <input_file_ref idref="fl-21"/>
      </object_component>
      <object_component id="oc-883">
         <name>.text:IntEnable</name>
         <load_address>0x317c</load_address>
         <run_address>0x317c</run_address>
         <size>0x80</size>
         <input_file_ref idref="fl-21"/>
      </object_component>
      <object_component id="oc-648">
         <name>.text:writeData</name>
         <load_address>0x31fc</load_address>
         <run_address>0x31fc</run_address>
         <size>0x7c</size>
         <input_file_ref idref="fl-15"/>
      </object_component>
      <object_component id="oc-a2">
         <name>.text</name>
         <load_address>0x3278</load_address>
         <run_address>0x3278</run_address>
         <size>0x7a</size>
         <input_file_ref idref="fl-e8"/>
      </object_component>
      <object_component id="oc-5f8">
         <name>.text:UARTConfigSetExpClk</name>
         <load_address>0x32f2</load_address>
         <run_address>0x32f2</run_address>
         <size>0x76</size>
         <input_file_ref idref="fl-24"/>
      </object_component>
      <object_component id="oc-766">
         <name>.text:HwiP_construct</name>
         <load_address>0x3368</load_address>
         <run_address>0x3368</run_address>
         <size>0x70</size>
         <input_file_ref idref="fl-1c"/>
      </object_component>
      <object_component id="oc-8dd">
         <name>.text:split</name>
         <load_address>0x33d8</load_address>
         <run_address>0x33d8</run_address>
         <size>0x70</size>
         <input_file_ref idref="fl-f2"/>
      </object_component>
      <object_component id="oc-49e">
         <name>.text:_mcpy</name>
         <load_address>0x3448</load_address>
         <run_address>0x3448</run_address>
         <size>0x6e</size>
         <input_file_ref idref="fl-dc"/>
      </object_component>
      <object_component id="oc-551">
         <name>.text:clkFxn</name>
         <load_address>0x34b6</load_address>
         <run_address>0x34b6</run_address>
         <size>0x2</size>
         <input_file_ref idref="fl-1a"/>
      </object_component>
      <object_component id="oc-56b">
         <name>.text:Power_releaseDependency</name>
         <load_address>0x34b8</load_address>
         <run_address>0x34b8</run_address>
         <size>0x6c</size>
         <input_file_ref idref="fl-11"/>
      </object_component>
      <object_component id="oc-5aa">
         <name>.text:Power_setDependency</name>
         <load_address>0x3524</load_address>
         <run_address>0x3524</run_address>
         <size>0x68</size>
         <input_file_ref idref="fl-11"/>
      </object_component>
      <object_component id="oc-13">
         <name>.text:decompress:lzss:__TI_decompress_lzss</name>
         <load_address>0x358c</load_address>
         <run_address>0x358c</run_address>
         <size>0x68</size>
         <input_file_ref idref="fl-eb"/>
      </object_component>
      <object_component id="oc-235">
         <name>.text:printf</name>
         <load_address>0x35f4</load_address>
         <run_address>0x35f4</run_address>
         <size>0x68</size>
         <input_file_ref idref="fl-db"/>
      </object_component>
      <object_component id="oc-781">
         <name>.text:readIsrBinaryBlocking</name>
         <load_address>0x365c</load_address>
         <run_address>0x365c</run_address>
         <size>0x68</size>
         <input_file_ref idref="fl-15"/>
      </object_component>
      <object_component id="oc-20f">
         <name>.text:Power_init</name>
         <load_address>0x36c4</load_address>
         <run_address>0x36c4</run_address>
         <size>0x64</size>
         <input_file_ref idref="fl-11"/>
      </object_component>
      <object_component id="oc-4b3">
         <name>.text:frexp</name>
         <load_address>0x3728</load_address>
         <run_address>0x3728</run_address>
         <size>0x64</size>
         <input_file_ref idref="fl-dd"/>
      </object_component>
      <object_component id="oc-793">
         <name>.text:readIsrBinaryCallback</name>
         <load_address>0x378c</load_address>
         <run_address>0x378c</run_address>
         <size>0x64</size>
         <input_file_ref idref="fl-15"/>
      </object_component>
      <object_component id="oc-31c">
         <name>.text:getTimeUsec</name>
         <load_address>0x37f0</load_address>
         <run_address>0x37f0</run_address>
         <size>0x60</size>
         <input_file_ref idref="fl-1b"/>
      </object_component>
      <object_component id="oc-752">
         <name>.text:GPIODirModeSet</name>
         <load_address>0x3850</load_address>
         <run_address>0x3850</run_address>
         <size>0x5c</size>
         <input_file_ref idref="fl-20"/>
      </object_component>
      <object_component id="oc-877">
         <name>.text:IntRegister</name>
         <load_address>0x38ac</load_address>
         <run_address>0x38ac</run_address>
         <size>0x5c</size>
         <input_file_ref idref="fl-21"/>
      </object_component>
      <object_component id="oc-565">
         <name>.text:getPowerResourceId</name>
         <load_address>0x3908</load_address>
         <run_address>0x3908</run_address>
         <size>0x5c</size>
         <input_file_ref idref="fl-15"/>
      </object_component>
      <object_component id="oc-3eb">
         <name>.text:sysTickInit</name>
         <load_address>0x3964</load_address>
         <run_address>0x3964</run_address>
         <size>0x58</size>
         <input_file_ref idref="fl-1b"/>
      </object_component>
      <object_component id="oc-519">
         <name>.text:PWMMSP432E4_stop</name>
         <load_address>0x39bc</load_address>
         <run_address>0x39bc</run_address>
         <size>0x56</size>
         <input_file_ref idref="fl-13"/>
      </object_component>
      <object_component id="oc-394">
         <name>.text:_pconv_f</name>
         <load_address>0x3a12</load_address>
         <run_address>0x3a12</run_address>
         <size>0x56</size>
         <input_file_ref idref="fl-dc"/>
      </object_component>
      <object_component id="oc-87d">
         <name>.text:IntPrioritySet</name>
         <load_address>0x3a68</load_address>
         <run_address>0x3a68</run_address>
         <size>0x54</size>
         <input_file_ref idref="fl-21"/>
      </object_component>
      <object_component id="oc-488">
         <name>.text:__TI_ltoa</name>
         <load_address>0x3abc</load_address>
         <run_address>0x3abc</run_address>
         <size>0x54</size>
         <input_file_ref idref="fl-ed"/>
      </object_component>
      <object_component id="oc-498">
         <name>.text:_ecpy</name>
         <load_address>0x3b10</load_address>
         <run_address>0x3b10</run_address>
         <size>0x52</size>
         <input_file_ref idref="fl-dc"/>
      </object_component>
      <object_component id="oc-72">
         <name>.text:defaultHandler</name>
         <load_address>0x3b62</load_address>
         <run_address>0x3b62</run_address>
         <size>0x2</size>
         <input_file_ref idref="fl-1e"/>
      </object_component>
      <object_component id="oc-7e">
         <name>.text:ClockP_sysTickHandler</name>
         <load_address>0x3b64</load_address>
         <run_address>0x3b64</run_address>
         <size>0x50</size>
         <input_file_ref idref="fl-1b"/>
      </object_component>
      <object_component id="oc-3fb">
         <name>.text:SemaphoreP_construct</name>
         <load_address>0x3bb4</load_address>
         <run_address>0x3bb4</run_address>
         <size>0x50</size>
         <input_file_ref idref="fl-1a"/>
      </object_component>
      <object_component id="oc-601">
         <name>.text:UARTMSP432E4_hwiIntFxn</name>
         <load_address>0x3c04</load_address>
         <run_address>0x3c04</run_address>
         <size>0x50</size>
         <input_file_ref idref="fl-15"/>
      </object_component>
      <object_component id="oc-3c8">
         <name>.text:fputs</name>
         <load_address>0x3c54</load_address>
         <run_address>0x3c54</run_address>
         <size>0x50</size>
         <input_file_ref idref="fl-5"/>
      </object_component>
      <object_component id="oc-457">
         <name>.text:UARTMSP432E4_writePolling</name>
         <load_address>0x3ca4</load_address>
         <run_address>0x3ca4</run_address>
         <size>0x4c</size>
         <input_file_ref idref="fl-15"/>
      </object_component>
      <object_component id="oc-37d">
         <name>.text:atoi</name>
         <load_address>0x3cf0</load_address>
         <run_address>0x3cf0</run_address>
         <size>0x4c</size>
         <input_file_ref idref="fl-ee"/>
      </object_component>
      <object_component id="oc-6a4">
         <name>.text:getDutyTicks</name>
         <load_address>0x3d3c</load_address>
         <run_address>0x3d3c</run_address>
         <size>0x4c</size>
         <input_file_ref idref="fl-13"/>
      </object_component>
      <object_component id="oc-6b7">
         <name>.text:getPeriodTicks</name>
         <load_address>0x3d88</load_address>
         <run_address>0x3d88</run_address>
         <size>0x4c</size>
         <input_file_ref idref="fl-13"/>
      </object_component>
      <object_component id="oc-628">
         <name>.text:ringBufGet</name>
         <load_address>0x3dd4</load_address>
         <run_address>0x3dd4</run_address>
         <size>0x4c</size>
         <input_file_ref idref="fl-15"/>
      </object_component>
      <object_component id="oc-7ff">
         <name>.text:PWMGenConfigure</name>
         <load_address>0x3e20</load_address>
         <run_address>0x3e20</run_address>
         <size>0x4a</size>
         <input_file_ref idref="fl-22"/>
      </object_component>
      <object_component id="oc-6b0">
         <name>.text:PWMPulseWidthSet</name>
         <load_address>0x3e6a</load_address>
         <run_address>0x3e6a</run_address>
         <size>0x4a</size>
         <input_file_ref idref="fl-22"/>
      </object_component>
      <object_component id="oc-263">
         <name>.text:ClockP_usleep</name>
         <load_address>0x3eb4</load_address>
         <run_address>0x3eb4</run_address>
         <size>0x48</size>
         <input_file_ref idref="fl-1b"/>
      </object_component>
      <object_component id="oc-45d">
         <name>.text:UARTMSP432E4_writeCancel</name>
         <load_address>0x3efc</load_address>
         <run_address>0x3efc</run_address>
         <size>0x48</size>
         <input_file_ref idref="fl-15"/>
      </object_component>
      <object_component id="oc-18b">
         <name>.text:mainLib</name>
         <load_address>0x3f44</load_address>
         <run_address>0x3f44</run_address>
         <size>0x48</size>
         <input_file_ref idref="fl-5"/>
      </object_component>
      <object_component id="oc-483">
         <name>.text</name>
         <load_address>0x3f8c</load_address>
         <run_address>0x3f8c</run_address>
         <size>0x48</size>
         <input_file_ref idref="fl-e4"/>
      </object_component>
      <object_component id="oc-7d5">
         <name>.text:RingBuf_put</name>
         <load_address>0x3fd4</load_address>
         <run_address>0x3fd4</run_address>
         <size>0x46</size>
         <input_file_ref idref="fl-16"/>
      </object_component>
      <object_component id="oc-6c">
         <name>.text:faultISR</name>
         <load_address>0x401a</load_address>
         <run_address>0x401a</run_address>
         <size>0x2</size>
         <input_file_ref idref="fl-1e"/>
      </object_component>
      <object_component id="oc-6f5">
         <name>.text:ClockP_stop</name>
         <load_address>0x401c</load_address>
         <run_address>0x401c</run_address>
         <size>0x44</size>
         <input_file_ref idref="fl-1b"/>
      </object_component>
      <object_component id="oc-5b0">
         <name>.text:GPIOPinConfigure</name>
         <load_address>0x4060</load_address>
         <run_address>0x4060</run_address>
         <size>0x44</size>
         <input_file_ref idref="fl-20"/>
      </object_component>
      <object_component id="oc-240">
         <name>.text:PWM_init</name>
         <load_address>0x40a4</load_address>
         <run_address>0x40a4</run_address>
         <size>0x44</size>
         <input_file_ref idref="fl-12"/>
      </object_component>
      <object_component id="oc-7b4">
         <name>.text:SemaphoreP_post</name>
         <load_address>0x40e8</load_address>
         <run_address>0x40e8</run_address>
         <size>0x44</size>
         <input_file_ref idref="fl-1a"/>
      </object_component>
      <object_component id="oc-703">
         <name>.text:SysCtlPeripheralPresent</name>
         <load_address>0x412c</load_address>
         <run_address>0x412c</run_address>
         <size>0x44</size>
         <input_file_ref idref="fl-23"/>
      </object_component>
      <object_component id="oc-743">
         <name>.text:SysCtlPeripheralReady</name>
         <load_address>0x4170</load_address>
         <run_address>0x4170</run_address>
         <size>0x44</size>
         <input_file_ref idref="fl-23"/>
      </object_component>
      <object_component id="oc-223">
         <name>.text:UART_init</name>
         <load_address>0x41b4</load_address>
         <run_address>0x41b4</run_address>
         <size>0x44</size>
         <input_file_ref idref="fl-14"/>
      </object_component>
      <object_component id="oc-b5">
         <name>.text:_SysCtlMemTimingGet</name>
         <load_address>0x41f8</load_address>
         <run_address>0x41f8</run_address>
         <size>0x44</size>
         <input_file_ref idref="fl-23"/>
      </object_component>
      <object_component id="oc-1a4">
         <name>.text:__TI_auto_init_nobinit_nopinit:__TI_auto_init_nobinit_nopinit</name>
         <load_address>0x423c</load_address>
         <run_address>0x423c</run_address>
         <size>0x44</size>
         <input_file_ref idref="fl-fa"/>
      </object_component>
      <object_component id="oc-513">
         <name>.text:PWMMSP432E4_start</name>
         <load_address>0x4280</load_address>
         <run_address>0x4280</run_address>
         <size>0x42</size>
         <input_file_ref idref="fl-13"/>
      </object_component>
      <object_component id="oc-775">
         <name>.text:ClockP_construct</name>
         <load_address>0x42c2</load_address>
         <run_address>0x42c2</run_address>
         <size>0x40</size>
         <input_file_ref idref="fl-1b"/>
      </object_component>
      <object_component id="oc-66">
         <name>.text:nmiISR</name>
         <load_address>0x4302</load_address>
         <run_address>0x4302</run_address>
         <size>0x2</size>
         <input_file_ref idref="fl-1e"/>
      </object_component>
      <object_component id="oc-24c">
         <name>.text:PWM_open</name>
         <load_address>0x4304</load_address>
         <run_address>0x4304</run_address>
         <size>0x40</size>
         <input_file_ref idref="fl-12"/>
      </object_component>
      <object_component id="oc-7c9">
         <name>.text:RingBuf_get</name>
         <load_address>0x4344</load_address>
         <run_address>0x4344</run_address>
         <size>0x40</size>
         <input_file_ref idref="fl-16"/>
      </object_component>
      <object_component id="oc-709">
         <name>.text:SysCtlPeripheralDisable</name>
         <load_address>0x4384</load_address>
         <run_address>0x4384</run_address>
         <size>0x40</size>
         <input_file_ref idref="fl-23"/>
      </object_component>
      <object_component id="oc-737">
         <name>.text:SysCtlPeripheralEnable</name>
         <load_address>0x43c4</load_address>
         <run_address>0x43c4</run_address>
         <size>0x40</size>
         <input_file_ref idref="fl-23"/>
      </object_component>
      <object_component id="oc-29e">
         <name>.text:SysCtlPeripheralPowerOff</name>
         <load_address>0x4404</load_address>
         <run_address>0x4404</run_address>
         <size>0x40</size>
         <input_file_ref idref="fl-23"/>
      </object_component>
      <object_component id="oc-731">
         <name>.text:SysCtlPeripheralPowerOn</name>
         <load_address>0x4444</load_address>
         <run_address>0x4444</run_address>
         <size>0x40</size>
         <input_file_ref idref="fl-23"/>
      </object_component>
      <object_component id="oc-70f">
         <name>.text:SysCtlPeripheralSleepDisable</name>
         <load_address>0x4484</load_address>
         <run_address>0x4484</run_address>
         <size>0x40</size>
         <input_file_ref idref="fl-23"/>
      </object_component>
      <object_component id="oc-73d">
         <name>.text:SysCtlPeripheralSleepEnable</name>
         <load_address>0x44c4</load_address>
         <run_address>0x44c4</run_address>
         <size>0x40</size>
         <input_file_ref idref="fl-23"/>
      </object_component>
      <object_component id="oc-43f">
         <name>.text:UARTMSP432E4_read</name>
         <load_address>0x4504</load_address>
         <run_address>0x4504</run_address>
         <size>0x40</size>
         <input_file_ref idref="fl-15"/>
      </object_component>
      <object_component id="oc-22f">
         <name>.text:UART_open</name>
         <load_address>0x4544</load_address>
         <run_address>0x4544</run_address>
         <size>0x40</size>
         <input_file_ref idref="fl-14"/>
      </object_component>
      <object_component id="oc-4ab">
         <name>.text:_fcpy</name>
         <load_address>0x4584</load_address>
         <run_address>0x4584</run_address>
         <size>0x3e</size>
         <input_file_ref idref="fl-dc"/>
      </object_component>
      <object_component id="oc-30f">
         <name>.text</name>
         <load_address>0x45c2</load_address>
         <run_address>0x45c2</run_address>
         <size>0x2</size>
         <input_file_ref idref="fl-f8"/>
      </object_component>
      <object_component id="oc-54b">
         <name>.text:ClockP_destruct</name>
         <load_address>0x45c4</load_address>
         <run_address>0x45c4</run_address>
         <size>0x3c</size>
         <input_file_ref idref="fl-1b"/>
      </object_component>
      <object_component id="oc-ec">
         <name>.text:addToList</name>
         <load_address>0x4600</load_address>
         <run_address>0x4600</run_address>
         <size>0x38</size>
         <input_file_ref idref="fl-1b"/>
      </object_component>
      <object_component id="oc-44b">
         <name>.text:UARTMSP432E4_readCancel</name>
         <load_address>0x4638</load_address>
         <run_address>0x4638</run_address>
         <size>0x36</size>
         <input_file_ref idref="fl-15"/>
      </object_component>
      <object_component id="oc-316">
         <name>.text:ClockP_startup</name>
         <load_address>0x4670</load_address>
         <run_address>0x4670</run_address>
         <size>0x34</size>
         <input_file_ref idref="fl-1b"/>
      </object_component>
      <object_component id="oc-d6">
         <name>.text:_c_int00_noargs:_c_int00_noargs</name>
         <load_address>0x46a4</load_address>
         <run_address>0x46a4</run_address>
         <size>0x34</size>
         <input_file_ref idref="fl-f6"/>
      </object_component>
      <object_component id="oc-805">
         <name>.text:PWMOutputInvert</name>
         <load_address>0x46d8</load_address>
         <run_address>0x46d8</run_address>
         <size>0x32</size>
         <input_file_ref idref="fl-22"/>
      </object_component>
      <object_component id="oc-6ca">
         <name>.text:PWMOutputState</name>
         <load_address>0x470a</load_address>
         <run_address>0x470a</run_address>
         <size>0x32</size>
         <input_file_ref idref="fl-22"/>
      </object_component>
      <object_component id="oc-17f">
         <name>.text:Board_init</name>
         <load_address>0x473c</load_address>
         <run_address>0x473c</run_address>
         <size>0x30</size>
         <input_file_ref idref="fl-4"/>
      </object_component>
      <object_component id="oc-539">
         <name>.text:ClockP_start</name>
         <load_address>0x476c</load_address>
         <run_address>0x476c</run_address>
         <size>0x30</size>
         <input_file_ref idref="fl-1b"/>
      </object_component>
      <object_component id="oc-571">
         <name>.text:GPIOMSP432E4_undoPinConfig</name>
         <load_address>0x479c</load_address>
         <run_address>0x479c</run_address>
         <size>0x30</size>
         <input_file_ref idref="fl-17"/>
      </object_component>
      <object_component id="oc-6c3">
         <name>.text:PWMGenPeriodSet</name>
         <load_address>0x47cc</load_address>
         <run_address>0x47cc</run_address>
         <size>0x30</size>
         <input_file_ref idref="fl-22"/>
      </object_component>
      <object_component id="oc-55f">
         <name>.text:UARTDisable</name>
         <load_address>0x47fc</load_address>
         <run_address>0x47fc</run_address>
         <size>0x30</size>
         <input_file_ref idref="fl-24"/>
      </object_component>
      <object_component id="oc-48e">
         <name>.text</name>
         <load_address>0x482c</load_address>
         <run_address>0x482c</run_address>
         <size>0x2e</size>
         <input_file_ref idref="fl-e5"/>
      </object_component>
      <object_component id="oc-2a4">
         <name>.text:SysCtlPeripheralClockGating</name>
         <load_address>0x485c</load_address>
         <run_address>0x485c</run_address>
         <size>0x2c</size>
         <input_file_ref idref="fl-23"/>
      </object_component>
      <object_component id="oc-5c8">
         <name>.text:HwiP_create</name>
         <load_address>0x4888</load_address>
         <run_address>0x4888</run_address>
         <size>0x2a</size>
         <input_file_ref idref="fl-1c"/>
      </object_component>
      <object_component id="oc-85c">
         <name>.text:free_list_insert</name>
         <load_address>0x48b4</load_address>
         <run_address>0x48b4</run_address>
         <size>0x28</size>
         <input_file_ref idref="fl-f2"/>
      </object_component>
      <object_component id="oc-6d8">
         <name>.text:GPIOPinTypeGPIOOutput</name>
         <load_address>0x48dc</load_address>
         <run_address>0x48dc</run_address>
         <size>0x24</size>
         <input_file_ref idref="fl-20"/>
      </object_component>
      <object_component id="oc-6d1">
         <name>.text:GPIOPinTypePWM</name>
         <load_address>0x4900</load_address>
         <run_address>0x4900</run_address>
         <size>0x24</size>
         <input_file_ref idref="fl-20"/>
      </object_component>
      <object_component id="oc-5bc">
         <name>.text:GPIOPinTypeUART</name>
         <load_address>0x4924</load_address>
         <run_address>0x4924</run_address>
         <size>0x24</size>
         <input_file_ref idref="fl-20"/>
      </object_component>
      <object_component id="oc-889">
         <name>.text:HwiP_dispatch</name>
         <load_address>0x4948</load_address>
         <run_address>0x4948</run_address>
         <size>0x24</size>
         <input_file_ref idref="fl-1c"/>
      </object_component>
      <object_component id="oc-7f9">
         <name>.text:PWMClockSet</name>
         <load_address>0x496c</load_address>
         <run_address>0x496c</run_address>
         <size>0x24</size>
         <input_file_ref idref="fl-22"/>
      </object_component>
      <object_component id="oc-7e0">
         <name>.text:UARTCharPutNonBlocking</name>
         <load_address>0x4990</load_address>
         <run_address>0x4990</run_address>
         <size>0x24</size>
         <input_file_ref idref="fl-24"/>
      </object_component>
      <object_component id="oc-5e6">
         <name>.text:UARTEnable</name>
         <load_address>0x49b4</load_address>
         <run_address>0x49b4</run_address>
         <size>0x24</size>
         <input_file_ref idref="fl-24"/>
      </object_component>
      <object_component id="oc-3cf">
         <name>.text:fputc</name>
         <load_address>0x49d8</load_address>
         <run_address>0x49d8</run_address>
         <size>0x24</size>
         <input_file_ref idref="fl-5"/>
      </object_component>
      <object_component id="oc-322">
         <name>.text:sleepTicks</name>
         <load_address>0x49fc</load_address>
         <run_address>0x49fc</run_address>
         <size>0x24</size>
         <input_file_ref idref="fl-1b"/>
      </object_component>
      <object_component id="oc-6de">
         <name>.text:GPIOPinWrite</name>
         <load_address>0x4a20</load_address>
         <run_address>0x4a20</run_address>
         <size>0x20</size>
         <input_file_ref idref="fl-20"/>
      </object_component>
      <object_component id="oc-590">
         <name>.text:RingBuf_peek</name>
         <load_address>0x4a40</load_address>
         <run_address>0x4a40</run_address>
         <size>0x20</size>
         <input_file_ref idref="fl-16"/>
      </object_component>
      <object_component id="oc-20">
         <name>.text:resetISR</name>
         <load_address>0x4a60</load_address>
         <run_address>0x4a60</run_address>
         <size>0x20</size>
         <input_file_ref idref="fl-1e"/>
      </object_component>
      <object_component id="oc-63c">
         <name>.text:UARTBusy</name>
         <load_address>0x4a80</load_address>
         <run_address>0x4a80</run_address>
         <size>0x1e</size>
         <input_file_ref idref="fl-24"/>
      </object_component>
      <object_component id="oc-634">
         <name>.text:UARTCharPut</name>
         <load_address>0x4a9e</load_address>
         <run_address>0x4a9e</run_address>
         <size>0x1e</size>
         <input_file_ref idref="fl-24"/>
      </object_component>
      <object_component id="oc-898">
         <name>.text:UARTCharsAvail</name>
         <load_address>0x4abc</load_address>
         <run_address>0x4abc</run_address>
         <size>0x1e</size>
         <input_file_ref idref="fl-24"/>
      </object_component>
      <object_component id="oc-642">
         <name>.text:UARTIntStatus</name>
         <load_address>0x4ada</load_address>
         <run_address>0x4ada</run_address>
         <size>0x1e</size>
         <input_file_ref idref="fl-24"/>
      </object_component>
      <object_component id="oc-6bd">
         <name>.text:checkValidPeriod</name>
         <load_address>0x4af8</load_address>
         <run_address>0x4af8</run_address>
         <size>0x1e</size>
         <input_file_ref idref="fl-13"/>
      </object_component>
      <object_component id="oc-84f">
         <name>.text:IntUnregister</name>
         <load_address>0x4b18</load_address>
         <run_address>0x4b18</run_address>
         <size>0x1c</size>
         <input_file_ref idref="fl-21"/>
      </object_component>
      <object_component id="oc-7cf">
         <name>.text:UARTCharGetNonBlocking</name>
         <load_address>0x4b34</load_address>
         <run_address>0x4b34</run_address>
         <size>0x1c</size>
         <input_file_ref idref="fl-24"/>
      </object_component>
      <object_component id="oc-5c2">
         <name>.text:UARTFlowControlSet</name>
         <load_address>0x4b50</load_address>
         <run_address>0x4b50</run_address>
         <size>0x1c</size>
         <input_file_ref idref="fl-24"/>
      </object_component>
      <object_component id="oc-64e">
         <name>.text:UARTTxIntModeSet</name>
         <load_address>0x4b6c</load_address>
         <run_address>0x4b6c</run_address>
         <size>0x1c</size>
         <input_file_ref idref="fl-24"/>
      </object_component>
      <object_component id="oc-46">
         <name>.text:decompress:ZI:__TI_zero_init_nomemset:__TI_zero_init_nomemset</name>
         <load_address>0x4b88</load_address>
         <run_address>0x4b88</run_address>
         <size>0x1c</size>
         <input_file_ref idref="fl-e9"/>
      </object_component>
      <object_component id="oc-856">
         <name>.text:free_list_remove</name>
         <load_address>0x4ba4</load_address>
         <run_address>0x4ba4</run_address>
         <size>0x1c</size>
         <input_file_ref idref="fl-f2"/>
      </object_component>
      <object_component id="oc-3a6">
         <name>.text:memccpy</name>
         <load_address>0x4bc0</load_address>
         <run_address>0x4bc0</run_address>
         <size>0x1c</size>
         <input_file_ref idref="fl-f1"/>
      </object_component>
      <object_component id="oc-5da">
         <name>.text:ClockP_create</name>
         <load_address>0x4bdc</load_address>
         <run_address>0x4bdc</run_address>
         <size>0x1a</size>
         <input_file_ref idref="fl-1b"/>
      </object_component>
      <object_component id="oc-691">
         <name>.text:PWMGenDisable</name>
         <load_address>0x4bf6</load_address>
         <run_address>0x4bf6</run_address>
         <size>0x1a</size>
         <input_file_ref idref="fl-22"/>
      </object_component>
      <object_component id="oc-80b">
         <name>.text:PWMGenEnable</name>
         <load_address>0x4c10</load_address>
         <run_address>0x4c10</run_address>
         <size>0x1a</size>
         <input_file_ref idref="fl-22"/>
      </object_component>
      <object_component id="oc-5ce">
         <name>.text:SemaphoreP_createBinary</name>
         <load_address>0x4c2a</load_address>
         <run_address>0x4c2a</run_address>
         <size>0x1a</size>
         <input_file_ref idref="fl-1a"/>
      </object_component>
      <object_component id="oc-675">
         <name>.text:copysign</name>
         <load_address>0x4c44</load_address>
         <run_address>0x4c44</run_address>
         <size>0x1a</size>
         <input_file_ref idref="fl-f7"/>
      </object_component>
      <object_component id="oc-58">
         <name>.text:FPUEnable</name>
         <load_address>0x4c60</load_address>
         <run_address>0x4c60</run_address>
         <size>0x18</size>
         <input_file_ref idref="fl-1f"/>
      </object_component>
      <object_component id="oc-81e">
         <name>.text:Power_idleFunc</name>
         <load_address>0x4c78</load_address>
         <run_address>0x4c78</run_address>
         <size>0x18</size>
         <input_file_ref idref="fl-11"/>
      </object_component>
      <object_component id="oc-5ec">
         <name>.text:UARTFIFOLevelSet</name>
         <load_address>0x4c90</load_address>
         <run_address>0x4c90</run_address>
         <size>0x18</size>
         <input_file_ref idref="fl-24"/>
      </object_component>
      <object_component id="oc-559">
         <name>.text:UARTIntDisable</name>
         <load_address>0x4ca8</load_address>
         <run_address>0x4ca8</run_address>
         <size>0x18</size>
         <input_file_ref idref="fl-24"/>
      </object_component>
      <object_component id="oc-596">
         <name>.text:UARTIntEnable</name>
         <load_address>0x4cc0</load_address>
         <run_address>0x4cc0</run_address>
         <size>0x18</size>
         <input_file_ref idref="fl-24"/>
      </object_component>
      <object_component id="oc-229">
         <name>.text:UART_Params_init</name>
         <load_address>0x4cd8</load_address>
         <run_address>0x4cd8</run_address>
         <size>0x18</size>
         <input_file_ref idref="fl-14"/>
      </object_component>
      <object_component id="oc-6aa">
         <name>.text:checkValidDuty</name>
         <load_address>0x4cf0</load_address>
         <run_address>0x4cf0</run_address>
         <size>0x18</size>
         <input_file_ref idref="fl-13"/>
      </object_component>
      <object_component id="oc-3f5">
         <name>.text</name>
         <load_address>0x4d08</load_address>
         <run_address>0x4d08</run_address>
         <size>0x18</size>
         <input_file_ref idref="fl-e6"/>
      </object_component>
      <object_component id="oc-76d">
         <name>.text:SemaphoreP_create</name>
         <load_address>0x4d20</load_address>
         <run_address>0x4d20</run_address>
         <size>0x16</size>
         <input_file_ref idref="fl-1a"/>
      </object_component>
      <object_component id="oc-62e">
         <name>.text:UARTCharGet</name>
         <load_address>0x4d36</load_address>
         <run_address>0x4d36</run_address>
         <size>0x16</size>
         <input_file_ref idref="fl-24"/>
      </object_component>
      <object_component id="oc-13f">
         <name>.text:main</name>
         <load_address>0x4d4c</load_address>
         <run_address>0x4d4c</run_address>
         <size>0x16</size>
         <input_file_ref idref="fl-2"/>
      </object_component>
      <object_component id="oc-4bf">
         <name>.text:strchr</name>
         <load_address>0x4d62</load_address>
         <run_address>0x4d62</run_address>
         <size>0x16</size>
         <input_file_ref idref="fl-f3"/>
      </object_component>
      <object_component id="oc-5b6">
         <name>.text:GPIOMSP432E4_getGpioBaseAddr</name>
         <load_address>0x4d78</load_address>
         <run_address>0x4d78</run_address>
         <size>0x14</size>
         <input_file_ref idref="fl-17"/>
      </object_component>
      <object_component id="oc-577">
         <name>.text:GPIOMSP432E4_getPowerResourceId</name>
         <load_address>0x4d8c</load_address>
         <run_address>0x4d8c</run_address>
         <size>0x14</size>
         <input_file_ref idref="fl-17"/>
      </object_component>
      <object_component id="oc-8ac">
         <name>.text:HwiP_inISR</name>
         <load_address>0x4da0</load_address>
         <run_address>0x4da0</run_address>
         <size>0x14</size>
         <input_file_ref idref="fl-1c"/>
      </object_component>
      <object_component id="oc-246">
         <name>.text:PWM_Params_init</name>
         <load_address>0x4db4</load_address>
         <run_address>0x4db4</run_address>
         <size>0x14</size>
         <input_file_ref idref="fl-12"/>
      </object_component>
      <object_component id="oc-8b2">
         <name>.text:Power_disablePolicy</name>
         <load_address>0x4dc8</load_address>
         <run_address>0x4dc8</run_address>
         <size>0x14</size>
         <input_file_ref idref="fl-11"/>
      </object_component>
      <object_component id="oc-377">
         <name>.text:strlen</name>
         <load_address>0x4ddc</load_address>
         <run_address>0x4ddc</run_address>
         <size>0x14</size>
         <input_file_ref idref="fl-f4"/>
      </object_component>
      <object_component id="oc-5a4">
         <name>.text:HwiP_Params_init</name>
         <load_address>0x4df0</load_address>
         <run_address>0x4df0</run_address>
         <size>0x12</size>
         <input_file_ref idref="fl-1c"/>
      </object_component>
      <object_component id="oc-71d">
         <name>.text:HwiP_destruct</name>
         <load_address>0x4e02</load_address>
         <run_address>0x4e02</run_address>
         <size>0x12</size>
         <input_file_ref idref="fl-1c"/>
      </object_component>
      <object_component id="oc-59e">
         <name>.text:RingBuf_construct</name>
         <load_address>0x4e14</load_address>
         <run_address>0x4e14</run_address>
         <size>0x12</size>
         <input_file_ref idref="fl-16"/>
      </object_component>
      <object_component id="oc-5e0">
         <name>.text:UARTIntClear</name>
         <load_address>0x4e26</load_address>
         <run_address>0x4e26</run_address>
         <size>0x12</size>
         <input_file_ref idref="fl-24"/>
      </object_component>
      <object_component id="oc-7a7">
         <name>.text:UARTRxErrorGet</name>
         <load_address>0x4e38</load_address>
         <run_address>0x4e38</run_address>
         <size>0x12</size>
         <input_file_ref idref="fl-24"/>
      </object_component>
      <object_component id="oc-3ac">
         <name>.text:wcslen</name>
         <load_address>0x4e4a</load_address>
         <run_address>0x4e4a</run_address>
         <size>0x12</size>
         <input_file_ref idref="fl-df"/>
      </object_component>
      <object_component id="oc-533">
         <name>.text:ClockP_add</name>
         <load_address>0x4e5c</load_address>
         <run_address>0x4e5c</run_address>
         <size>0x10</size>
         <input_file_ref idref="fl-1b"/>
      </object_component>
      <object_component id="oc-589">
         <name>.text:ClockP_delete</name>
         <load_address>0x4e6c</load_address>
         <run_address>0x4e6c</run_address>
         <size>0x10</size>
         <input_file_ref idref="fl-1b"/>
      </object_component>
      <object_component id="oc-5f2">
         <name>.text:ClockP_getCpuFreq</name>
         <load_address>0x4e7c</load_address>
         <run_address>0x4e7c</run_address>
         <size>0x10</size>
         <input_file_ref idref="fl-1b"/>
      </object_component>
      <object_component id="oc-57d">
         <name>.text:HwiP_delete</name>
         <load_address>0x4e8c</load_address>
         <run_address>0x4e8c</run_address>
         <size>0x10</size>
         <input_file_ref idref="fl-1c"/>
      </object_component>
      <object_component id="oc-52">
         <name>.text:IntMasterDisable</name>
         <load_address>0x4e9c</load_address>
         <run_address>0x4e9c</run_address>
         <size>0x10</size>
         <input_file_ref idref="fl-21"/>
      </object_component>
      <object_component id="oc-21c">
         <name>.text:IntMasterEnable</name>
         <load_address>0x4eac</load_address>
         <run_address>0x4eac</run_address>
         <size>0x10</size>
         <input_file_ref idref="fl-21"/>
      </object_component>
      <object_component id="oc-358">
         <name>.text:PowerMSP432E4_sleepPolicy</name>
         <load_address>0x4ebc</load_address>
         <run_address>0x4ebc</run_address>
         <size>0x10</size>
         <input_file_ref idref="fl-1d"/>
      </object_component>
      <object_component id="oc-53f">
         <name>.text:Power_enablePolicy</name>
         <load_address>0x4ecc</load_address>
         <run_address>0x4ecc</run_address>
         <size>0x10</size>
         <input_file_ref idref="fl-11"/>
      </object_component>
      <object_component id="oc-528">
         <name>.text:SemaphoreP_Params_init</name>
         <load_address>0x4edc</load_address>
         <run_address>0x4edc</run_address>
         <size>0x10</size>
         <input_file_ref idref="fl-1a"/>
      </object_component>
      <object_component id="oc-7ad">
         <name>.text:UARTRxErrorClear</name>
         <load_address>0x4eec</load_address>
         <run_address>0x4eec</run_address>
         <size>0x10</size>
         <input_file_ref idref="fl-24"/>
      </object_component>
      <object_component id="oc-613">
         <name>.text:readBlockingTimeout</name>
         <load_address>0x4efc</load_address>
         <run_address>0x4efc</run_address>
         <size>0x10</size>
         <input_file_ref idref="fl-15"/>
      </object_component>
      <object_component id="oc-7c3">
         <name>.text:RingBuf_isFull</name>
         <load_address>0x4f0c</load_address>
         <run_address>0x4f0c</run_address>
         <size>0xe</size>
         <input_file_ref idref="fl-16"/>
      </object_component>
      <object_component id="oc-19">
         <name>.text:decompress:none:__TI_decompress_none</name>
         <load_address>0x4f1a</load_address>
         <run_address>0x4f1a</run_address>
         <size>0xe</size>
         <input_file_ref idref="fl-ea"/>
      </object_component>
      <object_component id="oc-a8">
         <name>.text:CPUcpsid</name>
         <load_address>0x4f28</load_address>
         <run_address>0x4f28</run_address>
         <size>0xc</size>
         <input_file_ref idref="fl-25"/>
      </object_component>
      <object_component id="oc-2b2">
         <name>.text:CPUcpsie</name>
         <load_address>0x4f34</load_address>
         <run_address>0x4f34</run_address>
         <size>0xc</size>
         <input_file_ref idref="fl-25"/>
      </object_component>
      <object_component id="oc-5d4">
         <name>.text:ClockP_Params_init</name>
         <load_address>0x4f40</load_address>
         <run_address>0x4f40</run_address>
         <size>0xa</size>
         <input_file_ref idref="fl-1b"/>
      </object_component>
      <object_component id="oc-545">
         <name>.text:ClockP_isActive</name>
         <load_address>0x4f4a</load_address>
         <run_address>0x4f4a</run_address>
         <size>0xa</size>
         <input_file_ref idref="fl-1b"/>
      </object_component>
      <object_component id="oc-25d">
         <name>.text:PWM_setDuty</name>
         <load_address>0x4f54</load_address>
         <run_address>0x4f54</run_address>
         <size>0xa</size>
         <input_file_ref idref="fl-12"/>
      </object_component>
      <object_component id="oc-252">
         <name>.text:PWM_start</name>
         <load_address>0x4f5e</load_address>
         <run_address>0x4f5e</run_address>
         <size>0xa</size>
         <input_file_ref idref="fl-12"/>
      </object_component>
      <object_component id="oc-2bf">
         <name>.text:HwiP_restore</name>
         <load_address>0x4f68</load_address>
         <run_address>0x4f68</run_address>
         <size>0x8</size>
         <input_file_ref idref="fl-1c"/>
      </object_component>
      <object_component id="oc-3b2">
         <name>.text:__aeabi_errno_addr</name>
         <load_address>0x4f70</load_address>
         <run_address>0x4f70</run_address>
         <size>0x8</size>
         <input_file_ref idref="fl-f5"/>
      </object_component>
      <object_component id="oc-760">
         <name>.text:malloc</name>
         <load_address>0x4f78</load_address>
         <run_address>0x4f78</run_address>
         <size>0x8</size>
         <input_file_ref idref="fl-f2"/>
      </object_component>
      <object_component id="oc-60d">
         <name>.text:readSemCallback</name>
         <load_address>0x4f80</load_address>
         <run_address>0x4f80</run_address>
         <size>0x8</size>
         <input_file_ref idref="fl-15"/>
      </object_component>
      <object_component id="oc-607">
         <name>.text:writeSemCallback</name>
         <load_address>0x4f88</load_address>
         <run_address>0x4f88</run_address>
         <size>0x8</size>
         <input_file_ref idref="fl-15"/>
      </object_component>
      <object_component id="oc-4ef">
         <name>.text:PWMMSP432E4_control</name>
         <load_address>0x4f90</load_address>
         <run_address>0x4f90</run_address>
         <size>0x6</size>
         <input_file_ref idref="fl-13"/>
      </object_component>
      <object_component id="oc-89f">
         <name>.text:ClockP_setTimeout</name>
         <load_address>0x4f96</load_address>
         <run_address>0x4f96</run_address>
         <size>0x4</size>
         <input_file_ref idref="fl-1b"/>
      </object_component>
      <object_component id="oc-2b9">
         <name>.text:HwiP_disable</name>
         <load_address>0x4f9a</load_address>
         <run_address>0x4f9a</run_address>
         <size>0x4</size>
         <input_file_ref idref="fl-1c"/>
      </object_component>
      <object_component id="oc-185">
         <name>.text:HwiP_enable</name>
         <load_address>0x4f9e</load_address>
         <run_address>0x4f9e</run_address>
         <size>0x4</size>
         <input_file_ref idref="fl-1c"/>
      </object_component>
      <object_component id="oc-583">
         <name>.text:SemaphoreP_delete</name>
         <load_address>0x4fa2</load_address>
         <run_address>0x4fa2</run_address>
         <size>0x4</size>
         <input_file_ref idref="fl-1a"/>
      </object_component>
      <object_component id="oc-2e4">
         <name>.text:_outc</name>
         <load_address>0x4fa6</load_address>
         <run_address>0x4fa6</run_address>
         <size>0x4</size>
         <input_file_ref idref="fl-db"/>
      </object_component>
      <object_component id="oc-2de">
         <name>.text:_outs</name>
         <load_address>0x4faa</load_address>
         <run_address>0x4faa</run_address>
         <size>0x4</size>
         <input_file_ref idref="fl-db"/>
      </object_component>
      <object_component id="oc-139">
         <name>.text:_system_pre_init</name>
         <load_address>0x4fae</load_address>
         <run_address>0x4fae</run_address>
         <size>0x4</size>
         <input_file_ref idref="fl-fb"/>
      </object_component>
      <object_component id="oc-198">
         <name>.text:abort:abort</name>
         <load_address>0x4fb2</load_address>
         <run_address>0x4fb2</run_address>
         <size>0x4</size>
         <input_file_ref idref="fl-fd"/>
      </object_component>
      <object_component id="oc-c7">
         <name>.const:g_pppui32XTALtoVCO</name>
         <load_address>0x4fb8</load_address>
         <run_address>0x4fb8</run_address>
         <size>0x1b0</size>
         <input_file_ref idref="fl-23"/>
      </object_component>
      <object_component id="oc-46d">
         <name>.const:.string:_ctypes_</name>
         <load_address>0x5168</load_address>
         <run_address>0x5168</run_address>
         <size>0x101</size>
         <input_file_ref idref="fl-ef"/>
      </object_component>
      <object_component id="oc-8e6">
         <name>.const:g_pui32Regs</name>
         <load_address>0x526c</load_address>
         <run_address>0x526c</run_address>
         <size>0x9c</size>
         <input_file_ref idref="fl-21"/>
      </object_component>
      <object_component id="oc-74a">
         <name>.const:g_pui32GPIOBaseAddrs</name>
         <load_address>0x5308</load_address>
         <run_address>0x5308</run_address>
         <size>0x48</size>
         <input_file_ref idref="fl-20"/>
      </object_component>
      <object_component id="oc-74e">
         <name>.const:gpioBaseAddresses</name>
         <load_address>0x5350</load_address>
         <run_address>0x5350</run_address>
         <size>0x48</size>
         <input_file_ref idref="fl-17"/>
      </object_component>
      <object_component id="oc-719">
         <name>.const:powerMgrIds</name>
         <load_address>0x5398</load_address>
         <run_address>0x5398</run_address>
         <size>0x48</size>
         <input_file_ref idref="fl-17"/>
      </object_component>
      <object_component id="oc-123">
         <name>.const:g_sXTALtoMEMTIM</name>
         <load_address>0x53e0</load_address>
         <run_address>0x53e0</run_address>
         <size>0x30</size>
         <input_file_ref idref="fl-23"/>
      </object_component>
      <object_component id="oc-36e">
         <name>.const:uartMSP432E4HWAttrs</name>
         <load_address>0x5410</load_address>
         <run_address>0x5410</run_address>
         <size>0x2c</size>
         <input_file_ref idref="fl-4"/>
      </object_component>
      <object_component id="oc-36a">
         <name>.const:UARTMSP432E4_fxnTable</name>
         <load_address>0x543c</load_address>
         <run_address>0x543c</run_address>
         <size>0x28</size>
         <input_file_ref idref="fl-15"/>
      </object_component>
      <object_component id="oc-c1">
         <name>.const:g_pui32Xtals</name>
         <load_address>0x5464</load_address>
         <run_address>0x5464</run_address>
         <size>0x28</size>
         <input_file_ref idref="fl-23"/>
      </object_component>
      <object_component id="oc-3df">
         <name>.const:PWMMSP432E4_fxnTable</name>
         <load_address>0x548c</load_address>
         <run_address>0x548c</run_address>
         <size>0x24</size>
         <input_file_ref idref="fl-13"/>
      </object_component>
      <object_component id="oc-2cf">
         <name>.const:UART_defaultParams</name>
         <load_address>0x54b0</load_address>
         <run_address>0x54b0</run_address>
         <size>0x24</size>
         <input_file_ref idref="fl-14"/>
      </object_component>
      <object_component id="oc-5fe">
         <name>.const:staticFxnTable</name>
         <load_address>0x54d4</load_address>
         <run_address>0x54d4</run_address>
         <size>0x20</size>
         <input_file_ref idref="fl-15"/>
      </object_component>
      <object_component id="oc-309">
         <name>.const:PWM_defaultParams</name>
         <load_address>0x54f4</load_address>
         <run_address>0x54f4</run_address>
         <size>0x18</size>
         <input_file_ref idref="fl-12"/>
      </object_component>
      <object_component id="oc-8c3">
         <name>.const:g_pui32Dii16Regs</name>
         <load_address>0x550c</load_address>
         <run_address>0x550c</run_address>
         <size>0x14</size>
         <input_file_ref idref="fl-21"/>
      </object_component>
      <object_component id="oc-8ea">
         <name>.const:g_pui32EnRegs</name>
         <load_address>0x5520</load_address>
         <run_address>0x5520</run_address>
         <size>0x14</size>
         <input_file_ref idref="fl-21"/>
      </object_component>
      <object_component id="oc-619">
         <name>.const:parityType</name>
         <load_address>0x5534</load_address>
         <run_address>0x5534</run_address>
         <size>0x14</size>
         <input_file_ref idref="fl-15"/>
      </object_component>
      <object_component id="oc-61f">
         <name>.const:dataLength</name>
         <load_address>0x5548</load_address>
         <run_address>0x5548</run_address>
         <size>0x10</size>
         <input_file_ref idref="fl-15"/>
      </object_component>
      <object_component id="oc-3e3">
         <name>.const:pwmMSP432E4HWAttrs</name>
         <load_address>0x5558</load_address>
         <run_address>0x5558</run_address>
         <size>0x10</size>
         <input_file_ref idref="fl-4"/>
      </object_component>
      <object_component id="oc-305">
         <name>.const:PWM_config</name>
         <load_address>0x5568</load_address>
         <run_address>0x5568</run_address>
         <size>0xc</size>
         <input_file_ref idref="fl-4"/>
      </object_component>
      <object_component id="oc-2cb">
         <name>.const:UART_config</name>
         <load_address>0x5574</load_address>
         <run_address>0x5574</run_address>
         <size>0xc</size>
         <input_file_ref idref="fl-4"/>
      </object_component>
      <object_component id="oc-2aa">
         <name>.const:PowerMSP432E4_config</name>
         <load_address>0x5580</load_address>
         <run_address>0x5580</run_address>
         <size>0x8</size>
         <input_file_ref idref="fl-4"/>
      </object_component>
      <object_component id="oc-c4">
         <name>.const:g_pui32VCOFrequencies</name>
         <load_address>0x5588</load_address>
         <run_address>0x5588</run_address>
         <size>0x8</size>
         <input_file_ref idref="fl-23"/>
      </object_component>
      <object_component id="oc-61c">
         <name>.const:stopBits</name>
         <load_address>0x5590</load_address>
         <run_address>0x5590</run_address>
         <size>0x8</size>
         <input_file_ref idref="fl-15"/>
      </object_component>
      <object_component id="oc-2c8">
         <name>.const</name>
         <load_address>0x5598</load_address>
         <run_address>0x5598</run_address>
         <size>0x4</size>
         <input_file_ref idref="fl-4"/>
      </object_component>
      <object_component id="oc-936">
         <name>.cinit..data.load</name>
         <load_address>0x55a0</load_address>
         <run_address>0x55a0</run_address>
         <size>0x10d</size>
      </object_component>
      <object_component id="oc-933">
         <name>__TI_handler_table</name>
         <load_address>0x56b0</load_address>
         <run_address>0x56b0</run_address>
         <size>0xc</size>
      </object_component>
      <object_component id="oc-937">
         <name>.cinit..bss.load</name>
         <load_address>0x56c0</load_address>
         <run_address>0x56c0</run_address>
         <size>0x8</size>
      </object_component>
      <object_component id="oc-935">
         <name>.cinit..vtable.load</name>
         <load_address>0x56c8</load_address>
         <run_address>0x56c8</run_address>
         <size>0x8</size>
      </object_component>
      <object_component id="oc-934">
         <name>__TI_cinit_table</name>
         <load_address>0x56d0</load_address>
         <run_address>0x56d0</run_address>
         <size>0x18</size>
      </object_component>
      <object_component id="oc-8c7">
         <name>.vtable</name>
         <uninitialized>true</uninitialized>
         <run_address>0x20000000</run_address>
         <size>0x26c</size>
[...]
         <value>0x4df1</value>
         <object_component_ref idref="oc-5a4"/>
      </symbol>
      <symbol id="sm-71d">
         <name>HwiP_disable</name>
         <value>0x4f9b</value>
         <object_component_ref idref="oc-2b9"/>
      </symbol>
      <symbol id="sm-71e">
         <name>HwiP_create</name>
         <value>0x4889</value>
         <object_component_ref idref="oc-5c8"/>
      </symbol>
      <symbol id="sm-71f">
         <name>HwiP_enable</name>
         <value>0x4f9f</value>
         <object_component_ref idref="oc-185"/>
      </symbol>
      <symbol id="sm-720">
         <name>HwiP_restore</name>
         <value>0x4f69</value>
         <object_component_ref idref="oc-2bf"/>
      </symbol>
      <symbol id="sm-72d">
         <name>PowerMSP432E4_sleepPolicy</name>
         <value>0x4ebd</value>
         <object_component_ref idref="oc-358"/>
      </symbol>
      <symbol id="sm-76b">
         <name>resetISR</name>
         <value>0x4a61</value>
         <object_component_ref idref="oc-20"/>
      </symbol>
      <symbol id="sm-76c">
         <name>resetVectors</name>
         <value>0x0</value>
         <object_component_ref idref="oc-26"/>
      </symbol>
      <symbol id="sm-78f">
         <name>FPUEnable</name>
         <value>0x4c61</value>
         <object_component_ref idref="oc-58"/>
      </symbol>
      <symbol id="sm-7f9">
         <name>GPIOPinTypePWM</name>
         <value>0x4901</value>
         <object_component_ref idref="oc-6d1"/>
      </symbol>
      <symbol id="sm-7fa">
         <name>GPIOPinConfigure</name>
         <value>0x4061</value>
         <object_component_ref idref="oc-5b0"/>
      </symbol>
      <symbol id="sm-7fb">
         <name>GPIOPinTypeUART</name>
         <value>0x4925</value>
         <object_component_ref idref="oc-5bc"/>
      </symbol>
      <symbol id="sm-7fc">
         <name>GPIOPinTypeGPIOOutput</name>
         <value>0x48dd</value>
         <object_component_ref idref="oc-6d8"/>
      </symbol>
      <symbol id="sm-7fd">
         <name>GPIODirModeSet</name>
         <value>0x3851</value>
         <object_component_ref idref="oc-752"/>
      </symbol>
      <symbol id="sm-7fe">
         <name>GPIOPinWrite</name>
         <value>0x4a21</value>
         <object_component_ref idref="oc-6de"/>
      </symbol>
      <symbol id="sm-7ff">
         <name>GPIOPadConfigSet</name>
         <value>0x1491</value>
         <object_component_ref idref="oc-758"/>
      </symbol>
      <symbol id="sm-87f">
         <name>IntPrioritySet</name>
         <value>0x3a69</value>
         <object_component_ref idref="oc-87d"/>
      </symbol>
      <symbol id="sm-880">
         <name>IntEnable</name>
         <value>0x317d</value>
         <object_component_ref idref="oc-883"/>
      </symbol>
      <symbol id="sm-881">
         <name>IntDisable</name>
         <value>0x30fd</value>
         <object_component_ref idref="oc-849"/>
      </symbol>
      <symbol id="sm-882">
         <name>IntRegister</name>
         <value>0x38ad</value>
         <object_component_ref idref="oc-877"/>
      </symbol>
      <symbol id="sm-883">
         <name>IntMasterDisable</name>
         <value>0x4e9d</value>
         <object_component_ref idref="oc-52"/>
      </symbol>
      <symbol id="sm-884">
         <name>IntUnregister</name>
         <value>0x4b19</value>
         <object_component_ref idref="oc-84f"/>
      </symbol>
      <symbol id="sm-885">
         <name>g_pfnRAMVectors</name>
         <value>0x20000000</value>
         <object_component_ref idref="oc-8c7"/>
      </symbol>
      <symbol id="sm-886">
         <name>IntMasterEnable</name>
         <value>0x4ead</value>
         <object_component_ref idref="oc-21c"/>
      </symbol>
      <symbol id="sm-8d5">
         <name>PWMGenPeriodSet</name>
         <value>0x47cd</value>
         <object_component_ref idref="oc-6c3"/>
      </symbol>
      <symbol id="sm-8d6">
         <name>PWMGenDisable</name>
         <value>0x4bf7</value>
         <object_component_ref idref="oc-691"/>
      </symbol>
      <symbol id="sm-8d7">
         <name>PWMClockSet</name>
         <value>0x496d</value>
         <object_component_ref idref="oc-7f9"/>
      </symbol>
      <symbol id="sm-8d8">
         <name>PWMPulseWidthSet</name>
         <value>0x3e6b</value>
         <object_component_ref idref="oc-6b0"/>
      </symbol>
      <symbol id="sm-8d9">
         <name>PWMOutputState</name>
         <value>0x470b</value>
         <object_component_ref idref="oc-6ca"/>
      </symbol>
      <symbol id="sm-8da">
         <name>PWMGenEnable</name>
         <value>0x4c11</value>
         <object_component_ref idref="oc-80b"/>
      </symbol>
      <symbol id="sm-8db">
         <name>PWMGenConfigure</name>
         <value>0x3e21</value>
         <object_component_ref idref="oc-7ff"/>
      </symbol>
      <symbol id="sm-8dc">
         <name>PWMOutputInvert</name>
         <value>0x46d9</value>
         <object_component_ref idref="oc-805"/>
      </symbol>
      <symbol id="sm-9aa">
         <name>SysCtlPeripheralPresent</name>
         <value>0x412d</value>
         <object_component_ref idref="oc-703"/>
      </symbol>
      <symbol id="sm-9ab">
         <name>SysCtlPeripheralClockGating</name>
         <value>0x485d</value>
         <object_component_ref idref="oc-2a4"/>
      </symbol>
      <symbol id="sm-9ac">
         <name>SysCtlPeripheralEnable</name>
         <value>0x43c5</value>
         <object_component_ref idref="oc-737"/>
      </symbol>
      <symbol id="sm-9ad">
         <name>SysCtlPeripheralPowerOff</name>
         <value>0x4405</value>
         <object_component_ref idref="oc-29e"/>
      </symbol>
      <symbol id="sm-9ae">
         <name>SysCtlPeripheralPowerOn</name>
         <value>0x4445</value>
         <object_component_ref idref="oc-731"/>
      </symbol>
      <symbol id="sm-9af">
         <name>SysCtlPeripheralSleepDisable</name>
         <value>0x4485</value>
         <object_component_ref idref="oc-70f"/>
      </symbol>
      <symbol id="sm-9b0">
         <name>SysCtlPeripheralDisable</name>
         <value>0x4385</value>
         <object_component_ref idref="oc-709"/>
      </symbol>
      <symbol id="sm-9b1">
         <name>SysCtlPeripheralSleepEnable</name>
         <value>0x44c5</value>
         <object_component_ref idref="oc-73d"/>
      </symbol>
      <symbol id="sm-9b2">
         <name>SysCtlPeripheralReady</name>
         <value>0x4171</value>
         <object_component_ref idref="oc-743"/>
      </symbol>
      <symbol id="sm-9b3">
         <name>SysCtlClockFreqSet</name>
         <value>0xf41</value>
         <object_component_ref idref="oc-5e"/>
      </symbol>
      <symbol id="sm-a58">
         <name>UARTCharPutNonBlocking</name>
         <value>0x4991</value>
         <object_component_ref idref="oc-7e0"/>
      </symbol>
      <symbol id="sm-a59">
         <name>UARTTxIntModeSet</name>
         <value>0x4b6d</value>
         <object_component_ref idref="oc-64e"/>
      </symbol>
      <symbol id="sm-a5a">
         <name>UARTRxErrorClear</name>
         <value>0x4eed</value>
         <object_component_ref idref="oc-7ad"/>
      </symbol>
      <symbol id="sm-a5b">
         <name>UARTFlowControlSet</name>
         <value>0x4b51</value>
         <object_component_ref idref="oc-5c2"/>
      </symbol>
      <symbol id="sm-a5c">
         <name>UARTConfigSetExpClk</name>
         <value>0x32f3</value>
         <object_component_ref idref="oc-5f8"/>
      </symbol>
      <symbol id="sm-a5d">
         <name>UARTDisable</name>
         <value>0x47fd</value>
         <object_component_ref idref="oc-55f"/>
      </symbol>
      <symbol id="sm-a5e">
         <name>UARTBusy</name>
         <value>0x4a81</value>
         <object_component_ref idref="oc-63c"/>
      </symbol>
      <symbol id="sm-a5f">
         <name>UARTIntEnable</name>
         <value>0x4cc1</value>
         <object_component_ref idref="oc-596"/>
      </symbol>
      <symbol id="sm-a60">
         <name>UARTCharsAvail</name>
         <value>0x4abd</value>
         <object_component_ref idref="oc-898"/>
      </symbol>
      <symbol id="sm-a61">
         <name>UARTCharGetNonBlocking</name>
         <value>0x4b35</value>
         <object_component_ref idref="oc-7cf"/>
      </symbol>
      <symbol id="sm-a62">
         <name>UARTIntDisable</name>
         <value>0x4ca9</value>
         <object_component_ref idref="oc-559"/>
      </symbol>
      <symbol id="sm-a63">
         <name>UARTCharPut</name>
         <value>0x4a9f</value>
         <object_component_ref idref="oc-634"/>
      </symbol>
      <symbol id="sm-a64">
         <name>UARTRxErrorGet</name>
         <value>0x4e39</value>
         <object_component_ref idref="oc-7a7"/>
      </symbol>
      <symbol id="sm-a65">
         <name>UARTEnable</name>
         <value>0x49b5</value>
         <object_component_ref idref="oc-5e6"/>
      </symbol>
      <symbol id="sm-a66">
         <name>UARTIntClear</name>
         <value>0x4e27</value>
         <object_component_ref idref="oc-5e0"/>
      </symbol>
      <symbol id="sm-a67">
         <name>UARTIntStatus</name>
         <value>0x4adb</value>
         <object_component_ref idref="oc-642"/>
      </symbol>
      <symbol id="sm-a68">
         <name>UARTCharGet</name>
         <value>0x4d37</value>
         <object_component_ref idref="oc-62e"/>
      </symbol>
      <symbol id="sm-a69">
         <name>UARTFIFOLevelSet</name>
         <value>0x4c91</value>
         <object_component_ref idref="oc-5ec"/>
      </symbol>
      <symbol id="sm-a7b">
         <name>CPUcpsie</name>
         <value>0x4f35</value>
         <object_component_ref idref="oc-2b2"/>
      </symbol>
      <symbol id="sm-a7c">
         <name>CPUcpsid</name>
         <value>0x4f29</value>
         <object_component_ref idref="oc-a8"/>
      </symbol>
      <symbol id="sm-aa8">
         <name>printf</name>
         <value>0x35f5</value>
         <object_component_ref idref="oc-235"/>
      </symbol>
      <symbol id="sm-c12">
         <name>__TI_printfi</name>
         <value>0x201</value>
         <object_component_ref idref="oc-2d5"/>
      </symbol>
      <symbol id="sm-c32">
         <name>frexpl</name>
         <value>0x3729</value>
         <object_component_ref idref="oc-4b3"/>
      </symbol>
      <symbol id="sm-c33">
         <name>frexp</name>
         <value>0x3729</value>
         <object_component_ref idref="oc-4b3"/>
      </symbol>
      <symbol id="sm-c50">
         <name>scalbn</name>
         <value>0x209d</value>
         <object_component_ref idref="oc-4b9"/>
      </symbol>
      <symbol id="sm-c51">
         <name>scalbnl</name>
         <value>0x209d</value>
         <object_component_ref idref="oc-4b9"/>
      </symbol>
      <symbol id="sm-c52">
         <name>ldexpl</name>
         <value>0x209d</value>
         <object_component_ref idref="oc-4b9"/>
      </symbol>
      <symbol id="sm-c53">
         <name>ldexp</name>
         <value>0x209d</value>
         <object_component_ref idref="oc-4b9"/>
      </symbol>
      <symbol id="sm-c6c">
         <name>wcslen</name>
         <value>0x4e4b</value>
         <object_component_ref idref="oc-3ac"/>
      </symbol>
      <symbol id="sm-c83">
         <name>__aeabi_dsub</name>
         <value>0x189d</value>
         <object_component_ref idref="oc-493"/>
      </symbol>
      <symbol id="sm-c84">
         <name>__aeabi_dadd</name>
         <value>0x18a7</value>
         <object_component_ref idref="oc-493"/>
      </symbol>
      <symbol id="sm-ca6">
         <name>__aeabi_cdcmpeq</name>
         <value>0x2ff1</value>
         <object_component_ref idref="oc-389"/>
      </symbol>
      <symbol id="sm-ca7">
         <name>__aeabi_cdcmple</name>
         <value>0x2ff1</value>
         <object_component_ref idref="oc-389"/>
      </symbol>
      <symbol id="sm-ca8">
         <name>__aeabi_cdrcmple</name>
         <value>0x3077</value>
         <object_component_ref idref="oc-47e"/>
      </symbol>
      <symbol id="sm-cbc">
         <name>__aeabi_ddiv</name>
         <value>0x1e41</value>
         <object_component_ref idref="oc-479"/>
      </symbol>
      <symbol id="sm-cc7">
         <name>__aeabi_dmul</name>
         <value>0x22ad</value>
         <object_component_ref idref="oc-474"/>
      </symbol>
      <symbol id="sm-cd1">
         <name>__aeabi_d2iz</name>
         <value>0x3f8d</value>
         <object_component_ref idref="oc-483"/>
      </symbol>
      <symbol id="sm-cdb">
         <name>__aeabi_i2d</name>
         <value>0x482d</value>
         <object_component_ref idref="oc-48e"/>
      </symbol>
      <symbol id="sm-ce4">
         <name>__aeabi_lmul</name>
         <value>0x4d09</value>
         <object_component_ref idref="oc-3f5"/>
      </symbol>
      <symbol id="sm-cf1">
         <name>__aeabi_uldivmod</name>
         <value>0x2bf5</value>
         <object_component_ref idref="oc-258"/>
      </symbol>
      <symbol id="sm-d00">
         <name>__aeabi_memset</name>
         <value>0x327b</value>
         <object_component_ref idref="oc-a2"/>
      </symbol>
      <symbol id="sm-d01">
         <name>memset</name>
         <value>0x3281</value>
         <object_component_ref idref="oc-a2"/>
      </symbol>
      <symbol id="sm-d02">
         <name>__aeabi_memset8</name>
         <value>0x327b</value>
         <object_component_ref idref="oc-a2"/>
      </symbol>
      <symbol id="sm-d03">
         <name>__aeabi_memset4</name>
         <value>0x327b</value>
         <object_component_ref idref="oc-a2"/>
      </symbol>
      <symbol id="sm-d04">
         <name>__aeabi_memclr8</name>
         <value>0x3279</value>
         <object_component_ref idref="oc-a2"/>
      </symbol>
      <symbol id="sm-d05">
         <name>__aeabi_memclr4</name>
         <value>0x3279</value>
         <object_component_ref idref="oc-a2"/>
      </symbol>
      <symbol id="sm-d06">
         <name>__aeabi_memclr</name>
         <value>0x3279</value>
         <object_component_ref idref="oc-a2"/>
      </symbol>
      <symbol id="sm-d1f">
         <name>__TI_zero_init_nomemset</name>
         <value>0x4b89</value>
         <object_component_ref idref="oc-46"/>
      </symbol>
      <symbol id="sm-d36">
         <name>__TI_decompress_none</name>
         <value>0x4f1b</value>
         <object_component_ref idref="oc-19"/>
      </symbol>
      <symbol id="sm-d59">
         <name>__TI_decompress_lzss</name>
         <value>0x358d</value>
         <object_component_ref idref="oc-13"/>
      </symbol>
      <symbol id="sm-d6e">
         <name>_nop</name>
         <value>0x2c8b</value>
         <object_component_ref idref="oc-337"/>
      </symbol>
      <symbol id="sm-d6f">
         <name>_lock</name>
         <value>0x2000876c</value>
         <object_component_ref idref="oc-276"/>
      </symbol>
      <symbol id="sm-d70">
         <name>_unlock</name>
         <value>0x20008770</value>
         <object_component_ref idref="oc-276"/>
      </symbol>
      <symbol id="sm-d7f">
         <name>__TI_ltoa</name>
         <value>0x3abd</value>
         <object_component_ref idref="oc-488"/>
      </symbol>
      <symbol id="sm-d95">
         <name>atoi</name>
         <value>0x3cf1</value>
         <object_component_ref idref="oc-37d"/>
      </symbol>
      <symbol id="sm-da0">
         <name>_ctypes_</name>
         <value>0x5168</value>
         <object_component_ref idref="oc-46d"/>
      </symbol>
      <symbol id="sm-dac">
         <name>_ftable</name>
         <value>0x20008648</value>
         <object_component_ref idref="oc-2db"/>
      </symbol>
      <symbol id="sm-dbc">
         <name>memccpy</name>
         <value>0x4bc1</value>
         <object_component_ref idref="oc-3a6"/>
      </symbol>
      <symbol id="sm-e45">
         <name>_sys_memory</name>
         <value>0x20000270</value>
         <object_component_ref idref="oc-29"/>
      </symbol>
      <symbol id="sm-e46">
         <name>free</name>
         <value>0x23a9</value>
         <object_component_ref idref="oc-723"/>
      </symbol>
      <symbol id="sm-e47">
         <name>memalign</name>
         <value>0x21ad</value>
         <object_component_ref idref="oc-870"/>
      </symbol>
      <symbol id="sm-e48">
         <name>malloc</name>
         <value>0x4f79</value>
         <object_component_ref idref="oc-760"/>
      </symbol>
      <symbol id="sm-e49">
         <name>aligned_alloc</name>
         <value>0x21ad</value>
         <object_component_ref idref="oc-870"/>
      </symbol>
      <symbol id="sm-e59">
         <name>strchr</name>
         <value>0x4d63</value>
         <object_component_ref idref="oc-4bf"/>
      </symbol>
      <symbol id="sm-e67">
         <name>strlen</name>
         <value>0x4ddd</value>
         <object_component_ref idref="oc-377"/>
      </symbol>
      <symbol id="sm-e7d">
         <name>__aeabi_errno_addr</name>
         <value>0x4f71</value>
         <object_component_ref idref="oc-3b2"/>
      </symbol>
      <symbol id="sm-e7e">
         <name>errno</name>
         <value>0x20008790</value>
         <object_component_ref idref="oc-4cf"/>
      </symbol>
      <symbol id="sm-e91">
         <name>__stack</name>
         <value>0x2003f000</value>
         <object_component_ref idref="oc-2c"/>
      </symbol>
      <symbol id="sm-e92">
         <name>_c_int00_noargs</name>
         <value>0x46a5</value>
         <object_component_ref idref="oc-d6"/>
      </symbol>
      <symbol id="sm-e9c">
         <name>copysign</name>
         <value>0x4c45</value>
         <object_component_ref idref="oc-675"/>
      </symbol>
      <symbol id="sm-e9d">
         <name>copysignl</name>
         <value>0x4c45</value>
         <object_component_ref idref="oc-675"/>
      </symbol>
      <symbol id="sm-ea7">
         <name>__aeabi_idiv0</name>
         <value>0x45c3</value>
         <object_component_ref idref="oc-30f"/>
      </symbol>
      <symbol id="sm-ea8">
         <name>__aeabi_ldiv0</name>
         <value>0x45c3</value>
         <object_component_ref idref="oc-30f"/>
      </symbol>
      <symbol id="sm-ec3">
         <name>memcpy</name>
         <value>0x2a27</value>
         <object_component_ref idref="oc-3a"/>
      </symbol>
      <symbol id="sm-ec4">
         <name>__aeabi_memcpy</name>
         <value>0x2a27</value>
         <object_component_ref idref="oc-3a"/>
      </symbol>
      <symbol id="sm-ec5">
         <name>__aeabi_memcpy8</name>
         <value>0x2a27</value>
         <object_component_ref idref="oc-3a"/>
      </symbol>
      <symbol id="sm-ec6">
         <name>__aeabi_memcpy4</name>
         <value>0x2a27</value>
         <object_component_ref idref="oc-3a"/>
      </symbol>
      <symbol id="sm-eee">
         <name>__TI_auto_init_nobinit_nopinit</name>
         <value>0x423d</value>
         <object_component_ref idref="oc-1a4"/>
      </symbol>
      <symbol id="sm-ef8">
         <name>_system_pre_init</name>
         <value>0x4faf</value>
         <object_component_ref idref="oc-139"/>
      </symbol>
      <symbol id="sm-f04">
         <name>C$$EXIT</name>
         <value>0x4fb3</value>
         <object_component_ref idref="oc-198"/>
      </symbol>
      <symbol id="sm-f05">
         <name>abort</name>
         <value>0x4fb3</value>
         <object_component_ref idref="oc-198"/>
      </symbol>
      <symbol id="sm-f07">
         <name>__TI_static_base__</name>
         <value>0x55a0</value>
      </symbol>
      <symbol id="sm-f0a">
         <name>__mpu_init</name>
         <value>0x0</value>
      </symbol>
      <symbol id="sm-f0b">
         <name>_system_post_cinit</name>
         <value>0x0</value>
      </symbol>
      <symbol id="sm-f0c">
         <name>usleep</name>
         <value>0x3eb5</value>
      </symbol>
      <symbol id="sm-f0d">
         <name>NoRTOS_start</name>
         <value>0x4f9f</value>
      </symbol>
   </symbol_table>
   <title>Link successful</title>
</link_info>
