******************************************************************************
                  TI ARM Linker PC v20.2.5                     
******************************************************************************
>> Linked Sun Aug 15 20:51:34 2021

OUTPUT FILE NAME:   <04.TIMER.out>
ENTRY POINT SYMBOL: "resetISR"  address: 00004e59


MEMORY CONFIGURATION

         name            origin    length      used     unused   attr    fill
----------------------  --------  ---------  --------  --------  ----  --------
  FLASH                 00000000   00100000  00005bd4  000fa42c  R  X
  SRAM                  20000000   00040000  00009954  000366ac  RW X


SEGMENT ALLOCATION MAP

run origin  load origin   length   init length attrs members
----------  ----------- ---------- ----------- ----- -------
00000000    00000000    00005bd8   00005bd8    r-x
  00000000    00000000    00000200   00000200    r-- .intvecs
  00000200    00000200    00005232   00005232    r-x .text
  00005434    00005434    0000065a   0000065a    r-- .const
  00005a90    00005a90    00000148   00000148    r-- .cinit
20000000    20000000    00008958   00000000    rw-
  20000000    20000000    0000026c   00000000    rw- .vtable
  20000270    20000270    00008000   00000000    rw- .sysmem
  20008270    20008270    00000500   00000000    rw- .data
  20008770    20008770    000001e8   00000000    rw- .bss
2003f000    2003f000    00001000   00000000    rw-
  2003f000    2003f000    00001000   00000000    rw- .stack


SECTION ALLOCATION MAP

 output                                  attributes/
section   page    origin      length       input sections
--------  ----  ----------  ----------   ----------------
.intvecs   0    00000000    00000200     
                  00000000    00000200     nortos_msp432e4.aem4f : startup_msp432e4_ccs.oem4f (.intvecs:retain)

.text      0    00000200    00005232     
                  00000200    00000a4e     rtsv7M4_T_le_v4SPD16_eabi.lib : _printfi.c.obj (.text:__TI_printfi)
                  00000c4e    00000002     ti_drivers_config.obj (.text:Board_initHook)
                  00000c50    000002f0     drivers_msp432e4.aem4f : UARTMSP432E4.oem4f (.text:UARTMSP432E4_open)
                  00000f40    000002e0     msp432e4_driverlib.a : sysctl.o (.text:SysCtlClockFreqSet)
                  00001220    00000270     rtsv7M4_T_le_v4SPD16_eabi.lib : _printfi.c.obj (.text:_pconv_a)
                  00001490    0000023a     msp432e4_driverlib.a : gpio.o (.text:GPIOPadConfigSet)
                  000016ca    00000002     drivers_msp432e4.aem4f : LED.oem4f (.text:LED_init)
                  000016cc    000001d0     rtsv7M4_T_le_v4SPD16_eabi.lib : _printfi.c.obj (.text:_pconv_g)
                  0000189c    000001b6                                   : fd_add_t2.asm.obj (.text)
                  00001a52    00000002     drivers_msp432e4.aem4f : TimerMSP432E4.oem4f (.text:TimerMSP432E4_init)
                  00001a54    00000184                            : GPIOMSP432E4.oem4f (.text:GPIO_setConfig)
                  00001bd8    0000013c     rtsv7M4_T_le_v4SPD16_eabi.lib : _printfi.c.obj (.text:_pconv_e)
                  00001d14    00000136                                   : fd_div_t2.asm.obj (.text)
                  00001e4a    00000002     drivers_msp432e4.aem4f : UARTMSP432E4.oem4f (.text:UARTMSP432E4_init)
                  00001e4c    00000124     rtsv7M4_T_le_v4SPD16_eabi.lib : _printfi.c.obj (.text:fcvt)
                  00001f70    00000118     drivers_msp432e4.aem4f : TimerMSP432E4.oem4f (.text:TimerMSP432E4_open)
                  00002088    00000110                            : LED.oem4f (.text:LED_open)
                  00002198    00000110     rtsv7M4_T_le_v4SPD16_eabi.lib : s_scalbn.c.obj (.text:scalbn)
                  000022a8    00000100                                   : memory.c.obj (.text:aligned_alloc)
                  000023a8    000000fc                                   : fd_mul_t2.asm.obj (.text)
                  000024a4    000000e4                                   : memory.c.obj (.text:free)
                  00002588    000000c8     timer.obj (.text:mainThread)
                  00002650    000000be     drivers_msp432e4.aem4f : UARTMSP432E4.oem4f (.text:UARTMSP432E4_close)
                  0000270e    000000b6                            : UARTMSP432E4.oem4f (.text:readTaskCallback)
                  000027c4    000000b1     rtsv7M4_T_le_v4SPD16_eabi.lib : _printfi.c.obj (.text:_ltostr)
                  00002875    00000001     --HOLE-- [fill = 0]
                  00002876    000000b0     drivers_msp432e4.aem4f : UARTMSP432E4.oem4f (.text:readTaskBlocking)
                  00002926    00000002     msp432e4_driverlib.a : interrupt.o (.text:_IntDefaultHandler)
                  00002928    000000ac     drivers_msp432e4.aem4f : GPIOMSP432E4.oem4f (.text:GPIO_init)
                  000029d4    000000a4     msp432e4_driverlib.a : gpio.o (.text:GPIOIntTypeSet)
                  00002a78    000000a0     nortos_msp432e4.aem4f : SemaphoreP_nortos.oem4f (.text:SemaphoreP_pend)
                  00002b18    0000009e     drivers_msp432e4.aem4f : UARTMSP432E4.oem4f (.text:UARTMSP432E4_readPolling)
                  00002bb6    0000009c     rtsv7M4_T_le_v4SPD16_eabi.lib : memcpy_t2.asm.obj (.text)
                  00002c52    00000098     drivers_msp432e4.aem4f : UARTMSP432E4.oem4f (.text:UARTMSP432E4_write)
                  00002cea    00000096     rtsv7M4_T_le_v4SPD16_eabi.lib : ull_div_t2.asm.obj (.text)
                  00002d80    00000094     drivers_msp432e4.aem4f : UARTMSP432E4.oem4f (.text:readIsrTextBlocking)
                  00002e14    00000090                            : UARTMSP432E4.oem4f (.text:UARTMSP432E4_control)
                  00002ea4    00000090     msp432e4_driverlib.a : sysctl.o (.text:_SysCtlFrequencyGet)
                  00002f34    00000088     drivers_msp432e4.aem4f : TimerMSP432E4.oem4f (.text:TimerMSP432E4_setPeriod)
                  00002fbc    00000088                            : UARTMSP432E4.oem4f (.text:readIsrTextCallback)
                  00003044    00000086     rtsv7M4_T_le_v4SPD16_eabi.lib : fd_cmp_t2.asm.obj (.text:__aeabi_cdcmple)
                  000030ca    00000086                                   : fd_cmp_t2.asm.obj (.text:__aeabi_cdrcmple)
                  00003150    00000080     msp432e4_driverlib.a : interrupt.o (.text:IntDisable)
                  000031d0    00000080                          : interrupt.o (.text:IntEnable)
                  00003250    0000007c     drivers_msp432e4.aem4f : UARTMSP432E4.oem4f (.text:writeData)
                  000032cc    0000007a     rtsv7M4_T_le_v4SPD16_eabi.lib : memset_t2.asm.obj (.text)
                  00003346    00000076     msp432e4_driverlib.a : uart.o (.text:UARTConfigSetExpClk)
                  000033bc    00000072     drivers_msp432e4.aem4f : TimerMSP432E4.oem4f (.text:TimerMSP432E4_start)
                  0000342e    00000002     rtsv7M4_T_le_v4SPD16_eabi.lib : _lock.c.obj (.text:_nop)
                  00003430    00000070     nortos_msp432e4.aem4f : HwiPMSP432E4_nortos.oem4f (.text:HwiP_construct)
                  000034a0    00000070     rtsv7M4_T_le_v4SPD16_eabi.lib : memory.c.obj (.text:split)
                  00003510    0000006e                                   : _printfi.c.obj (.text:_mcpy)
                  0000357e    00000002     nortos_msp432e4.aem4f : startup_msp432e4_ccs.oem4f (.text:busFaultHandler)
                  00003580    0000006c     drivers_msp432e4.aem4f : PowerMSP432E4.oem4f (.text:Power_releaseDependency)
                  000035ec    00000068                            : GPIOMSP432E4.oem4f (.text:GPIO_hwiIntFxn)
                  00003654    00000068                            : PowerMSP432E4.oem4f (.text:Power_setDependency)
                  000036bc    00000068                            : TimerMSP432E4.oem4f (.text:TimerMSP432E4_allocateTimerResource)
                  00003724    00000068     rtsv7M4_T_le_v4SPD16_eabi.lib : copy_decompress_lzss.c.obj (.text:decompress:lzss:__TI_decompress_lzss)
                  0000378c    00000068                                   : printf.c.obj (.text:printf)
                  000037f4    00000068     drivers_msp432e4.aem4f : UARTMSP432E4.oem4f (.text:readIsrBinaryBlocking)
                  0000385c    00000064                            : PowerMSP432E4.oem4f (.text:Power_init)
                  000038c0    00000064     rtsv7M4_T_le_v4SPD16_eabi.lib : s_frexp.c.obj (.text:frexp)
                  00003924    00000064     drivers_msp432e4.aem4f : UARTMSP432E4.oem4f (.text:readIsrBinaryCallback)
                  00003988    0000005c     msp432e4_driverlib.a : gpio.o (.text:GPIODirModeSet)
                  000039e4    0000005c                          : interrupt.o (.text:IntRegister)
                  00003a40    0000005c     drivers_msp432e4.aem4f : TimerMSP432E4.oem4f (.text:getPowerMgrId)
                  00003a9c    0000005c                            : UARTMSP432E4.oem4f (.text:getPowerResourceId)
                  00003af8    00000058                            : GPIOMSP432E4.oem4f (.text:GPIO_setCallback)
                  00003b50    00000058     msp432e4_driverlib.a : interrupt.o (.text:IntPendClear)
                  00003ba8    00000058     nortos_msp432e4.aem4f : ClockPSysTick_nortos.oem4f (.text:sysTickInit)
                  00003c00    00000056     rtsv7M4_T_le_v4SPD16_eabi.lib : _printfi.c.obj (.text:_pconv_f)
                  00003c56    00000002     nortos_msp432e4.aem4f : SemaphoreP_nortos.oem4f (.text:clkFxn)
                  00003c58    00000054     drivers_msp432e4.aem4f : GPIOMSP432E4.oem4f (.text:GPIO_write)
                  00003cac    00000054     msp432e4_driverlib.a : interrupt.o (.text:IntPrioritySet)
                  00003d00    00000054     rtsv7M4_T_le_v4SPD16_eabi.lib : _ltoa.c.obj (.text:__TI_ltoa)
                  00003d54    00000052                                   : _printfi.c.obj (.text:_ecpy)
                  00003da6    00000002     nortos_msp432e4.aem4f : startup_msp432e4_ccs.oem4f (.text:defaultHandler)
                  00003da8    00000050                           : ClockPSysTick_nortos.oem4f (.text:ClockP_sysTickHandler)
                  00003df8    00000050     drivers_msp432e4.aem4f : LED.oem4f (.text:LED_startBlinking)
                  00003e48    00000050     nortos_msp432e4.aem4f : SemaphoreP_nortos.oem4f (.text:SemaphoreP_construct)
                  00003e98    00000050     drivers_msp432e4.aem4f : UARTMSP432E4.oem4f (.text:UARTMSP432E4_hwiIntFxn)
                  00003ee8    00000050     mylib.obj (.text:fputs)
                  00003f38    0000004e     drivers_msp432e4.aem4f : TimerMSP432E4.oem4f (.text:TimerMSP432E4_stop)
                  00003f86    0000004e                            : TimerMSP432E4.oem4f (.text:initHw)
                  00003fd4    0000004c                            : TimerMSP432E4.oem4f (.text:TimerMSP432E4_freeTimerResource)
                  00004020    0000004c                            : UARTMSP432E4.oem4f (.text:UARTMSP432E4_writePolling)
                  0000406c    0000004c     rtsv7M4_T_le_v4SPD16_eabi.lib : atoi.c.obj (.text:atoi)
                  000040b8    0000004c     drivers_msp432e4.aem4f : UARTMSP432E4.oem4f (.text:ringBufGet)
                  00004104    00000048                            : UARTMSP432E4.oem4f (.text:UARTMSP432E4_writeCancel)
                  0000414c    00000048     mylib.obj (.text:mainLib)
                  00004194    00000048     rtsv7M4_T_le_v4SPD16_eabi.lib : fd_toi_t2.asm.obj (.text)
                  000041dc    00000046     drivers_msp432e4.aem4f : RingBuf.oem4f (.text:RingBuf_put)
                  00004222    00000046                            : TimerMSP432E4.oem4f (.text:getPrescaler)
                  00004268    00000044     nortos_msp432e4.aem4f : ClockPSysTick_nortos.oem4f (.text:ClockP_stop)
                  000042ac    00000044     msp432e4_driverlib.a : gpio.o (.text:GPIOPinConfigure)
                  000042f0    00000044     drivers_msp432e4.aem4f : PWM.oem4f (.text:PWM_init)
                  00004334    00000044     nortos_msp432e4.aem4f : SemaphoreP_nortos.oem4f (.text:SemaphoreP_post)
                  00004378    00000044     msp432e4_driverlib.a : sysctl.o (.text:SysCtlPeripheralPresent)
                  000043bc    00000044                          : sysctl.o (.text:SysCtlPeripheralReady)
                  00004400    00000044     drivers_msp432e4.aem4f : Timer.oem4f (.text:Timer_init)
                  00004444    00000044                            : UART.oem4f (.text:UART_init)
                  00004488    00000044     msp432e4_driverlib.a : sysctl.o (.text:_SysCtlMemTimingGet)
                  000044cc    00000044     rtsv7M4_T_le_v4SPD16_eabi.lib : autoinit.c.obj (.text:__TI_auto_init_nobinit_nopinit:__TI_auto_init_nobinit_nopinit)
                  00004510    00000040     nortos_msp432e4.aem4f : ClockPSysTick_nortos.oem4f (.text:ClockP_construct)
                  00004550    00000040     drivers_msp432e4.aem4f : PWM.oem4f (.text:PWM_open)
                  00004590    00000040                            : RingBuf.oem4f (.text:RingBuf_get)
                  000045d0    00000040     msp432e4_driverlib.a : sysctl.o (.text:SysCtlPeripheralDisable)
                  00004610    00000040                          : sysctl.o (.text:SysCtlPeripheralEnable)
                  00004650    00000040                          : sysctl.o (.text:SysCtlPeripheralPowerOff)
                  00004690    00000040                          : sysctl.o (.text:SysCtlPeripheralPowerOn)
                  000046d0    00000040                          : sysctl.o (.text:SysCtlPeripheralSleepDisable)
                  00004710    00000040                          : sysctl.o (.text:SysCtlPeripheralSleepEnable)
                  00004750    00000040     drivers_msp432e4.aem4f : Timer.oem4f (.text:Timer_open)
                  00004790    00000040                            : UARTMSP432E4.oem4f (.text:UARTMSP432E4_read)
                  000047d0    00000040                            : UART.oem4f (.text:UART_open)
                  00004810    0000003e                            : LED.oem4f (.text:LED_setBrightnessLevel)
                  0000484e    0000003e     rtsv7M4_T_le_v4SPD16_eabi.lib : _printfi.c.obj (.text:_fcpy)
                  0000488c    0000003c     nortos_msp432e4.aem4f : ClockPSysTick_nortos.oem4f (.text:ClockP_destruct)
                  000048c8    0000003c     drivers_msp432e4.aem4f : LED.oem4f (.text:LED_setOff)
                  00004904    00000038                            : TimerMSP432E4.oem4f (.text:TimerMSP432E4_hwiIntFunction)
                  0000493c    00000038     nortos_msp432e4.aem4f : ClockPSysTick_nortos.oem4f (.text:addToList)
                  00004974    00000036     drivers_msp432e4.aem4f : LED.oem4f (.text:LED_setOn)
                  000049aa    00000036     msp432e4_driverlib.a : timer.o (.text:TimerControlStall)
                  000049e0    00000036     drivers_msp432e4.aem4f : UARTMSP432E4.oem4f (.text:UARTMSP432E4_readCancel)
                  00004a16    00000036                            : LED.oem4f (.text:clockTimeoutHandler)
                  00004a4c    00000034     nortos_msp432e4.aem4f : ClockPSysTick_nortos.oem4f (.text:ClockP_startup)
                  00004a80    00000034     drivers_msp432e4.aem4f : TimerMSP432E4.oem4f (.text:TimerMSP432E4_close)
                  00004ab4    00000034     rtsv7M4_T_le_v4SPD16_eabi.lib : boot_cortex_m.c.obj (.text:_c_int00_noargs:_c_int00_noargs)
                  00004ae8    00000030     ti_drivers_config.obj (.text:Board_init)
                  00004b18    00000030     nortos_msp432e4.aem4f : ClockPSysTick_nortos.oem4f (.text:ClockP_start)
                  00004b48    00000030     drivers_msp432e4.aem4f : GPIOMSP432E4.oem4f (.text:GPIOMSP432E4_undoPinConfig)
                  00004b78    00000030     msp432e4_driverlib.a : uart.o (.text:UARTDisable)
                  00004ba8    0000002e     rtsv7M4_T_le_v4SPD16_eabi.lib : i_tofd_t2.asm.obj (.text)
                  00004bd6    00000002     nortos_msp432e4.aem4f : startup_msp432e4_ccs.oem4f (.text:faultISR)
                  00004bd8    0000002c     msp432e4_driverlib.a : sysctl.o (.text:SysCtlPeripheralClockGating)
                  00004c04    0000002c     timer.obj (.text:TimerCallBackFxn)
                  00004c30    0000002a     nortos_msp432e4.aem4f : HwiPMSP432E4_nortos.oem4f (.text:HwiP_create)
                  00004c5a    0000002a     msp432e4_driverlib.a : timer.o (.text:TimerLoadSet)
                  00004c84    0000002a                          : timer.o (.text:TimerPrescaleSet)
                  00004cae    00000002     nortos_msp432e4.aem4f : startup_msp432e4_ccs.oem4f (.text:nmiISR)
                  00004cb0    00000028     timer.obj (.text:My_Timer_Params_init)
                  00004cd8    00000028     rtsv7M4_T_le_v4SPD16_eabi.lib : memory.c.obj (.text:free_list_insert)
                  00004d00    00000024     msp432e4_driverlib.a : gpio.o (.text:GPIOPinTypeUART)
                  00004d24    00000024     nortos_msp432e4.aem4f : HwiPMSP432E4_nortos.oem4f (.text:HwiP_dispatch)
                  00004d48    00000024     msp432e4_driverlib.a : uart.o (.text:UARTCharPutNonBlocking)
                  00004d6c    00000024                          : uart.o (.text:UARTEnable)
                  00004d90    00000024     mylib.obj (.text:fputc)
                  00004db4    00000022     msp432e4_driverlib.a : gpio.o (.text:GPIOIntStatus)
                  00004dd6    00000022     drivers_msp432e4.aem4f : LED.oem4f (.text:LED_stopBlinking)
                  00004df8    00000020     msp432e4_driverlib.a : gpio.o (.text:GPIOPinWrite)
                  00004e18    00000020     drivers_msp432e4.aem4f : RingBuf.oem4f (.text:RingBuf_peek)
                  00004e38    00000020                            : GPIOMSP432E4.oem4f (.text:getGpioIntIndex)
                  00004e58    00000020     nortos_msp432e4.aem4f : startup_msp432e4_ccs.oem4f (.text:resetISR)
                  00004e78    0000001e     msp432e4_driverlib.a : timer.o (.text:TimerDisable)
                  00004e96    0000001e                          : timer.o (.text:TimerEnable)
                  00004eb4    0000001e                          : uart.o (.text:UARTBusy)
                  00004ed2    0000001e                          : uart.o (.text:UARTCharPut)
                  00004ef0    0000001e                          : uart.o (.text:UARTCharsAvail)
                  00004f0e    0000001e                          : uart.o (.text:UARTIntStatus)
                  00004f2c    0000001e     drivers_msp432e4.aem4f : LED.oem4f (.text:msToTicks)
                  00004f4a    00000002     rtsv7M4_T_le_v4SPD16_eabi.lib : div0.asm.obj (.text)
                  00004f4c    0000001c     msp432e4_driverlib.a : interrupt.o (.text:IntUnregister)
                  00004f68    0000001c                          : uart.o (.text:UARTCharGetNonBlocking)
                  00004f84    0000001c                          : uart.o (.text:UARTFlowControlSet)
                  00004fa0    0000001c                          : uart.o (.text:UARTTxIntModeSet)
                  00004fbc    0000001c     rtsv7M4_T_le_v4SPD16_eabi.lib : memory.c.obj (.text:free_list_remove)
                  00004fd8    0000001c                                   : memccpy.c.obj (.text:memccpy)
                  00004ff4    0000001a     nortos_msp432e4.aem4f : ClockPSysTick_nortos.oem4f (.text:ClockP_create)
                  0000500e    0000001a     drivers_msp432e4.aem4f : LED.oem4f (.text:LED_toggle)
                  00005028    0000001a     nortos_msp432e4.aem4f : SemaphoreP_nortos.oem4f (.text:SemaphoreP_createBinary)
                  00005042    0000001a     rtsv7M4_T_le_v4SPD16_eabi.lib : s_copysign.c.obj (.text:copysign)
                  0000505c    00000018     msp432e4_driverlib.a : fpu.o (.text:FPUEnable)
                  00005074    00000018     drivers_msp432e4.aem4f : PowerMSP432E4.oem4f (.text:Power_idleFunc)
                  0000508c    00000018     msp432e4_driverlib.a : timer.o (.text:TimerIntDisable)
                  000050a4    00000018                          : timer.o (.text:TimerIntEnable)
                  000050bc    00000018     drivers_msp432e4.aem4f : TimerMSP432E4.oem4f (.text:TimerMSP432E4_getCount)
                  000050d4    00000018     msp432e4_driverlib.a : uart.o (.text:UARTFIFOLevelSet)
                  000050ec    00000018                          : uart.o (.text:UARTIntDisable)
                  00005104    00000018                          : uart.o (.text:UARTIntEnable)
                  0000511c    00000018     drivers_msp432e4.aem4f : UART.oem4f (.text:UART_Params_init)
                  00005134    00000016     nortos_msp432e4.aem4f : SemaphoreP_nortos.oem4f (.text:SemaphoreP_create)
                  0000514a    00000016     msp432e4_driverlib.a : uart.o (.text:UARTCharGet)
                  00005160    00000016     main_nortos.obj (.text:main)
                  00005176    00000016     rtsv7M4_T_le_v4SPD16_eabi.lib : strchr.c.obj (.text:strchr)
                  0000518c    00000014     msp432e4_driverlib.a : gpio.o (.text:GPIOIntClear)
                  000051a0    00000014     drivers_msp432e4.aem4f : GPIOMSP432E4.oem4f (.text:GPIOMSP432E4_getGpioBaseAddr)
                  000051b4    00000014                            : GPIOMSP432E4.oem4f (.text:GPIOMSP432E4_getPowerResourceId)
                  000051c8    00000014     nortos_msp432e4.aem4f : HwiPMSP432E4_nortos.oem4f (.text:HwiP_inISR)
                  000051dc    00000014     drivers_msp432e4.aem4f : PWM.oem4f (.text:PWM_Params_init)
                  000051f0    00000014                            : PowerMSP432E4.oem4f (.text:Power_disablePolicy)
                  00005204    00000014     rtsv7M4_T_le_v4SPD16_eabi.lib : strlen.c.obj (.text:strlen)
                  00005218    00000012     nortos_msp432e4.aem4f : HwiPMSP432E4_nortos.oem4f (.text:HwiP_Params_init)
                  0000522a    00000012                           : HwiPMSP432E4_nortos.oem4f (.text:HwiP_destruct)
                  0000523c    00000012     drivers_msp432e4.aem4f : LED.oem4f (.text:LED_Params_init)
                  0000524e    00000012                            : RingBuf.oem4f (.text:RingBuf_construct)
                  00005260    00000012     msp432e4_driverlib.a : timer.o (.text:TimerIntClear)
                  00005272    00000012                          : uart.o (.text:UARTIntClear)
                  00005284    00000012                          : uart.o (.text:UARTRxErrorGet)
                  00005296    00000012     rtsv7M4_T_le_v4SPD16_eabi.lib : wcslen.c.obj (.text:wcslen)
                  000052a8    00000010     nortos_msp432e4.aem4f : ClockPSysTick_nortos.oem4f (.text:ClockP_add)
                  000052b8    00000010                           : ClockPSysTick_nortos.oem4f (.text:ClockP_delete)
                  000052c8    00000010                           : ClockPSysTick_nortos.oem4f (.text:ClockP_getCpuFreq)
                  000052d8    00000010                           : HwiPMSP432E4_nortos.oem4f (.text:HwiP_delete)
                  000052e8    00000010     msp432e4_driverlib.a : interrupt.o (.text:IntMasterDisable)
                  000052f8    00000010                          : interrupt.o (.text:IntMasterEnable)
                  00005308    00000010     nortos_msp432e4.aem4f : PowerMSP432E4_nortos.oem4f (.text:PowerMSP432E4_sleepPolicy)
                  00005318    00000010     drivers_msp432e4.aem4f : PowerMSP432E4.oem4f (.text:Power_enablePolicy)
                  00005328    00000010     nortos_msp432e4.aem4f : SemaphoreP_nortos.oem4f (.text:SemaphoreP_Params_init)
                  00005338    00000010     msp432e4_driverlib.a : uart.o (.text:UARTRxErrorClear)
                  00005348    00000010     drivers_msp432e4.aem4f : UARTMSP432E4.oem4f (.text:readBlockingTimeout)
                  00005358    0000000e                            : RingBuf.oem4f (.text:RingBuf_isFull)
                  00005366    0000000e     rtsv7M4_T_le_v4SPD16_eabi.lib : copy_decompress_none.c.obj (.text:decompress:none:__TI_decompress_none)
                  00005374    0000000c     msp432e4_driverlib.a : cpu.o (.text:CPUcpsid)
                  00005380    0000000c                          : cpu.o (.text:CPUcpsie)
                  0000538c    0000000c     nortos_msp432e4.aem4f : ClockPSysTick_nortos.oem4f (.text:ClockP_getSystemTickPeriod)
                  00005398    0000000c     rtsv7M4_T_le_v4SPD16_eabi.lib : copy_zero_init.c.obj (.text:decompress:ZI:__TI_zero_init)
                  000053a4    0000000a     nortos_msp432e4.aem4f : ClockPSysTick_nortos.oem4f (.text:ClockP_Params_init)
                  000053ae    0000000a                           : ClockPSysTick_nortos.oem4f (.text:ClockP_isActive)
                  000053b8    0000000a     drivers_msp432e4.aem4f : PWM.oem4f (.text:PWM_close)
                  000053c2    0000000a                            : PWM.oem4f (.text:PWM_setDuty)
                  000053cc    0000000a                            : PWM.oem4f (.text:PWM_start)
                  000053d6    0000000a                            : Timer.oem4f (.text:Timer_start)
                  000053e0    00000008     nortos_msp432e4.aem4f : HwiPMSP432E4_nortos.oem4f (.text:HwiP_restore)
                  000053e8    00000008     rtsv7M4_T_le_v4SPD16_eabi.lib : errno.c.obj (.text:__aeabi_errno_addr)
                  000053f0    00000008                                   : memory.c.obj (.text:malloc)
                  000053f8    00000008     drivers_msp432e4.aem4f : UARTMSP432E4.oem4f (.text:readSemCallback)
                  00005400    00000008                            : UARTMSP432E4.oem4f (.text:writeSemCallback)
                  00005408    00000006                            : TimerMSP432E4.oem4f (.text:TimerMSP432E4_control)
                  0000540e    00000004     nortos_msp432e4.aem4f : ClockPSysTick_nortos.oem4f (.text:ClockP_setTimeout)
                  00005412    00000004                           : HwiPMSP432E4_nortos.oem4f (.text:HwiP_clearInterrupt)
                  00005416    00000004                           : HwiPMSP432E4_nortos.oem4f (.text:HwiP_disable)
                  0000541a    00000004                           : HwiPMSP432E4_nortos.oem4f (.text:HwiP_enable)
                  0000541e    00000004                           : SemaphoreP_nortos.oem4f (.text:SemaphoreP_delete)
                  00005422    00000004     rtsv7M4_T_le_v4SPD16_eabi.lib : printf.c.obj (.text:_outc)
                  00005426    00000004                                   : printf.c.obj (.text:_outs)
                  0000542a    00000004                                   : pre_init.c.obj (.text:_system_pre_init)
                  0000542e    00000004                                   : exit.c.obj (.text:abort:abort)

.const     0    00005434    0000065a     
                  00005434    000001b0     msp432e4_driverlib.a : sysctl.o (.const:g_pppui32XTALtoVCO)
                  000055e4    00000101     rtsv7M4_T_le_v4SPD16_eabi.lib : ctype.c.obj (.const:.string:_ctypes_)
                  000056e5    00000003     drivers_msp432e4.aem4f : GPIOMSP432E4.oem4f (.const:.string:inPinTypes)
                  000056e8    0000009c     msp432e4_driverlib.a : interrupt.o (.const:g_pui32Regs)
                  00005784    00000048                          : gpio.o (.const:g_pui32GPIOBaseAddrs)
                  000057cc    00000048     drivers_msp432e4.aem4f : GPIOMSP432E4.oem4f (.const:gpioBaseAddresses)
                  00005814    00000048                            : GPIOMSP432E4.oem4f (.const:powerMgrIds)
                  0000585c    00000030     msp432e4_driverlib.a : sysctl.o (.const:g_sXTALtoMEMTIM)
                  0000588c    0000002c     ti_drivers_config.obj (.const:uartMSP432E4HWAttrs)
                  000058b8    00000028     drivers_msp432e4.aem4f : UARTMSP432E4.oem4f (.const:UARTMSP432E4_fxnTable)
                  000058e0    00000028     msp432e4_driverlib.a : sysctl.o (.const:g_pui32Xtals)
                  00005908    00000024     drivers_msp432e4.aem4f : UART.oem4f (.const:UART_defaultParams)
                  0000592c    00000020                            : GPIOMSP432E4.oem4f (.const:.string:gpioInterruptVectors)
                  0000594c    00000020                            : TimerMSP432E4.oem4f (.const:TimerMSP432E4_fxnTable)
                  0000596c    00000020                            : UARTMSP432E4.oem4f (.const:staticFxnTable)
                  0000598c    00000018                            : PWM.oem4f (.const:PWM_defaultParams)
                  000059a4    00000014     ti_drivers_config.obj (.const:GPIOMSP432E4_config)
                  000059b8    00000014     msp432e4_driverlib.a : interrupt.o (.const:g_pui32Dii16Regs)
                  000059cc    00000014                          : interrupt.o (.const:g_pui32EnRegs)
                  000059e0    00000014                          : interrupt.o (.const:g_pui32UnpendRegs)
                  000059f4    00000014     drivers_msp432e4.aem4f : UARTMSP432E4.oem4f (.const:parityType)
                  00005a08    00000010                            : UARTMSP432E4.oem4f (.const:dataLength)
                  00005a18    00000010     ti_drivers_config.obj (.const:timerMSP432E4HWAttrs)
                  00005a28    0000000c     ti_drivers_config.obj (.const:Timer_config)
                  00005a34    0000000c     ti_drivers_config.obj (.const:UART_config)
                  00005a40    0000000c     drivers_msp432e4.aem4f : Timer.oem4f (.const:defaultParams)
                  00005a4c    00000008     ti_drivers_config.obj (.const:LED_config)
                  00005a54    00000008     drivers_msp432e4.aem4f : LED.oem4f (.const:LED_defaultParams)
                  00005a5c    00000008     ti_drivers_config.obj (.const:PowerMSP432E4_config)
                  00005a64    00000008     msp432e4_driverlib.a : sysctl.o (.const:g_pui32VCOFrequencies)
                  00005a6c    00000008     drivers_msp432e4.aem4f : UARTMSP432E4.oem4f (.const:stopBits)
                  00005a74    00000007                            : GPIOMSP432E4.oem4f (.const:.string:outPinStrengths)
                  00005a7b    00000007     ti_drivers_config.obj (.const)
                  00005a82    00000006     drivers_msp432e4.aem4f : GPIOMSP432E4.oem4f (.const:.string:interruptType)
                  00005a88    00000004                            : GPIOMSP432E4.oem4f (.const:.string:outPinTypes)
                  00005a8c    00000002     ti_drivers_config.obj (.const:LEDHWAttrs)

.cinit     0    00005a90    00000148     
                  00005a90    00000111     (.cinit..data.load) [load image, compression = lzss]
                  00005ba1    00000003     --HOLE-- [fill = 0]
                  00005ba4    0000000c     (__TI_handler_table)
                  00005bb0    00000008     (.cinit..bss.load) [load image, compression = zero_init]
                  00005bb8    00000008     (.cinit..vtable.load) [load image, compression = zero_init]
                  00005bc0    00000018     (__TI_cinit_table)

.init_array 
*          0    00000000    00000000     UNINITIALIZED

.vtable    0    20000000    0000026c     UNINITIALIZED
                  20000000    0000026c     msp432e4_driverlib.a : interrupt.o (.vtable)

.sysmem    0    20000270    00008000     UNINITIALIZED
                  20000270    00000010     rtsv7M4_T_le_v4SPD16_eabi.lib : memory.c.obj (.sysmem)
                  20000280    00007ff0     --HOLE--

.data      0    20008270    00000500     UNINITIALIZED
                  20008270    0000026c     nortos_msp432e4.aem4f : HwiPMSP432E4_nortos.oem4f (.data:HwiP_dispatchTable)
                  200084dc    0000016c     drivers_msp432e4.aem4f : PowerMSP432E4.oem4f (.data:PowerMSP432E4_module)
                  20008648    000000f0     rtsv7M4_T_le_v4SPD16_eabi.lib : defs.c.obj (.data:_ftable)
                  20008738    00000008                                   : _lock.c.obj (.data:$O1$$)
                  20008740    00000008                                   : memory.c.obj (.data:$O1$$)
                  20008748    00000008     nortos_msp432e4.aem4f : SemaphoreP_nortos.oem4f (.data:SemaphoreP_defaultParams)
                  20008750    00000005     drivers_msp432e4.aem4f : GPIOMSP432E4.oem4f (.data)
                  20008755    00000003     nortos_msp432e4.aem4f : SemaphoreP_nortos.oem4f (.data)
                  20008758    00000005                           : ClockPSysTick_nortos.oem4f (.data)
                  2000875d    00000001     drivers_msp432e4.aem4f : PWM.oem4f (.data)
                  2000875e    00000001                            : Timer.oem4f (.data)
                  2000875f    00000001                            : UART.oem4f (.data)
                  20008760    00000004     ti_drivers_config.obj (.data:gpioCallbackFunctions)
                  20008764    00000004     ti_drivers_config.obj (.data:gpioPinConfigs)
                  20008768    00000004     nortos_msp432e4.aem4f : HwiPMSP432E4_nortos.oem4f (.data)
                  2000876c    00000004     rtsv7M4_T_le_v4SPD16_eabi.lib : errno.c.obj (.data)

.bss       0    20008770    000001e8     UNINITIALIZED
                  20008770    00000090     drivers_msp432e4.aem4f : GPIOMSP432E4.oem4f (.bss:gpioCallbackInfo)
                  20008800    00000064     (.common:uartMSP432E4Objects)
                  20008864    00000040     (.common:LEDObjects)
                  200088a4    00000034     (.common:timerMSP432E4Objects)
                  200088d8    00000024     (.common:uartParams)
                  200088fc    00000020     ti_drivers_config.obj (.bss:uartMSP432E4RingBuffer0)
                  2000891c    00000004     drivers_msp432e4.aem4f : GPIOMSP432E4.oem4f (.bss)
                  20008920    00000010     (.common:ClockP_ctrl)
                  20008930    0000000c     (.common:timerParams)
                  2000893c    00000008     (.common:ledParams)
                  20008944    00000004     nortos_msp432e4.aem4f : ClockPSysTick_nortos.oem4f (.bss)
                  20008948    00000004     drivers_msp432e4.aem4f : TimerMSP432E4.oem4f (.bss:timerState)
                  2000894c    00000004     (.common:ledHandle)
                  20008950    00000004     (.common:timerHandle)
                  20008954    00000004     (.common:uartHandle)

.stack     0    2003f000    00001000     UNINITIALIZED
                  2003f000    00000004     rtsv7M4_T_le_v4SPD16_eabi.lib : boot_cortex_m.c.obj (.stack)
                  2003f004    00000ffc     --HOLE--

__llvm_prf_cnts 
*          0    20000000    00000000     UNINITIALIZED

.binit     0    00000000    00000000     

MODULE SUMMARY

       Module                       code    ro data   rw data
       ------                       ----    -------   -------
    .\
       timer.obj                    284     0         28     
       main_nortos.obj              22      0         0      
    +--+----------------------------+-------+---------+---------+
       Total:                       306     0         28     
                                                             
    .\MyLib\
       mylib.obj                    188     0         40     
    +--+----------------------------+-------+---------+---------+
       Total:                       188     0         40     
                                                             
    .\syscfg\
       ti_drivers_config.obj        50      129       256    
    +--+----------------------------+-------+---------+---------+
       Total:                       50      129       256    
                                                             
    D:/CCS/MSP432E4_SDK/simplelink_msp432e4_sdk_4_20_00_12/kernel/nortos/lib/nortos_msp432e4.aem4f
       HwiPMSP432E4_nortos.oem4f    282     0         624    
       ClockPSysTick_nortos.oem4f   626     0         25     
       startup_msp432e4_ccs.oem4f   40      512       0      
       SemaphoreP_nortos.oem4f      378     0         11     
       PowerMSP432E4_nortos.oem4f   16      0         0      
    +--+----------------------------+-------+---------+---------+
       Total:                       1342    512       660    
                                                             
    D:/CCS/MSP432E4_SDK/simplelink_msp432e4_sdk_4_20_00_12/source/ti/devices/msp432e4/driverlib/lib/ccs/m4f/msp432e4_driverlib.a
       sysctl.o                     1512    528       0      
       interrupt.o                  582     216       620    
       gpio.o                       1016    72        0      
       uart.o                       588     0         0      
       timer.o                      264     0         0      
       cpu.o                        24      0         0      
       fpu.o                        24      0         0      
    +--+----------------------------+-------+---------+---------+
       Total:                       4010    816       620    
                                                             
    D:/CCS/MSP432E4_SDK/simplelink_msp432e4_sdk_4_20_00_12/source/ti/drivers/lib/drivers_msp432e4.aem4f
       UARTMSP432E4.oem4f           2914    116       0      
       GPIOMSP432E4.oem4f           956     196       153    
       TimerMSP432E4.oem4f          1168    32        4      
       PowerMSP432E4.oem4f          372     0         364    
       LED.oem4f                    692     8         0      
       PWM.oem4f                    182     24        1      
       RingBuf.oem4f                198     0         0      
       UART.oem4f                   156     36        1      
       Timer.oem4f                  142     12        1      
    +--+----------------------------+-------+---------+---------+
       Total:                       6780    424       524    
                                                             
    D:\CCS\CCS10.4\ccs\tools\compiler\ti-cgt-arm_20.2.5.LTS\lib\rtsv7M4_T_le_v4SPD16_eabi.lib
       _printfi.c.obj               4851    0         0      
       memory.c.obj                 672     0         8      
       fd_add_t2.asm.obj            438     0         0      
       fd_div_t2.asm.obj            310     0         0      
       s_scalbn.c.obj               272     0         0      
       fd_cmp_t2.asm.obj            268     0         0      
       ctype.c.obj                  0       257       0      
       fd_mul_t2.asm.obj            252     0         0      
       defs.c.obj                   0       0         240    
       memcpy_t2.asm.obj            156     0         0      
       ull_div_t2.asm.obj           150     0         0      
       memset_t2.asm.obj            122     0         0      
       printf.c.obj                 112     0         0      
       copy_decompress_lzss.c.obj   104     0         0      
       s_frexp.c.obj                100     0         0      
       _ltoa.c.obj                  84      0         0      
       atoi.c.obj                   76      0         0      
       fd_toi_t2.asm.obj            72      0         0      
       autoinit.c.obj               68      0         0      
       boot_cortex_m.c.obj          52      0         0      
       i_tofd_t2.asm.obj            46      0         0      
       memccpy.c.obj                28      0         0      
       s_copysign.c.obj             26      0         0      
       strchr.c.obj                 22      0         0      
       strlen.c.obj                 20      0         0      
       wcslen.c.obj                 18      0         0      
       copy_decompress_none.c.obj   14      0         0      
       copy_zero_init.c.obj         12      0         0      
       errno.c.obj                  8       0         4      
       _lock.c.obj                  2       0         8      
       exit.c.obj                   4       0         0      
       pre_init.c.obj               4       0         0      
       div0.asm.obj                 2       0         0      
    +--+----------------------------+-------+---------+---------+
       Total:                       8365    257       260    
                                                             
       Heap:                        0       0         32768  
       Stack:                       0       0         4096   
       Linker Generated:            0       325       0      
    +--+----------------------------+-------+---------+---------+
       Grand Total:                 21041   2463      39252  


LINKER GENERATED COPY TABLES

__TI_cinit_table @ 00005bc0 records: 3, size/record: 8, table size: 24
	.data: load addr=00005a90, load size=00000111 bytes, run addr=20008270, run size=00000500 bytes, compression=lzss
	.bss: load addr=00005bb0, load size=00000008 bytes, run addr=20008770, run size=000001e8 bytes, compression=zero_init
	.vtable: load addr=00005bb8, load size=00000008 bytes, run addr=20000000, run size=0000026c bytes, compression=zero_init


LINKER GENERATED HANDLER TABLE

__TI_handler_table @ 00005ba4 records: 3, size/record: 4, table size: 12
	index: 0, handler: __TI_zero_init
	index: 1, handler: __TI_decompress_lzss
	index: 2, handler: __TI_decompress_none


GLOBAL SYMBOLS: SORTED ALPHABETICALLY BY Name 

address   name                               
-------   ----                               
00004ae9  Board_init                         
00000c4f  Board_initHook                     
0000542f  C$$EXIT                            
00005a80  CONFIG_LED_0_CONST                 
00005a7b  CONFIG_LED_0_GPIO_CONST            
00005a7c  CONFIG_TIMER_0_CONST               
00005a7e  CONFIG_UART_0_CONST                
00005375  CPUcpsid                           
00005381  CPUcpsie                           
000053a5  ClockP_Params_init                 
000052a9  ClockP_add                         
00004511  ClockP_construct                   
00004ff5  ClockP_create                      
20008920  ClockP_ctrl                        
000052b9  ClockP_delete                      
0000488d  ClockP_destruct                    
00003da9  ClockP_doTick                      
000052c9  ClockP_getCpuFreq                  
0000538d  ClockP_getSystemTickPeriod         
000053af  ClockP_isActive                    
0000540f  ClockP_setTimeout                  
00004b19  ClockP_start                       
00004a4d  ClockP_startup                     
00004269  ClockP_stop                        
00003da9  ClockP_sysTickHandler              
20008758  ClockP_tickPeriod                  
0000505d  FPUEnable                          
00003989  GPIODirModeSet                     
0000518d  GPIOIntClear                       
00004db5  GPIOIntStatus                      
000029d5  GPIOIntTypeSet                     
000059a4  GPIOMSP432E4_config                
000051a1  GPIOMSP432E4_getGpioBaseAddr       
000051b5  GPIOMSP432E4_getPowerResourceId    
00004b49  GPIOMSP432E4_undoPinConfig         
00001491  GPIOPadConfigSet                   
000042ad  GPIOPinConfigure                   
00004d01  GPIOPinTypeUART                    
00004df9  GPIOPinWrite                       
000035ed  GPIO_hwiIntFxn                     
00002929  GPIO_init                          
00003af9  GPIO_setCallback                   
00001a55  GPIO_setConfig                     
00003c59  GPIO_write                         
00005219  HwiP_Params_init                   
00005413  HwiP_clearInterrupt                
00003431  HwiP_construct                     
00004c31  HwiP_create                        
000052d9  HwiP_delete                        
0000522b  HwiP_destruct                      
00005417  HwiP_disable                       
0000541b  HwiP_enable                        
000051c9  HwiP_inISR                         
000053e1  HwiP_restore                       
20008768  HwiP_swiPIntNum                    
00003151  IntDisable                         
000031d1  IntEnable                          
000052e9  IntMasterDisable                   
000052f9  IntMasterEnable                    
00003b51  IntPendClear                       
00003cad  IntPrioritySet                     
000039e5  IntRegister                        
00004f4d  IntUnregister                      
20008864  LEDObjects                         
0000523d  LED_Params_init                    
00005a4c  LED_config                         
00005a81  LED_count                          
00005a54  LED_defaultParams                  
000016cb  LED_init                           
00002089  LED_open                           
00004811  LED_setBrightnessLevel             
000048c9  LED_setOff                         
00004975  LED_setOn                          
00003df9  LED_startBlinking                  
00004dd7  LED_stopBlinking                   
0000500f  LED_toggle                         
00004cb1  My_Timer_Params_init               
0000541b  NoRTOS_start                       
000051dd  PWM_Params_init                    
000053b9  PWM_close                          
UNDEFED   PWM_config                         
UNDEFED   PWM_count                          
0000598c  PWM_defaultParams                  
000042f1  PWM_init                           
00004551  PWM_open                           
000053c3  PWM_setDuty                        
000053cd  PWM_start                          
00005a5c  PowerMSP432E4_config               
200084dc  PowerMSP432E4_module               
00005309  PowerMSP432E4_sleepPolicy          
000051f1  Power_disablePolicy                
00005319  Power_enablePolicy                 
00005075  Power_idleFunc                     
0000385d  Power_init                         
00003581  Power_releaseDependency            
00003655  Power_setDependency                
0000524f  RingBuf_construct                  
00004591  RingBuf_get                        
00005359  RingBuf_isFull                     
00004e19  RingBuf_peek                       
000041dd  RingBuf_put                        
00005329  SemaphoreP_Params_init             
00003e49  SemaphoreP_construct               
00005135  SemaphoreP_create                  
00005029  SemaphoreP_createBinary            
20008748  SemaphoreP_defaultParams           
0000541f  SemaphoreP_delete                  
00002a79  SemaphoreP_pend                    
00004335  SemaphoreP_post                    
00000f41  SysCtlClockFreqSet                 
00004bd9  SysCtlPeripheralClockGating        
000045d1  SysCtlPeripheralDisable            
00004611  SysCtlPeripheralEnable             
00004651  SysCtlPeripheralPowerOff           
00004691  SysCtlPeripheralPowerOn            
00004379  SysCtlPeripheralPresent            
000043bd  SysCtlPeripheralReady              
000046d1  SysCtlPeripheralSleepDisable       
00004711  SysCtlPeripheralSleepEnable        
00004c05  TimerCallBackFxn                   
000049ab  TimerControlStall                  
00004e79  TimerDisable                       
00004e97  TimerEnable                        
00005261  TimerIntClear                      
0000508d  TimerIntDisable                    
000050a5  TimerIntEnable                     
00004c5b  TimerLoadSet                       
000036bd  TimerMSP432E4_allocateTimerResource
00004a81  TimerMSP432E4_close                
00005409  TimerMSP432E4_control              
00003fd5  TimerMSP432E4_freeTimerResource    
0000594c  TimerMSP432E4_fxnTable             
000050bd  TimerMSP432E4_getCount             
00001a53  TimerMSP432E4_init                 
00001f71  TimerMSP432E4_open                 
00002f35  TimerMSP432E4_setPeriod            
000033bd  TimerMSP432E4_start                
00003f39  TimerMSP432E4_stop                 
00004c85  TimerPrescaleSet                   
00005a28  Timer_config                       
00005a7d  Timer_count                        
00004401  Timer_init                         
00004751  Timer_open                         
000053d7  Timer_start                        
00004eb5  UARTBusy                           
0000514b  UARTCharGet                        
00004f69  UARTCharGetNonBlocking             
00004ed3  UARTCharPut                        
00004d49  UARTCharPutNonBlocking             
00004ef1  UARTCharsAvail                     
00003347  UARTConfigSetExpClk                
00004b79  UARTDisable                        
00004d6d  UARTEnable                         
000050d5  UARTFIFOLevelSet                   
00004f85  UARTFlowControlSet                 
00005273  UARTIntClear                       
000050ed  UARTIntDisable                     
00005105  UARTIntEnable                      
00004f0f  UARTIntStatus                      
00002651  UARTMSP432E4_close                 
00002e15  UARTMSP432E4_control               
000058b8  UARTMSP432E4_fxnTable              
00001e4b  UARTMSP432E4_init                  
00000c51  UARTMSP432E4_open                  
00004791  UARTMSP432E4_read                  
000049e1  UARTMSP432E4_readCancel            
00002b19  UARTMSP432E4_readPolling           
00002c53  UARTMSP432E4_write                 
00004105  UARTMSP432E4_writeCancel           
00004021  UARTMSP432E4_writePolling          
00005339  UARTRxErrorClear                   
00005285  UARTRxErrorGet                     
00004fa1  UARTTxIntModeSet                   
0000511d  UART_Params_init                   
00005a34  UART_config                        
00005a7f  UART_count                         
00005908  UART_defaultParams                 
00004445  UART_init                          
000047d1  UART_open                          
20040000  __STACK_END                        
00001000  __STACK_SIZE                       
00008000  __SYSMEM_SIZE                      
00005bc0  __TI_CINIT_Base                    
00005bd8  __TI_CINIT_Limit                   
00005ba4  __TI_Handler_Table_Base            
00005bb0  __TI_Handler_Table_Limit           
000044cd  __TI_auto_init_nobinit_nopinit     
00003725  __TI_decompress_lzss               
00005367  __TI_decompress_none               
00003d01  __TI_ltoa                          
ffffffff  __TI_pprof_out_hndl                
00000201  __TI_printfi                       
ffffffff  __TI_prof_data_size                
ffffffff  __TI_prof_data_start               
00005a90  __TI_static_base__                 
00005399  __TI_zero_init                     
00003045  __aeabi_cdcmpeq                    
00003045  __aeabi_cdcmple                    
000030cb  __aeabi_cdrcmple                   
00004195  __aeabi_d2iz                       
000018a7  __aeabi_dadd                       
00001d15  __aeabi_ddiv                       
000023a9  __aeabi_dmul                       
0000189d  __aeabi_dsub                       
000053e9  __aeabi_errno_addr                 
00004ba9  __aeabi_i2d                        
00004f4b  __aeabi_idiv0                      
00004f4b  __aeabi_ldiv0                      
000032cd  __aeabi_memclr                     
000032cd  __aeabi_memclr4                    
000032cd  __aeabi_memclr8                    
00002bb7  __aeabi_memcpy                     
00002bb7  __aeabi_memcpy4                    
00002bb7  __aeabi_memcpy8                    
000032cf  __aeabi_memset                     
000032cf  __aeabi_memset4                    
000032cf  __aeabi_memset8                    
00002ceb  __aeabi_uldivmod                   
ffffffff  __binit__                          
ffffffff  __c_args__                         
UNDEFED   __mpu_init                         
2003f000  __stack                            
20000000  __start___llvm_prf_cnts            
20000000  __stop___llvm_prf_cnts             
00004ab5  _c_int00_noargs                    
000055e4  _ctypes_                           
20008648  _ftable                            
20008738  _lock                              
0000342f  _nop                               
20000270  _sys_memory                        
UNDEFED   _system_post_cinit                 
0000542b  _system_pre_init                   
2000873c  _unlock                            
0000542f  abort                              
000022a9  aligned_alloc                      
0000406d  atoi                               
ffffffff  binit                              
00003c57  clkFxn                             
00005043  copysign                           
00005043  copysignl                          
2000876c  errno                              
00004d91  fputc                              
00003ee9  fputs                              
000024a5  free                               
000038c1  frexp                              
000038c1  frexpl                             
20000000  g_pfnRAMVectors                    
20008760  gpioCallbackFunctions              
20008764  gpioPinConfigs                     
00002199  ldexp                              
00002199  ldexpl                             
2000894c  ledHandle                          
2000893c  ledParams                          
00005161  main                               
0000414d  mainLib                            
00002589  mainThread                         
000053f1  malloc                             
000022a9  memalign                           
00004fd9  memccpy                            
00002bb7  memcpy                             
000032d5  memset                             
0000378d  printf                             
00004e59  resetISR                           
00000000  resetVectors                       
00002199  scalbn                             
00002199  scalbnl                            
00005177  strchr                             
00005205  strlen                             
20008950  timerHandle                        
00005a18  timerMSP432E4HWAttrs               
200088a4  timerMSP432E4Objects               
20008930  timerParams                        
20008954  uartHandle                         
20008800  uartMSP432E4Objects                
200088d8  uartParams                         
00005297  wcslen                             


GLOBAL SYMBOLS: SORTED BY Symbol Address 

address   name                               
-------   ----                               
00000000  resetVectors                       
00000201  __TI_printfi                       
00000c4f  Board_initHook                     
00000c51  UARTMSP432E4_open                  
00000f41  SysCtlClockFreqSet                 
00001000  __STACK_SIZE                       
00001491  GPIOPadConfigSet                   
000016cb  LED_init                           
0000189d  __aeabi_dsub                       
000018a7  __aeabi_dadd                       
00001a53  TimerMSP432E4_init                 
00001a55  GPIO_setConfig                     
00001d15  __aeabi_ddiv                       
00001e4b  UARTMSP432E4_init                  
00001f71  TimerMSP432E4_open                 
00002089  LED_open                           
00002199  ldexp                              
00002199  ldexpl                             
00002199  scalbn                             
00002199  scalbnl                            
000022a9  aligned_alloc                      
000022a9  memalign                           
000023a9  __aeabi_dmul                       
000024a5  free                               
00002589  mainThread                         
00002651  UARTMSP432E4_close                 
00002929  GPIO_init                          
000029d5  GPIOIntTypeSet                     
00002a79  SemaphoreP_pend                    
00002b19  UARTMSP432E4_readPolling           
00002bb7  __aeabi_memcpy                     
00002bb7  __aeabi_memcpy4                    
00002bb7  __aeabi_memcpy8                    
00002bb7  memcpy                             
00002c53  UARTMSP432E4_write                 
00002ceb  __aeabi_uldivmod                   
00002e15  UARTMSP432E4_control               
00002f35  TimerMSP432E4_setPeriod            
00003045  __aeabi_cdcmpeq                    
00003045  __aeabi_cdcmple                    
000030cb  __aeabi_cdrcmple                   
00003151  IntDisable                         
000031d1  IntEnable                          
000032cd  __aeabi_memclr                     
000032cd  __aeabi_memclr4                    
000032cd  __aeabi_memclr8                    
000032cf  __aeabi_memset                     
000032cf  __aeabi_memset4                    
000032cf  __aeabi_memset8                    
000032d5  memset                             
00003347  UARTConfigSetExpClk                
000033bd  TimerMSP432E4_start                
0000342f  _nop                               
00003431  HwiP_construct                     
00003581  Power_releaseDependency            
000035ed  GPIO_hwiIntFxn                     
00003655  Power_setDependency                
000036bd  TimerMSP432E4_allocateTimerResource
00003725  __TI_decompress_lzss               
0000378d  printf                             
0000385d  Power_init                         
000038c1  frexp                              
000038c1  frexpl                             
00003989  GPIODirModeSet                     
000039e5  IntRegister                        
00003af9  GPIO_setCallback                   
00003b51  IntPendClear                       
00003c57  clkFxn                             
00003c59  GPIO_write                         
00003cad  IntPrioritySet                     
00003d01  __TI_ltoa                          
00003da9  ClockP_doTick                      
00003da9  ClockP_sysTickHandler              
00003df9  LED_startBlinking                  
00003e49  SemaphoreP_construct               
00003ee9  fputs                              
00003f39  TimerMSP432E4_stop                 
00003fd5  TimerMSP432E4_freeTimerResource    
00004021  UARTMSP432E4_writePolling          
0000406d  atoi                               
00004105  UARTMSP432E4_writeCancel           
0000414d  mainLib                            
00004195  __aeabi_d2iz                       
000041dd  RingBuf_put                        
00004269  ClockP_stop                        
000042ad  GPIOPinConfigure                   
000042f1  PWM_init                           
00004335  SemaphoreP_post                    
00004379  SysCtlPeripheralPresent            
000043bd  SysCtlPeripheralReady              
00004401  Timer_init                         
00004445  UART_init                          
000044cd  __TI_auto_init_nobinit_nopinit     
00004511  ClockP_construct                   
00004551  PWM_open                           
00004591  RingBuf_get                        
000045d1  SysCtlPeripheralDisable            
00004611  SysCtlPeripheralEnable             
00004651  SysCtlPeripheralPowerOff           
00004691  SysCtlPeripheralPowerOn            
000046d1  SysCtlPeripheralSleepDisable       
00004711  SysCtlPeripheralSleepEnable        
00004751  Timer_open                         
00004791  UARTMSP432E4_read                  
000047d1  UART_open                          
00004811  LED_setBrightnessLevel             
0000488d  ClockP_destruct                    
000048c9  LED_setOff                         
00004975  LED_setOn                          
000049ab  TimerControlStall                  
000049e1  UARTMSP432E4_readCancel            
00004a4d  ClockP_startup                     
00004a81  TimerMSP432E4_close                
00004ab5  _c_int00_noargs                    
00004ae9  Board_init                         
00004b19  ClockP_start                       
00004b49  GPIOMSP432E4_undoPinConfig         
00004b79  UARTDisable                        
00004ba9  __aeabi_i2d                        
00004bd9  SysCtlPeripheralClockGating        
00004c05  TimerCallBackFxn                   
00004c31  HwiP_create                        
00004c5b  TimerLoadSet                       
00004c85  TimerPrescaleSet                   
00004cb1  My_Timer_Params_init               
00004d01  GPIOPinTypeUART                    
00004d49  UARTCharPutNonBlocking             
00004d6d  UARTEnable                         
00004d91  fputc                              
00004db5  GPIOIntStatus                      
00004dd7  LED_stopBlinking                   
00004df9  GPIOPinWrite                       
00004e19  RingBuf_peek                       
00004e59  resetISR                           
00004e79  TimerDisable                       
00004e97  TimerEnable                        
00004eb5  UARTBusy                           
00004ed3  UARTCharPut                        
00004ef1  UARTCharsAvail                     
00004f0f  UARTIntStatus                      
00004f4b  __aeabi_idiv0                      
00004f4b  __aeabi_ldiv0                      
00004f4d  IntUnregister                      
00004f69  UARTCharGetNonBlocking             
00004f85  UARTFlowControlSet                 
00004fa1  UARTTxIntModeSet                   
00004fd9  memccpy                            
00004ff5  ClockP_create                      
0000500f  LED_toggle                         
00005029  SemaphoreP_createBinary            
00005043  copysign                           
00005043  copysignl                          
0000505d  FPUEnable                          
00005075  Power_idleFunc                     
0000508d  TimerIntDisable                    
000050a5  TimerIntEnable                     
000050bd  TimerMSP432E4_getCount             
000050d5  UARTFIFOLevelSet                   
000050ed  UARTIntDisable                     
00005105  UARTIntEnable                      
0000511d  UART_Params_init                   
00005135  SemaphoreP_create                  
0000514b  UARTCharGet                        
00005161  main                               
00005177  strchr                             
0000518d  GPIOIntClear                       
000051a1  GPIOMSP432E4_getGpioBaseAddr       
000051b5  GPIOMSP432E4_getPowerResourceId    
000051c9  HwiP_inISR                         
000051dd  PWM_Params_init                    
000051f1  Power_disablePolicy                
00005205  strlen                             
00005219  HwiP_Params_init                   
0000522b  HwiP_destruct                      
0000523d  LED_Params_init                    
0000524f  RingBuf_construct                  
00005261  TimerIntClear                      
00005273  UARTIntClear                       
00005285  UARTRxErrorGet                     
00005297  wcslen                             
000052a9  ClockP_add                         
000052b9  ClockP_delete                      
000052c9  ClockP_getCpuFreq                  
000052d9  HwiP_delete                        
000052e9  IntMasterDisable                   
000052f9  IntMasterEnable                    
00005309  PowerMSP432E4_sleepPolicy          
00005319  Power_enablePolicy                 
00005329  SemaphoreP_Params_init             
00005339  UARTRxErrorClear                   
00005359  RingBuf_isFull                     
00005367  __TI_decompress_none               
00005375  CPUcpsid                           
00005381  CPUcpsie                           
0000538d  ClockP_getSystemTickPeriod         
00005399  __TI_zero_init                     
000053a5  ClockP_Params_init                 
000053af  ClockP_isActive                    
000053b9  PWM_close                          
000053c3  PWM_setDuty                        
000053cd  PWM_start                          
000053d7  Timer_start                        
000053e1  HwiP_restore                       
000053e9  __aeabi_errno_addr                 
000053f1  malloc                             
00005409  TimerMSP432E4_control              
0000540f  ClockP_setTimeout                  
00005413  HwiP_clearInterrupt                
00005417  HwiP_disable                       
0000541b  HwiP_enable                        
0000541b  NoRTOS_start                       
0000541f  SemaphoreP_delete                  
0000542b  _system_pre_init                   
0000542f  C$$EXIT                            
0000542f  abort                              
000055e4  _ctypes_                           
000058b8  UARTMSP432E4_fxnTable              
00005908  UART_defaultParams                 
0000594c  TimerMSP432E4_fxnTable             
0000598c  PWM_defaultParams                  
000059a4  GPIOMSP432E4_config                
00005a18  timerMSP432E4HWAttrs               
00005a28  Timer_config                       
00005a34  UART_config                        
00005a4c  LED_config                         
00005a54  LED_defaultParams                  
00005a5c  PowerMSP432E4_config               
00005a7b  CONFIG_LED_0_GPIO_CONST            
00005a7c  CONFIG_TIMER_0_CONST               
00005a7d  Timer_count                        
00005a7e  CONFIG_UART_0_CONST                
00005a7f  UART_count                         
00005a80  CONFIG_LED_0_CONST                 
00005a81  LED_count                          
00005a90  __TI_static_base__                 
00005ba4  __TI_Handler_Table_Base            
00005bb0  __TI_Handler_Table_Limit           
00005bc0  __TI_CINIT_Base                    
00005bd8  __TI_CINIT_Limit                   
00008000  __SYSMEM_SIZE                      
20000000  __start___llvm_prf_cnts            
20000000  __stop___llvm_prf_cnts             
20000000  g_pfnRAMVectors                    
20000270  _sys_memory                        
200084dc  PowerMSP432E4_module               
20008648  _ftable                            
20008738  _lock                              
2000873c  _unlock                            
20008748  SemaphoreP_defaultParams           
20008758  ClockP_tickPeriod                  
20008760  gpioCallbackFunctions              
20008764  gpioPinConfigs                     
20008768  HwiP_swiPIntNum                    
2000876c  errno                              
20008800  uartMSP432E4Objects                
20008864  LEDObjects                         
200088a4  timerMSP432E4Objects               
200088d8  uartParams                         
20008920  ClockP_ctrl                        
20008930  timerParams                        
2000893c  ledParams                          
2000894c  ledHandle                          
20008950  timerHandle                        
20008954  uartHandle                         
2003f000  __stack                            
20040000  __STACK_END                        
ffffffff  __TI_pprof_out_hndl                
ffffffff  __TI_prof_data_size                
ffffffff  __TI_prof_data_start               
ffffffff  __binit__                          
ffffffff  __c_args__                         
ffffffff  binit                              
UNDEFED   PWM_config                         
UNDEFED   PWM_count                          
UNDEFED   __mpu_init                         
UNDEFED   _system_post_cinit                 

[276 symbols]
