******************************************************************************
                  TI ARM Linker PC v20.2.5                     
******************************************************************************
>> Linked Thu Aug 12 17:41:10 2021

OUTPUT FILE NAME:   <02.BUTTON.out>
ENTRY POINT SYMBOL: "resetISR"  address: 00002041


MEMORY CONFIGURATION

         name            origin    length      used     unused   attr    fill
----------------------  --------  ---------  --------  --------  ----  --------
  FLASH                 00000000   00100000  000028a2  000fd75e  R  X
  SRAM                  20000000   00040000  00009848  000367b8  RW X


SEGMENT ALLOCATION MAP

run origin  load origin   length   init length attrs members
----------  ----------- ---------- ----------- ----- -------
00000000    00000000    000028a8   000028a8    r-x
  00000000    00000000    00000200   00000200    r-- .intvecs
  00000200    00000200    00002162   00002162    r-x .text
  00002364    00002364    00000400   00000400    r-- .const
  00002768    00002768    00000140   00000140    r-- .cinit
20000000    20000000    00008850   00000000    rw-
  20000000    20000000    0000026c   00000000    rw- .vtable
  20000270    20000270    00008000   00000000    rw- .sysmem
  20008270    20008270    00000424   00000000    rw- .data
  20008698    20008698    000001b8   00000000    rw- .bss
2003f000    2003f000    00001000   00000000    rw-
  2003f000    2003f000    00001000   00000000    rw- .stack


SECTION ALLOCATION MAP

 output                                  attributes/
section   page    origin      length       input sections
--------  ----  ----------  ----------   ----------------
.intvecs   0    00000000    00000200     
                  00000000    00000200     nortos_msp432e4.aem4f : startup_msp432e4_ccs.oem4f (.intvecs:retain)

.text      0    00000200    00002162     
                  00000200    000002e0     msp432e4_driverlib.a : sysctl.o (.text:SysCtlClockFreqSet)
                  000004e0    0000023a                          : gpio.o (.text:GPIOPadConfigSet)
                  0000071a    00000186     drivers_msp432e4.aem4f : Button.oem4f (.text:Button_clockTimeoutHandler)
                  000008a0    00000184                            : GPIOMSP432E4.oem4f (.text:GPIO_setConfig)
                  00000a24    00000110                            : LED.oem4f (.text:LED_open)
                  00000b34    00000100     rtsv7M4_T_le_v4SPD16_eabi.lib : memory.c.obj (.text:aligned_alloc)
                  00000c34    000000e8     drivers_msp432e4.aem4f : Button.oem4f (.text:Button_open)
                  00000d1c    000000e4     rtsv7M4_T_le_v4SPD16_eabi.lib : memory.c.obj (.text:free)
                  00000e00    000000ac     drivers_msp432e4.aem4f : GPIOMSP432E4.oem4f (.text:GPIO_init)
                  00000eac    000000a4     msp432e4_driverlib.a : gpio.o (.text:GPIOIntTypeSet)
                  00000f50    000000a0     nortos_msp432e4.aem4f : SemaphoreP_nortos.oem4f (.text:SemaphoreP_pend)
                  00000ff0    0000009c     rtsv7M4_T_le_v4SPD16_eabi.lib : memcpy_t2.asm.obj (.text)
                  0000108c    00000094     button.obj (.text:ButtonCallBackFxn)
                  00001120    00000090     msp432e4_driverlib.a : sysctl.o (.text:_SysCtlFrequencyGet)
                  000011b0    00000080                          : interrupt.o (.text:IntEnable)
                  00001230    0000007c     button.obj (.text:mainThread)
                  000012ac    0000007a     rtsv7M4_T_le_v4SPD16_eabi.lib : memset_t2.asm.obj (.text)
                  00001326    00000002     ti_drivers_config.obj (.text:Board_initHook)
                  00001328    00000070     nortos_msp432e4.aem4f : HwiPMSP432E4_nortos.oem4f (.text:HwiP_construct)
                  00001398    00000070     rtsv7M4_T_le_v4SPD16_eabi.lib : memory.c.obj (.text:split)
                  00001408    00000068     drivers_msp432e4.aem4f : GPIOMSP432E4.oem4f (.text:GPIO_hwiIntFxn)
                  00001470    00000068                            : PowerMSP432E4.oem4f (.text:Power_setDependency)
                  000014d8    00000068     rtsv7M4_T_le_v4SPD16_eabi.lib : copy_decompress_lzss.c.obj (.text:decompress:lzss:__TI_decompress_lzss)
                  00001540    00000064     drivers_msp432e4.aem4f : Button.oem4f (.text:Button_gpioCallbackFxn)
                  000015a4    00000064                            : PowerMSP432E4.oem4f (.text:Power_init)
                  00001608    0000005c     msp432e4_driverlib.a : gpio.o (.text:GPIODirModeSet)
                  00001664    0000005c                          : interrupt.o (.text:IntRegister)
                  000016c0    00000058     drivers_msp432e4.aem4f : GPIOMSP432E4.oem4f (.text:GPIO_setCallback)
                  00001718    00000058     nortos_msp432e4.aem4f : ClockPSysTick_nortos.oem4f (.text:sysTickInit)
                  00001770    00000054     drivers_msp432e4.aem4f : GPIOMSP432E4.oem4f (.text:GPIO_write)
                  000017c4    00000054     msp432e4_driverlib.a : interrupt.o (.text:IntPrioritySet)
                  00001818    00000050     nortos_msp432e4.aem4f : ClockPSysTick_nortos.oem4f (.text:ClockP_sysTickHandler)
                  00001868    00000050     drivers_msp432e4.aem4f : LED.oem4f (.text:LED_startBlinking)
                  000018b8    00000050     nortos_msp432e4.aem4f : SemaphoreP_nortos.oem4f (.text:SemaphoreP_construct)
                  00001908    00000044                           : ClockPSysTick_nortos.oem4f (.text:ClockP_stop)
                  0000194c    00000044     drivers_msp432e4.aem4f : PWM.oem4f (.text:PWM_init)
                  00001990    00000044     nortos_msp432e4.aem4f : SemaphoreP_nortos.oem4f (.text:SemaphoreP_post)
                  000019d4    00000044     msp432e4_driverlib.a : sysctl.o (.text:SysCtlPeripheralPresent)
                  00001a18    00000044                          : sysctl.o (.text:SysCtlPeripheralReady)
                  00001a5c    00000044                          : sysctl.o (.text:_SysCtlMemTimingGet)
                  00001aa0    00000044     rtsv7M4_T_le_v4SPD16_eabi.lib : autoinit.c.obj (.text:__TI_auto_init_nobinit_nopinit:__TI_auto_init_nobinit_nopinit)
                  00001ae4    00000040     nortos_msp432e4.aem4f : ClockPSysTick_nortos.oem4f (.text:ClockP_construct)
                  00001b24    00000040     drivers_msp432e4.aem4f : PWM.oem4f (.text:PWM_open)
                  00001b64    00000040     msp432e4_driverlib.a : sysctl.o (.text:SysCtlPeripheralEnable)
                  00001ba4    00000040                          : sysctl.o (.text:SysCtlPeripheralPowerOff)
                  00001be4    00000040                          : sysctl.o (.text:SysCtlPeripheralPowerOn)
                  00001c24    00000040                          : sysctl.o (.text:SysCtlPeripheralSleepEnable)
                  00001c64    0000003e     drivers_msp432e4.aem4f : LED.oem4f (.text:LED_setBrightnessLevel)
                  00001ca2    00000002     rtsv7M4_T_le_v4SPD16_eabi.lib : _lock.c.obj (.text:_nop)
                  00001ca4    0000003c     nortos_msp432e4.aem4f : ClockPSysTick_nortos.oem4f (.text:ClockP_destruct)
                  00001ce0    0000003c     drivers_msp432e4.aem4f : LED.oem4f (.text:LED_setOff)
                  00001d1c    00000038     nortos_msp432e4.aem4f : ClockPSysTick_nortos.oem4f (.text:addToList)
                  00001d54    00000036     drivers_msp432e4.aem4f : LED.oem4f (.text:LED_setOn)
                  00001d8a    00000036                            : LED.oem4f (.text:clockTimeoutHandler)
                  00001dc0    00000034     nortos_msp432e4.aem4f : ClockPSysTick_nortos.oem4f (.text:ClockP_startup)
                  00001df4    00000034     rtsv7M4_T_le_v4SPD16_eabi.lib : boot_cortex_m.c.obj (.text:_c_int00_noargs:_c_int00_noargs)
                  00001e28    00000030     ti_drivers_config.obj (.text:Board_init)
                  00001e58    00000030     nortos_msp432e4.aem4f : ClockPSysTick_nortos.oem4f (.text:ClockP_start)
                  00001e88    00000030     drivers_msp432e4.aem4f : GPIOMSP432E4.oem4f (.text:GPIO_disableInt)
                  00001eb8    00000030                            : GPIOMSP432E4.oem4f (.text:GPIO_enableInt)
                  00001ee8    00000030                            : GPIOMSP432E4.oem4f (.text:GPIO_read)
                  00001f18    0000002c     msp432e4_driverlib.a : sysctl.o (.text:SysCtlPeripheralClockGating)
                  00001f44    0000002a     nortos_msp432e4.aem4f : HwiPMSP432E4_nortos.oem4f (.text:HwiP_create)
                  00001f6e    00000002                           : startup_msp432e4_ccs.oem4f (.text:busFaultHandler)
                  00001f70    00000028     rtsv7M4_T_le_v4SPD16_eabi.lib : memory.c.obj (.text:free_list_insert)
                  00001f98    00000024     nortos_msp432e4.aem4f : HwiPMSP432E4_nortos.oem4f (.text:HwiP_dispatch)
                  00001fbc    00000022     msp432e4_driverlib.a : gpio.o (.text:GPIOIntStatus)
                  00001fde    00000022     drivers_msp432e4.aem4f : LED.oem4f (.text:LED_stopBlinking)
                  00002000    00000020     msp432e4_driverlib.a : gpio.o (.text:GPIOPinWrite)
                  00002020    00000020     drivers_msp432e4.aem4f : GPIOMSP432E4.oem4f (.text:getGpioIntIndex)
                  00002040    00000020     nortos_msp432e4.aem4f : startup_msp432e4_ccs.oem4f (.text:resetISR)
                  00002060    0000001e     drivers_msp432e4.aem4f : Button.oem4f (.text:msToTicks)
                  0000207e    0000001e                            : LED.oem4f (.text:msToTicks)
                  0000209c    0000001c     rtsv7M4_T_le_v4SPD16_eabi.lib : memory.c.obj (.text:free_list_remove)
                  000020b8    0000001a     nortos_msp432e4.aem4f : ClockPSysTick_nortos.oem4f (.text:ClockP_create)
                  000020d2    0000001a     msp432e4_driverlib.a : gpio.o (.text:GPIOIntDisable)
                  000020ec    0000001a                          : gpio.o (.text:GPIOIntEnable)
                  00002106    0000001a     drivers_msp432e4.aem4f : LED.oem4f (.text:LED_toggle)
                  00002120    0000001a     nortos_msp432e4.aem4f : SemaphoreP_nortos.oem4f (.text:SemaphoreP_createBinary)
                  0000213a    00000002                           : SemaphoreP_nortos.oem4f (.text:clkFxn)
                  0000213c    00000018     msp432e4_driverlib.a : fpu.o (.text:FPUEnable)
                  00002154    00000018                          : gpio.o (.text:GPIOPinRead)
                  0000216c    00000018     drivers_msp432e4.aem4f : PowerMSP432E4.oem4f (.text:Power_idleFunc)
                  00002184    00000016     nortos_msp432e4.aem4f : SemaphoreP_nortos.oem4f (.text:SemaphoreP_create)
                  0000219a    00000014     msp432e4_driverlib.a : gpio.o (.text:GPIOIntClear)
                  000021ae    00000002     nortos_msp432e4.aem4f : startup_msp432e4_ccs.oem4f (.text:defaultHandler)
                  000021b0    00000014                           : HwiPMSP432E4_nortos.oem4f (.text:HwiP_inISR)
                  000021c4    00000014     drivers_msp432e4.aem4f : PWM.oem4f (.text:PWM_Params_init)
                  000021d8    00000014                            : PowerMSP432E4.oem4f (.text:Power_disablePolicy)
                  000021ec    00000014                            : Button.oem4f (.text:timediff)
                  00002200    00000012     nortos_msp432e4.aem4f : HwiPMSP432E4_nortos.oem4f (.text:HwiP_Params_init)
                  00002212    00000012     drivers_msp432e4.aem4f : LED.oem4f (.text:LED_Params_init)
                  00002224    00000012     main_nortos.obj (.text:main)
                  00002236    00000002     nortos_msp432e4.aem4f : startup_msp432e4_ccs.oem4f (.text:faultISR)
                  00002238    00000010     drivers_msp432e4.aem4f : Button.oem4f (.text:Button_Params_init)
                  00002248    00000010     nortos_msp432e4.aem4f : ClockPSysTick_nortos.oem4f (.text:ClockP_add)
                  00002258    00000010                           : ClockPSysTick_nortos.oem4f (.text:ClockP_getSystemTicks)
                  00002268    00000010     drivers_msp432e4.aem4f : GPIOMSP432E4.oem4f (.text:GPIO_getConfig)
                  00002278    00000010     msp432e4_driverlib.a : interrupt.o (.text:IntMasterDisable)
                  00002288    00000010                          : interrupt.o (.text:IntMasterEnable)
                  00002298    00000010     nortos_msp432e4.aem4f : PowerMSP432E4_nortos.oem4f (.text:PowerMSP432E4_sleepPolicy)
                  000022a8    00000010     drivers_msp432e4.aem4f : PowerMSP432E4.oem4f (.text:Power_enablePolicy)
                  000022b8    00000010     nortos_msp432e4.aem4f : SemaphoreP_nortos.oem4f (.text:SemaphoreP_Params_init)
                  000022c8    0000000e     rtsv7M4_T_le_v4SPD16_eabi.lib : copy_decompress_none.c.obj (.text:decompress:none:__TI_decompress_none)
                  000022d6    0000000c     msp432e4_driverlib.a : cpu.o (.text:CPUcpsid)
                  000022e2    0000000c                          : cpu.o (.text:CPUcpsie)
                  000022ee    00000002     nortos_msp432e4.aem4f : startup_msp432e4_ccs.oem4f (.text:nmiISR)
                  000022f0    0000000c                           : ClockPSysTick_nortos.oem4f (.text:ClockP_getSystemTickPeriod)
                  000022fc    0000000c     rtsv7M4_T_le_v4SPD16_eabi.lib : copy_zero_init.c.obj (.text:decompress:ZI:__TI_zero_init)
                  00002308    0000000a     nortos_msp432e4.aem4f : ClockPSysTick_nortos.oem4f (.text:ClockP_Params_init)
                  00002312    0000000a                           : ClockPSysTick_nortos.oem4f (.text:ClockP_isActive)
                  0000231c    0000000a     drivers_msp432e4.aem4f : PWM.oem4f (.text:PWM_close)
                  00002326    0000000a                            : PWM.oem4f (.text:PWM_setDuty)
                  00002330    0000000a                            : PWM.oem4f (.text:PWM_start)
                  0000233a    00000008     nortos_msp432e4.aem4f : HwiPMSP432E4_nortos.oem4f (.text:HwiP_restore)
                  00002342    00000008     rtsv7M4_T_le_v4SPD16_eabi.lib : memory.c.obj (.text:malloc)
                  0000234a    00000004     nortos_msp432e4.aem4f : ClockPSysTick_nortos.oem4f (.text:ClockP_setTimeout)
                  0000234e    00000004                           : HwiPMSP432E4_nortos.oem4f (.text:HwiP_disable)
                  00002352    00000004                           : HwiPMSP432E4_nortos.oem4f (.text:HwiP_enable)
                  00002356    00000004                           : SemaphoreP_nortos.oem4f (.text:SemaphoreP_delete)
                  0000235a    00000004     rtsv7M4_T_le_v4SPD16_eabi.lib : pre_init.c.obj (.text:_system_pre_init)
                  0000235e    00000004                                   : exit.c.obj (.text:abort:abort)

.const     0    00002364    00000400     
                  00002364    000001b0     msp432e4_driverlib.a : sysctl.o (.const:g_pppui32XTALtoVCO)
                  00002514    0000009c                          : interrupt.o (.const:g_pui32Regs)
                  000025b0    00000048     drivers_msp432e4.aem4f : GPIOMSP432E4.oem4f (.const:gpioBaseAddresses)
                  000025f8    00000048                            : GPIOMSP432E4.oem4f (.const:powerMgrIds)
                  00002640    00000030     msp432e4_driverlib.a : sysctl.o (.const:g_sXTALtoMEMTIM)
                  00002670    00000028                          : sysctl.o (.const:g_pui32Xtals)
                  00002698    00000020     drivers_msp432e4.aem4f : GPIOMSP432E4.oem4f (.const:.string:gpioInterruptVectors)
                  000026b8    00000018                            : PWM.oem4f (.const:PWM_defaultParams)
                  000026d0    00000014     ti_drivers_config.obj (.const:GPIOMSP432E4_config)
                  000026e4    00000014     msp432e4_driverlib.a : interrupt.o (.const:g_pui32EnRegs)
                  000026f8    00000010     ti_drivers_config.obj (.const:Button_config)
                  00002708    00000010     drivers_msp432e4.aem4f : Button.oem4f (.const:Button_defaultParams)
                  00002718    00000010     ti_drivers_config.obj (.const:LED_config)
                  00002728    0000000a     ti_drivers_config.obj (.const)
                  00002732    00000002     ti_drivers_config.obj (.const:ButtonHWAttrs)
                  00002734    00000008     drivers_msp432e4.aem4f : LED.oem4f (.const:LED_defaultParams)
                  0000273c    00000008     ti_drivers_config.obj (.const:PowerMSP432E4_config)
                  00002744    00000008     msp432e4_driverlib.a : sysctl.o (.const:g_pui32VCOFrequencies)
                  0000274c    00000007     drivers_msp432e4.aem4f : GPIOMSP432E4.oem4f (.const:.string:outPinStrengths)
                  00002753    00000006                            : GPIOMSP432E4.oem4f (.const:.string:interruptType)
                  00002759    00000004                            : GPIOMSP432E4.oem4f (.const:.string:outPinTypes)
                  0000275d    00000004     ti_drivers_config.obj (.const:LEDHWAttrs)
                  00002761    00000003     drivers_msp432e4.aem4f : GPIOMSP432E4.oem4f (.const:.string:inPinTypes)

.cinit     0    00002768    00000140     
                  00002768    00000108     (.cinit..data.load) [load image, compression = lzss]
                  00002870    0000000c     (__TI_handler_table)
                  0000287c    00000004     --HOLE-- [fill = 0]
                  00002880    00000008     (.cinit..bss.load) [load image, compression = zero_init]
                  00002888    00000008     (.cinit..vtable.load) [load image, compression = zero_init]
                  00002890    00000018     (__TI_cinit_table)

.init_array 
*          0    00000000    00000000     UNINITIALIZED

.vtable    0    20000000    0000026c     UNINITIALIZED
                  20000000    0000026c     msp432e4_driverlib.a : interrupt.o (.vtable)

.sysmem    0    20000270    00008000     UNINITIALIZED
                  20000270    00000010     rtsv7M4_T_le_v4SPD16_eabi.lib : memory.c.obj (.sysmem)
                  20000280    00007ff0     --HOLE--

.data      0    20008270    00000424     UNINITIALIZED
                  20008270    0000026c     nortos_msp432e4.aem4f : HwiPMSP432E4_nortos.oem4f (.data:HwiP_dispatchTable)
                  200084dc    0000016c     drivers_msp432e4.aem4f : PowerMSP432E4.oem4f (.data:PowerMSP432E4_module)
                  20008648    00000010     ti_drivers_config.obj (.data:gpioCallbackFunctions)
                  20008658    00000010     ti_drivers_config.obj (.data:gpioPinConfigs)
                  20008668    00000008     rtsv7M4_T_le_v4SPD16_eabi.lib : _lock.c.obj (.data:$O1$$)
                  20008670    00000008                                   : memory.c.obj (.data:$O1$$)
                  20008678    00000008     nortos_msp432e4.aem4f : SemaphoreP_nortos.oem4f (.data:SemaphoreP_defaultParams)
                  20008680    00000005     drivers_msp432e4.aem4f : GPIOMSP432E4.oem4f (.data)
                  20008685    00000003     nortos_msp432e4.aem4f : SemaphoreP_nortos.oem4f (.data)
                  20008688    00000005                           : ClockPSysTick_nortos.oem4f (.data)
                  2000868d    00000001     drivers_msp432e4.aem4f : PWM.oem4f (.data)
                  2000868e    00000002     --HOLE--
                  20008690    00000004     nortos_msp432e4.aem4f : HwiPMSP432E4_nortos.oem4f (.data)

.bss       0    20008698    000001b8     UNINITIALIZED
                  20008698    00000090     drivers_msp432e4.aem4f : GPIOMSP432E4.oem4f (.bss:gpioCallbackInfo)
                  20008728    00000080     (.common:LEDObjects)
                  200087a8    00000050     (.common:ButtonObjects)
                  200087f8    00000010     (.common:ClockP_ctrl)
                  20008808    00000010     (.common:buttonParams0)
                  20008818    00000010     (.common:buttonParams1)
                  20008828    00000008     (.common:ledParams0)
                  20008830    00000008     (.common:ledParams1)
                  20008838    00000004                            : GPIOMSP432E4.oem4f (.bss)
                  2000883c    00000004     nortos_msp432e4.aem4f : ClockPSysTick_nortos.oem4f (.bss)
                  20008840    00000004     (.common:buttonHandle0)
                  20008844    00000004     (.common:buttonHandle1)
                  20008848    00000004     (.common:ledHandle0)
                  2000884c    00000004     (.common:ledHandle1)

.stack     0    2003f000    00001000     UNINITIALIZED
                  2003f000    00000004     rtsv7M4_T_le_v4SPD16_eabi.lib : boot_cortex_m.c.obj (.stack)
                  2003f004    00000ffc     --HOLE--

__llvm_prf_cnts 
*          0    20000000    00000000     UNINITIALIZED

.binit     0    00000000    00000000     

MODULE SUMMARY

       Module                       code   ro data   rw data
       ------                       ----   -------   -------
    .\
       button.obj                   272    0         64     
       main_nortos.obj              18     0         0      
    +--+----------------------------+------+---------+---------+
       Total:                       290    0         64     
                                                            
    .\syscfg\
       ti_drivers_config.obj        50     76        240    
    +--+----------------------------+------+---------+---------+
       Total:                       50     76        240    
                                                            
    D:/CCS/MSP432E4_SDK/simplelink_msp432e4_sdk_4_20_00_12/kernel/nortos/lib/nortos_msp432e4.aem4f
       HwiPMSP432E4_nortos.oem4f    244    0         624    
       ClockPSysTick_nortos.oem4f   610    0         25     
       startup_msp432e4_ccs.oem4f   40     512       0      
       SemaphoreP_nortos.oem4f      378    0         11     
       PowerMSP432E4_nortos.oem4f   16     0         0      
    +--+----------------------------+------+---------+---------+
       Total:                       1288   512       660    
                                                            
    D:/CCS/MSP432E4_SDK/simplelink_msp432e4_sdk_4_20_00_12/source/ti/devices/msp432e4/driverlib/lib/ccs/m4f/msp432e4_driverlib.a
       sysctl.o                     1384   528       0      
       interrupt.o                  336    176       620    
       gpio.o                       988    0         0      
       cpu.o                        24     0         0      
       fpu.o                        24     0         0      
    +--+----------------------------+------+---------+---------+
       Total:                       2756   704       620    
                                                            
    D:/CCS/MSP432E4_SDK/simplelink_msp432e4_sdk_4_20_00_12/source/ti/drivers/lib/drivers_msp432e4.aem4f
       GPIOMSP432E4.oem4f           1028   196       153    
       Button.oem4f                 788    16        0      
       LED.oem4f                    690    8         0      
       PowerMSP432E4.oem4f          264    0         364    
       PWM.oem4f                    182    24        1      
    +--+----------------------------+------+---------+---------+
       Total:                       2952   244       518    
                                                            
    D:\CCS\CCS10.4\ccs\tools\compiler\ti-cgt-arm_20.2.5.LTS\lib\rtsv7M4_T_le_v4SPD16_eabi.lib
       memory.c.obj                 672    0         8      
       memcpy_t2.asm.obj            156    0         0      
       memset_t2.asm.obj            122    0         0      
       copy_decompress_lzss.c.obj   104    0         0      
       autoinit.c.obj               68     0         0      
       boot_cortex_m.c.obj          52     0         0      
       copy_decompress_none.c.obj   14     0         0      
       copy_zero_init.c.obj         12     0         0      
       _lock.c.obj                  2      0         8      
       exit.c.obj                   4      0         0      
       pre_init.c.obj               4      0         0      
    +--+----------------------------+------+---------+---------+
       Total:                       1210   0         16     
                                                            
       Heap:                        0      0         32768  
       Stack:                       0      0         4096   
       Linker Generated:            0      316       0      
    +--+----------------------------+------+---------+---------+
       Grand Total:                 8546   1852      38982  


LINKER GENERATED COPY TABLES

__TI_cinit_table @ 00002890 records: 3, size/record: 8, table size: 24
	.data: load addr=00002768, load size=00000108 bytes, run addr=20008270, run size=00000424 bytes, compression=lzss
	.bss: load addr=00002880, load size=00000008 bytes, run addr=20008698, run size=000001b8 bytes, compression=zero_init
	.vtable: load addr=00002888, load size=00000008 bytes, run addr=20000000, run size=0000026c bytes, compression=zero_init


LINKER GENERATED HANDLER TABLE

__TI_handler_table @ 00002870 records: 3, size/record: 4, table size: 12
	index: 0, handler: __TI_zero_init
	index: 1, handler: __TI_decompress_lzss
	index: 2, handler: __TI_decompress_none


GLOBAL SYMBOLS: SORTED ALPHABETICALLY BY Name 

address   name                          
-------   ----                          
00001e29  Board_init                    
00001327  Board_initHook                
0000108d  ButtonCallBackFxn             
200087a8  ButtonObjects                 
00002239  Button_Params_init            
000026f8  Button_config                 
0000272e  Button_count                  
00002708  Button_defaultParams          
00001541  Button_gpioCallbackFxn        
00000e01  Button_init                   
00000c35  Button_open                   
0000235f  C$$EXIT                       
0000272c  CONFIG_BUTTON_0_CONST         
0000272d  CONFIG_BUTTON_1_CONST         
00002728  CONFIG_GPIO_0_CONST           
00002729  CONFIG_GPIO_1_CONST           
0000272f  CONFIG_LED_0_CONST            
0000272a  CONFIG_LED_0_GPIO_CONST       
00002730  CONFIG_LED_1_CONST            
0000272b  CONFIG_LED_1_GPIO_CONST       
000022d7  CPUcpsid                      
000022e3  CPUcpsie                      
00002309  ClockP_Params_init            
00002249  ClockP_add                    
00001ae5  ClockP_construct              
000020b9  ClockP_create                 
200087f8  ClockP_ctrl                   
00001ca5  ClockP_destruct               
00001819  ClockP_doTick                 
000022f1  ClockP_getSystemTickPeriod    
00002259  ClockP_getSystemTicks         
00002313  ClockP_isActive               
0000234b  ClockP_setTimeout             
00001e59  ClockP_start                  
00001dc1  ClockP_startup                
00001909  ClockP_stop                   
00001819  ClockP_sysTickHandler         
20008688  ClockP_tickPeriod             
0000213d  FPUEnable                     
00001609  GPIODirModeSet                
0000219b  GPIOIntClear                  
000020d3  GPIOIntDisable                
000020ed  GPIOIntEnable                 
00001fbd  GPIOIntStatus                 
00000ead  GPIOIntTypeSet                
000026d0  GPIOMSP432E4_config           
000004e1  GPIOPadConfigSet              
00002155  GPIOPinRead                   
00002001  GPIOPinWrite                  
00001e89  GPIO_disableInt               
00001eb9  GPIO_enableInt                
00002269  GPIO_getConfig                
00001409  GPIO_hwiIntFxn                
00000e01  GPIO_init                     
00001ee9  GPIO_read                     
000016c1  GPIO_setCallback              
000008a1  GPIO_setConfig                
00001771  GPIO_write                    
00002201  HwiP_Params_init              
00001329  HwiP_construct                
00001f45  HwiP_create                   
0000234f  HwiP_disable                  
00002353  HwiP_enable                   
000021b1  HwiP_inISR                    
0000233b  HwiP_restore                  
20008690  HwiP_swiPIntNum               
000011b1  IntEnable                     
00002279  IntMasterDisable              
00002289  IntMasterEnable               
000017c5  IntPrioritySet                
00001665  IntRegister                   
20008728  LEDObjects                    
00002213  LED_Params_init               
00002718  LED_config                    
00002731  LED_count                     
00002734  LED_defaultParams             
00000a25  LED_open                      
00001c65  LED_setBrightnessLevel        
00001ce1  LED_setOff                    
00001d55  LED_setOn                     
00001869  LED_startBlinking             
00001fdf  LED_stopBlinking              
00002107  LED_toggle                    
00002353  NoRTOS_start                  
000021c5  PWM_Params_init               
0000231d  PWM_close                     
UNDEFED   PWM_config                    
UNDEFED   PWM_count                     
000026b8  PWM_defaultParams             
0000194d  PWM_init                      
00001b25  PWM_open                      
00002327  PWM_setDuty                   
00002331  PWM_start                     
0000273c  PowerMSP432E4_config          
200084dc  PowerMSP432E4_module          
00002299  PowerMSP432E4_sleepPolicy     
000021d9  Power_disablePolicy           
000022a9  Power_enablePolicy            
0000216d  Power_idleFunc                
000015a5  Power_init                    
00001471  Power_setDependency           
000022b9  SemaphoreP_Params_init        
000018b9  SemaphoreP_construct          
00002185  SemaphoreP_create             
00002121  SemaphoreP_createBinary       
20008678  SemaphoreP_defaultParams      
00002357  SemaphoreP_delete             
00000f51  SemaphoreP_pend               
00001991  SemaphoreP_post               
00000201  SysCtlClockFreqSet            
00001f19  SysCtlPeripheralClockGating   
00001b65  SysCtlPeripheralEnable        
00001ba5  SysCtlPeripheralPowerOff      
00001be5  SysCtlPeripheralPowerOn       
000019d5  SysCtlPeripheralPresent       
00001a19  SysCtlPeripheralReady         
00001c25  SysCtlPeripheralSleepEnable   
20040000  __STACK_END                   
00001000  __STACK_SIZE                  
00008000  __SYSMEM_SIZE                 
00002890  __TI_CINIT_Base               
000028a8  __TI_CINIT_Limit              
00002870  __TI_Handler_Table_Base       
0000287c  __TI_Handler_Table_Limit      
00001aa1  __TI_auto_init_nobinit_nopinit
000014d9  __TI_decompress_lzss          
000022c9  __TI_decompress_none          
ffffffff  __TI_pprof_out_hndl           
ffffffff  __TI_prof_data_size           
ffffffff  __TI_prof_data_start          
00002768  __TI_static_base__            
000022fd  __TI_zero_init                
000012ad  __aeabi_memclr                
000012ad  __aeabi_memclr4               
000012ad  __aeabi_memclr8               
00000ff1  __aeabi_memcpy                
00000ff1  __aeabi_memcpy4               
00000ff1  __aeabi_memcpy8               
000012af  __aeabi_memset                
000012af  __aeabi_memset4               
000012af  __aeabi_memset8               
ffffffff  __binit__                     
ffffffff  __c_args__                    
UNDEFED   __mpu_init                    
2003f000  __stack                       
20000000  __start___llvm_prf_cnts       
20000000  __stop___llvm_prf_cnts        
00001df5  _c_int00_noargs               
20008668  _lock                         
00001ca3  _nop                          
20000270  _sys_memory                   
UNDEFED   _system_post_cinit            
0000235b  _system_pre_init              
2000866c  _unlock                       
0000235f  abort                         
00000b35  aligned_alloc                 
ffffffff  binit                         
20008840  buttonHandle0                 
20008844  buttonHandle1                 
20008808  buttonParams0                 
20008818  buttonParams1                 
0000213b  clkFxn                        
00000d1d  free                          
20000000  g_pfnRAMVectors               
20008648  gpioCallbackFunctions         
20008658  gpioPinConfigs                
20008848  ledHandle0                    
2000884c  ledHandle1                    
20008828  ledParams0                    
20008830  ledParams1                    
00002225  main                          
00001231  mainThread                    
00002343  malloc                        
00000b35  memalign                      
00000ff1  memcpy                        
000012b5  memset                        
00002041  resetISR                      
00000000  resetVectors                  


GLOBAL SYMBOLS: SORTED BY Symbol Address 

address   name                          
-------   ----                          
00000000  resetVectors                  
00000201  SysCtlClockFreqSet            
000004e1  GPIOPadConfigSet              
000008a1  GPIO_setConfig                
00000a25  LED_open                      
00000b35  aligned_alloc                 
00000b35  memalign                      
00000c35  Button_open                   
00000d1d  free                          
00000e01  Button_init                   
00000e01  GPIO_init                     
00000ead  GPIOIntTypeSet                
00000f51  SemaphoreP_pend               
00000ff1  __aeabi_memcpy                
00000ff1  __aeabi_memcpy4               
00000ff1  __aeabi_memcpy8               
00000ff1  memcpy                        
00001000  __STACK_SIZE                  
0000108d  ButtonCallBackFxn             
000011b1  IntEnable                     
00001231  mainThread                    
000012ad  __aeabi_memclr                
000012ad  __aeabi_memclr4               
000012ad  __aeabi_memclr8               
000012af  __aeabi_memset                
000012af  __aeabi_memset4               
000012af  __aeabi_memset8               
000012b5  memset                        
00001327  Board_initHook                
00001329  HwiP_construct                
00001409  GPIO_hwiIntFxn                
00001471  Power_setDependency           
000014d9  __TI_decompress_lzss          
00001541  Button_gpioCallbackFxn        
000015a5  Power_init                    
00001609  GPIODirModeSet                
00001665  IntRegister                   
000016c1  GPIO_setCallback              
00001771  GPIO_write                    
000017c5  IntPrioritySet                
00001819  ClockP_doTick                 
00001819  ClockP_sysTickHandler         
00001869  LED_startBlinking             
000018b9  SemaphoreP_construct          
00001909  ClockP_stop                   
0000194d  PWM_init                      
00001991  SemaphoreP_post               
000019d5  SysCtlPeripheralPresent       
00001a19  SysCtlPeripheralReady         
00001aa1  __TI_auto_init_nobinit_nopinit
00001ae5  ClockP_construct              
00001b25  PWM_open                      
00001b65  SysCtlPeripheralEnable        
00001ba5  SysCtlPeripheralPowerOff      
00001be5  SysCtlPeripheralPowerOn       
00001c25  SysCtlPeripheralSleepEnable   
00001c65  LED_setBrightnessLevel        
00001ca3  _nop                          
00001ca5  ClockP_destruct               
00001ce1  LED_setOff                    
00001d55  LED_setOn                     
00001dc1  ClockP_startup                
00001df5  _c_int00_noargs               
00001e29  Board_init                    
00001e59  ClockP_start                  
00001e89  GPIO_disableInt               
00001eb9  GPIO_enableInt                
00001ee9  GPIO_read                     
00001f19  SysCtlPeripheralClockGating   
00001f45  HwiP_create                   
00001fbd  GPIOIntStatus                 
00001fdf  LED_stopBlinking              
00002001  GPIOPinWrite                  
00002041  resetISR                      
000020b9  ClockP_create                 
000020d3  GPIOIntDisable                
000020ed  GPIOIntEnable                 
00002107  LED_toggle                    
00002121  SemaphoreP_createBinary       
0000213b  clkFxn                        
0000213d  FPUEnable                     
00002155  GPIOPinRead                   
0000216d  Power_idleFunc                
00002185  SemaphoreP_create             
0000219b  GPIOIntClear                  
000021b1  HwiP_inISR                    
000021c5  PWM_Params_init               
000021d9  Power_disablePolicy           
00002201  HwiP_Params_init              
00002213  LED_Params_init               
00002225  main                          
00002239  Button_Params_init            
00002249  ClockP_add                    
00002259  ClockP_getSystemTicks         
00002269  GPIO_getConfig                
00002279  IntMasterDisable              
00002289  IntMasterEnable               
00002299  PowerMSP432E4_sleepPolicy     
000022a9  Power_enablePolicy            
000022b9  SemaphoreP_Params_init        
000022c9  __TI_decompress_none          
000022d7  CPUcpsid                      
000022e3  CPUcpsie                      
000022f1  ClockP_getSystemTickPeriod    
000022fd  __TI_zero_init                
00002309  ClockP_Params_init            
00002313  ClockP_isActive               
0000231d  PWM_close                     
00002327  PWM_setDuty                   
00002331  PWM_start                     
0000233b  HwiP_restore                  
00002343  malloc                        
0000234b  ClockP_setTimeout             
0000234f  HwiP_disable                  
00002353  HwiP_enable                   
00002353  NoRTOS_start                  
00002357  SemaphoreP_delete             
0000235b  _system_pre_init              
0000235f  C$$EXIT                       
0000235f  abort                         
000026b8  PWM_defaultParams             
000026d0  GPIOMSP432E4_config           
000026f8  Button_config                 
00002708  Button_defaultParams          
00002718  LED_config                    
00002728  CONFIG_GPIO_0_CONST           
00002729  CONFIG_GPIO_1_CONST           
0000272a  CONFIG_LED_0_GPIO_CONST       
0000272b  CONFIG_LED_1_GPIO_CONST       
0000272c  CONFIG_BUTTON_0_CONST         
0000272d  CONFIG_BUTTON_1_CONST         
0000272e  Button_count                  
0000272f  CONFIG_LED_0_CONST            
00002730  CONFIG_LED_1_CONST            
00002731  LED_count                     
00002734  LED_defaultParams             
0000273c  PowerMSP432E4_config          
00002768  __TI_static_base__            
00002870  __TI_Handler_Table_Base       
0000287c  __TI_Handler_Table_Limit      
00002890  __TI_CINIT_Base               
000028a8  __TI_CINIT_Limit              
00008000  __SYSMEM_SIZE                 
20000000  __start___llvm_prf_cnts       
20000000  __stop___llvm_prf_cnts        
20000000  g_pfnRAMVectors               
20000270  _sys_memory                   
200084dc  PowerMSP432E4_module          
20008648  gpioCallbackFunctions         
20008658  gpioPinConfigs                
20008668  _lock                         
2000866c  _unlock                       
20008678  SemaphoreP_defaultParams      
20008688  ClockP_tickPeriod             
20008690  HwiP_swiPIntNum               
20008728  LEDObjects                    
200087a8  ButtonObjects                 
200087f8  ClockP_ctrl                   
20008808  buttonParams0                 
20008818  buttonParams1                 
20008828  ledParams0                    
20008830  ledParams1                    
20008840  buttonHandle0                 
20008844  buttonHandle1                 
20008848  ledHandle0                    
2000884c  ledHandle1                    
2003f000  __stack                       
20040000  __STACK_END                   
ffffffff  __TI_pprof_out_hndl           
ffffffff  __TI_prof_data_size           
ffffffff  __TI_prof_data_start          
ffffffff  __binit__                     
ffffffff  __c_args__                    
ffffffff  binit                         
UNDEFED   PWM_config                    
UNDEFED   PWM_count                     
UNDEFED   __mpu_init                    
UNDEFED   _system_post_cinit            

[178 symbols]
