<?xml version="1.0" encoding="ISO-8859-1" ?>
<link_info>
   <banner>TI ARM Linker PC v20.2.5.LTS</banner>
   <copyright>Copyright (c) 1996-2018 Texas Instruments Incorporated</copyright>
   <link_time>0x6114ecb6</link_time>
   <link_errors>0x0</link_errors>
   <output_file>02.BUTTON.out</output_file>
   <entry_point>
      <name>resetISR</name>
      <address>0x2041</address>
   </entry_point>
   <input_file_list>
      <input_file id="fl-2">
         <path>.\</path>
         <kind>object</kind>
         <file>button.obj</file>
         <name>button.obj</name>
      </input_file>
      <input_file id="fl-3">
         <path>.\syscfg\</path>
         <kind>object</kind>
         <file>ti_drivers_config.obj</file>
         <name>ti_drivers_config.obj</name>
      </input_file>
      <input_file id="fl-4">
         <path>.\</path>
         <kind>object</kind>
         <file>main_nortos.obj</file>
         <name>main_nortos.obj</name>
      </input_file>
      <input_file id="fl-f">
         <kind>object</kind>
         <file>&lt;internal&gt;</file>
         <name>&lt;internal&gt;</name>
      </input_file>
      <input_file id="fl-10">
         <path>D:\CCS\MSP432E4_SDK\simplelink_msp432e4_sdk_4_20_00_12\source\ti\drivers\lib\</path>
         <kind>archive</kind>
         <file>drivers_msp432e4.aem4f</file>
         <name>LED.oem4f</name>
      </input_file>
      <input_file id="fl-11">
         <path>D:\CCS\MSP432E4_SDK\simplelink_msp432e4_sdk_4_20_00_12\source\ti\drivers\lib\</path>
         <kind>archive</kind>
         <file>drivers_msp432e4.aem4f</file>
         <name>Button.oem4f</name>
      </input_file>
      <input_file id="fl-12">
         <path>D:\CCS\MSP432E4_SDK\simplelink_msp432e4_sdk_4_20_00_12\source\ti\drivers\lib\</path>
         <kind>archive</kind>
         <file>drivers_msp432e4.aem4f</file>
         <name>GPIOMSP432E4.oem4f</name>
      </input_file>
      <input_file id="fl-13">
         <path>D:\CCS\MSP432E4_SDK\simplelink_msp432e4_sdk_4_20_00_12\source\ti\drivers\lib\</path>
         <kind>archive</kind>
         <file>drivers_msp432e4.aem4f</file>
         <name>PowerMSP432E4.oem4f</name>
      </input_file>
      <input_file id="fl-14">
         <path>D:\CCS\MSP432E4_SDK\simplelink_msp432e4_sdk_4_20_00_12\source\ti\drivers\lib\</path>
         <kind>archive</kind>
         <file>drivers_msp432e4.aem4f</file>
         <name>PWM.oem4f</name>
      </input_file>
      <input_file id="fl-15">
         <path>D:\CCS\MSP432E4_SDK\simplelink_msp432e4_sdk_4_20_00_12\kernel\nortos\lib\</path>
         <kind>archive</kind>
         <file>nortos_msp432e4.aem4f</file>
         <name>NoRTOS.oem4f</name>
      </input_file>
      <input_file id="fl-16">
         <path>D:\CCS\MSP432E4_SDK\simplelink_msp432e4_sdk_4_20_00_12\kernel\nortos\lib\</path>
         <kind>archive</kind>
         <file>nortos_msp432e4.aem4f</file>
         <name>SemaphoreP_nortos.oem4f</name>
      </input_file>
      <input_file id="fl-17">
         <path>D:\CCS\MSP432E4_SDK\simplelink_msp432e4_sdk_4_20_00_12\kernel\nortos\lib\</path>
         <kind>archive</kind>
         <file>nortos_msp432e4.aem4f</file>
         <name>ClockPSysTick_nortos.oem4f</name>
      </input_file>
      <input_file id="fl-18">
         <path>D:\CCS\MSP432E4_SDK\simplelink_msp432e4_sdk_4_20_00_12\kernel\nortos\lib\</path>
         <kind>archive</kind>
         <file>nortos_msp432e4.aem4f</file>
         <name>HwiPMSP432E4_nortos.oem4f</name>
      </input_file>
      <input_file id="fl-19">
         <path>D:\CCS\MSP432E4_SDK\simplelink_msp432e4_sdk_4_20_00_12\kernel\nortos\lib\</path>
         <kind>archive</kind>
         <file>nortos_msp432e4.aem4f</file>
         <name>PowerMSP432E4_nortos.oem4f</name>
      </input_file>
      <input_file id="fl-1a">
         <path>D:\CCS\MSP432E4_SDK\simplelink_msp432e4_sdk_4_20_00_12\kernel\nortos\lib\</path>
         <kind>archive</kind>
         <file>nortos_msp432e4.aem4f</file>
         <name>startup_msp432e4_ccs.oem4f</name>
      </input_file>
      <input_file id="fl-1b">
         <path>D:\CCS\MSP432E4_SDK\simplelink_msp432e4_sdk_4_20_00_12\source\ti\devices\msp432e4\driverlib\lib\ccs\m4f\</path>
         <kind>archive</kind>
         <file>msp432e4_driverlib.a</file>
         <name>fpu.o</name>
      </input_file>
      <input_file id="fl-1c">
         <path>D:\CCS\MSP432E4_SDK\simplelink_msp432e4_sdk_4_20_00_12\source\ti\devices\msp432e4\driverlib\lib\ccs\m4f\</path>
         <kind>archive</kind>
         <file>msp432e4_driverlib.a</file>
         <name>gpio.o</name>
      </input_file>
      <input_file id="fl-1d">
         <path>D:\CCS\MSP432E4_SDK\simplelink_msp432e4_sdk_4_20_00_12\source\ti\devices\msp432e4\driverlib\lib\ccs\m4f\</path>
         <kind>archive</kind>
         <file>msp432e4_driverlib.a</file>
         <name>interrupt.o</name>
      </input_file>
      <input_file id="fl-1e">
         <path>D:\CCS\MSP432E4_SDK\simplelink_msp432e4_sdk_4_20_00_12\source\ti\devices\msp432e4\driverlib\lib\ccs\m4f\</path>
         <kind>archive</kind>
         <file>msp432e4_driverlib.a</file>
         <name>sysctl.o</name>
      </input_file>
      <input_file id="fl-1f">
         <path>D:\CCS\MSP432E4_SDK\simplelink_msp432e4_sdk_4_20_00_12\source\ti\devices\msp432e4\driverlib\lib\ccs\m4f\</path>
         <kind>archive</kind>
         <file>msp432e4_driverlib.a</file>
         <name>cpu.o</name>
      </input_file>
      <input_file id="fl-d5">
         <path>D:\CCS\CCS10.4\ccs\tools\compiler\ti-cgt-arm_20.2.5.LTS\lib\</path>
         <kind>archive</kind>
         <file>rtsv7M4_T_le_v4SPD16_eabi.lib</file>
         <name>ll_mul_t2.asm.obj</name>
      </input_file>
      <input_file id="fl-d6">
         <path>D:\CCS\CCS10.4\ccs\tools\compiler\ti-cgt-arm_20.2.5.LTS\lib\</path>
         <kind>archive</kind>
         <file>rtsv7M4_T_le_v4SPD16_eabi.lib</file>
         <name>ull_div_t2.asm.obj</name>
      </input_file>
      <input_file id="fl-d7">
         <path>D:\CCS\CCS10.4\ccs\tools\compiler\ti-cgt-arm_20.2.5.LTS\lib\</path>
         <kind>archive</kind>
         <file>rtsv7M4_T_le_v4SPD16_eabi.lib</file>
         <name>copy_zero_init.c.obj</name>
      </input_file>
      <input_file id="fl-d8">
         <path>D:\CCS\CCS10.4\ccs\tools\compiler\ti-cgt-arm_20.2.5.LTS\lib\</path>
         <kind>archive</kind>
         <file>rtsv7M4_T_le_v4SPD16_eabi.lib</file>
         <name>copy_decompress_none.c.obj</name>
      </input_file>
      <input_file id="fl-d9">
         <path>D:\CCS\CCS10.4\ccs\tools\compiler\ti-cgt-arm_20.2.5.LTS\lib\</path>
         <kind>archive</kind>
         <file>rtsv7M4_T_le_v4SPD16_eabi.lib</file>
         <name>copy_decompress_lzss.c.obj</name>
      </input_file>
      <input_file id="fl-da">
         <path>D:\CCS\CCS10.4\ccs\tools\compiler\ti-cgt-arm_20.2.5.LTS\lib\</path>
         <kind>archive</kind>
         <file>rtsv7M4_T_le_v4SPD16_eabi.lib</file>
         <name>memory.c.obj</name>
      </input_file>
      <input_file id="fl-db">
         <path>D:\CCS\CCS10.4\ccs\tools\compiler\ti-cgt-arm_20.2.5.LTS\lib\</path>
         <kind>archive</kind>
         <file>rtsv7M4_T_le_v4SPD16_eabi.lib</file>
         <name>boot_cortex_m.c.obj</name>
      </input_file>
      <input_file id="fl-dc">
         <path>D:\CCS\CCS10.4\ccs\tools\compiler\ti-cgt-arm_20.2.5.LTS\lib\</path>
         <kind>archive</kind>
         <file>rtsv7M4_T_le_v4SPD16_eabi.lib</file>
         <name>div0.asm.obj</name>
      </input_file>
      <input_file id="fl-dd">
         <path>D:\CCS\CCS10.4\ccs\tools\compiler\ti-cgt-arm_20.2.5.LTS\lib\</path>
         <kind>archive</kind>
         <file>rtsv7M4_T_le_v4SPD16_eabi.lib</file>
         <name>memcpy_t2.asm.obj</name>
      </input_file>
      <input_file id="fl-de">
         <path>D:\CCS\CCS10.4\ccs\tools\compiler\ti-cgt-arm_20.2.5.LTS\lib\</path>
         <kind>archive</kind>
         <file>rtsv7M4_T_le_v4SPD16_eabi.lib</file>
         <name>memset_t2.asm.obj</name>
      </input_file>
      <input_file id="fl-df">
         <path>D:\CCS\CCS10.4\ccs\tools\compiler\ti-cgt-arm_20.2.5.LTS\lib\</path>
         <kind>archive</kind>
         <file>rtsv7M4_T_le_v4SPD16_eabi.lib</file>
         <name>autoinit.c.obj</name>
      </input_file>
      <input_file id="fl-e0">
         <path>D:\CCS\CCS10.4\ccs\tools\compiler\ti-cgt-arm_20.2.5.LTS\lib\</path>
         <kind>archive</kind>
         <file>rtsv7M4_T_le_v4SPD16_eabi.lib</file>
         <name>pre_init.c.obj</name>
      </input_file>
      <input_file id="fl-e1">
         <path>D:\CCS\CCS10.4\ccs\tools\compiler\ti-cgt-arm_20.2.5.LTS\lib\</path>
         <kind>archive</kind>
         <file>rtsv7M4_T_le_v4SPD16_eabi.lib</file>
         <name>cpy_tbl.c.obj</name>
      </input_file>
      <input_file id="fl-e2">
         <path>D:\CCS\CCS10.4\ccs\tools\compiler\ti-cgt-arm_20.2.5.LTS\lib\</path>
         <kind>archive</kind>
         <file>rtsv7M4_T_le_v4SPD16_eabi.lib</file>
         <name>exit.c.obj</name>
      </input_file>
      <input_file id="fl-e3">
         <path>D:\CCS\CCS10.4\ccs\tools\compiler\ti-cgt-arm_20.2.5.LTS\lib\</path>
         <kind>archive</kind>
         <file>rtsv7M4_T_le_v4SPD16_eabi.lib</file>
         <name>_lock.c.obj</name>
      </input_file>
      <input_file id="fl-e4">
         <path>D:\CCS\CCS10.4\ccs\tools\compiler\ti-cgt-arm_20.2.5.LTS\lib\</path>
         <kind>archive</kind>
         <file>rtsv7M4_T_le_v4SPD16_eabi.lib</file>
         <name>args_main.c.obj</name>
      </input_file>
   </input_file_list>
   <object_component_list>
      <object_component id="oc-5e">
         <name>.text:SysCtlClockFreqSet</name>
         <load_address>0x200</load_address>
         <run_address>0x200</run_address>
         <size>0x2e0</size>
         <input_file_ref idref="fl-1e"/>
      </object_component>
      <object_component id="oc-42a">
         <name>.text:GPIOPadConfigSet</name>
         <load_address>0x4e0</load_address>
         <run_address>0x4e0</run_address>
         <size>0x23a</size>
         <input_file_ref idref="fl-1c"/>
      </object_component>
      <object_component id="oc-348">
         <name>.text:Button_clockTimeoutHandler</name>
         <load_address>0x71a</load_address>
         <run_address>0x71a</run_address>
         <size>0x186</size>
         <input_file_ref idref="fl-11"/>
      </object_component>
      <object_component id="oc-311">
         <name>.text:GPIO_setConfig</name>
         <load_address>0x8a0</load_address>
         <run_address>0x8a0</run_address>
         <size>0x184</size>
         <input_file_ref idref="fl-12"/>
      </object_component>
      <object_component id="oc-21b">
         <name>.text:LED_open</name>
         <load_address>0xa24</load_address>
         <run_address>0xa24</run_address>
         <size>0x110</size>
         <input_file_ref idref="fl-10"/>
      </object_component>
      <object_component id="oc-4cc">
         <name>.text:aligned_alloc</name>
         <load_address>0xb34</load_address>
         <run_address>0xb34</run_address>
         <size>0x100</size>
         <input_file_ref idref="fl-da"/>
      </object_component>
      <object_component id="oc-22d">
         <name>.text:Button_open</name>
         <load_address>0xc34</load_address>
         <run_address>0xc34</run_address>
         <size>0xe8</size>
         <input_file_ref idref="fl-11"/>
      </object_component>
      <object_component id="oc-3ef">
         <name>.text:free</name>
         <load_address>0xd1c</load_address>
         <run_address>0xd1c</run_address>
         <size>0xe4</size>
         <input_file_ref idref="fl-da"/>
      </object_component>
      <object_component id="oc-221">
         <name>.text:GPIO_init</name>
         <load_address>0xe00</load_address>
         <run_address>0xe00</run_address>
         <size>0xac</size>
         <input_file_ref idref="fl-12"/>
      </object_component>
      <object_component id="oc-442">
         <name>.text:GPIOIntTypeSet</name>
         <load_address>0xeac</load_address>
         <run_address>0xeac</run_address>
         <size>0xa4</size>
         <input_file_ref idref="fl-1c"/>
      </object_component>
      <object_component id="oc-30b">
         <name>.text:SemaphoreP_pend</name>
         <load_address>0xf50</load_address>
         <run_address>0xf50</run_address>
         <size>0xa0</size>
         <input_file_ref idref="fl-16"/>
      </object_component>
      <object_component id="oc-3a">
         <name>.text</name>
         <load_address>0xff0</load_address>
         <run_address>0xff0</run_address>
         <size>0x9c</size>
         <input_file_ref idref="fl-dd"/>
      </object_component>
      <object_component id="oc-23a">
         <name>.text:ButtonCallBackFxn</name>
         <load_address>0x108c</load_address>
         <run_address>0x108c</run_address>
         <size>0x94</size>
         <input_file_ref idref="fl-2"/>
      </object_component>
      <object_component id="oc-bb">
         <name>.text:_SysCtlFrequencyGet</name>
         <load_address>0x1120</load_address>
         <run_address>0x1120</run_address>
         <size>0x90</size>
         <input_file_ref idref="fl-1e"/>
      </object_component>
      <object_component id="oc-5a7">
         <name>.text:IntEnable</name>
         <load_address>0x11b0</load_address>
         <run_address>0x11b0</run_address>
         <size>0x80</size>
         <input_file_ref idref="fl-1d"/>
      </object_component>
      <object_component id="oc-18c">
         <name>.text:mainThread</name>
         <load_address>0x1230</load_address>
         <run_address>0x1230</run_address>
         <size>0x7c</size>
         <input_file_ref idref="fl-2"/>
      </object_component>
      <object_component id="oc-a2">
         <name>.text</name>
         <load_address>0x12ac</load_address>
         <run_address>0x12ac</run_address>
         <size>0x7a</size>
         <input_file_ref idref="fl-de"/>
      </object_component>
      <object_component id="oc-207">
         <name>.text:Board_initHook</name>
         <load_address>0x1326</load_address>
         <run_address>0x1326</run_address>
         <size>0x2</size>
         <input_file_ref idref="fl-3"/>
      </object_component>
      <object_component id="oc-53a">
         <name>.text:HwiP_construct</name>
         <load_address>0x1328</load_address>
         <run_address>0x1328</run_address>
         <size>0x70</size>
         <input_file_ref idref="fl-18"/>
      </object_component>
      <object_component id="oc-575">
         <name>.text:split</name>
         <load_address>0x1398</load_address>
         <run_address>0x1398</run_address>
         <size>0x70</size>
         <input_file_ref idref="fl-da"/>
      </object_component>
      <object_component id="oc-45d">
         <name>.text:GPIO_hwiIntFxn</name>
         <load_address>0x1408</load_address>
         <run_address>0x1408</run_address>
         <size>0x68</size>
         <input_file_ref idref="fl-12"/>
      </object_component>
      <object_component id="oc-418">
         <name>.text:Power_setDependency</name>
         <load_address>0x1470</load_address>
         <run_address>0x1470</run_address>
         <size>0x68</size>
         <input_file_ref idref="fl-13"/>
      </object_component>
      <object_component id="oc-13">
         <name>.text:decompress:lzss:__TI_decompress_lzss</name>
         <load_address>0x14d8</load_address>
         <run_address>0x14d8</run_address>
         <size>0x68</size>
         <input_file_ref idref="fl-d9"/>
      </object_component>
      <object_component id="oc-34e">
         <name>.text:Button_gpioCallbackFxn</name>
         <load_address>0x1540</load_address>
         <run_address>0x1540</run_address>
         <size>0x64</size>
         <input_file_ref idref="fl-11"/>
      </object_component>
      <object_component id="oc-201">
         <name>.text:Power_init</name>
         <load_address>0x15a4</load_address>
         <run_address>0x15a4</run_address>
         <size>0x64</size>
         <input_file_ref idref="fl-13"/>
      </object_component>
      <object_component id="oc-41e">
         <name>.text:GPIODirModeSet</name>
         <load_address>0x1608</load_address>
         <run_address>0x1608</run_address>
         <size>0x5c</size>
         <input_file_ref idref="fl-1c"/>
      </object_component>
      <object_component id="oc-59b">
         <name>.text:IntRegister</name>
         <load_address>0x1664</load_address>
         <run_address>0x1664</run_address>
         <size>0x5c</size>
         <input_file_ref idref="fl-1d"/>
      </object_component>
      <object_component id="oc-317">
         <name>.text:GPIO_setCallback</name>
         <load_address>0x16c0</load_address>
         <run_address>0x16c0</run_address>
         <size>0x58</size>
         <input_file_ref idref="fl-12"/>
      </object_component>
      <object_component id="oc-57f">
         <name>.text:sysTickInit</name>
         <load_address>0x1718</load_address>
         <run_address>0x1718</run_address>
         <size>0x58</size>
         <input_file_ref idref="fl-17"/>
      </object_component>
      <object_component id="oc-3c4">
         <name>.text:GPIO_write</name>
         <load_address>0x1770</load_address>
         <run_address>0x1770</run_address>
         <size>0x54</size>
         <input_file_ref idref="fl-12"/>
      </object_component>
      <object_component id="oc-5a1">
         <name>.text:IntPrioritySet</name>
         <load_address>0x17c4</load_address>
         <run_address>0x17c4</run_address>
         <size>0x54</size>
         <input_file_ref idref="fl-1d"/>
      </object_component>
      <object_component id="oc-7e">
         <name>.text:ClockP_sysTickHandler</name>
         <load_address>0x1818</load_address>
         <run_address>0x1818</run_address>
         <size>0x50</size>
         <input_file_ref idref="fl-17"/>
      </object_component>
      <object_component id="oc-2cb">
         <name>.text:LED_startBlinking</name>
         <load_address>0x1868</load_address>
         <run_address>0x1868</run_address>
         <size>0x50</size>
         <input_file_ref idref="fl-10"/>
      </object_component>
      <object_component id="oc-4e7">
         <name>.text:SemaphoreP_construct</name>
         <load_address>0x18b8</load_address>
         <run_address>0x18b8</run_address>
         <size>0x50</size>
         <input_file_ref idref="fl-16"/>
      </object_component>
      <object_component id="oc-3a5">
         <name>.text:ClockP_stop</name>
         <load_address>0x1908</load_address>
         <run_address>0x1908</run_address>
         <size>0x44</size>
         <input_file_ref idref="fl-17"/>
      </object_component>
      <object_component id="oc-2a1">
         <name>.text:PWM_init</name>
         <load_address>0x194c</load_address>
         <run_address>0x194c</run_address>
         <size>0x44</size>
         <input_file_ref idref="fl-14"/>
      </object_component>
      <object_component id="oc-31d">
         <name>.text:SemaphoreP_post</name>
         <load_address>0x1990</load_address>
         <run_address>0x1990</run_address>
         <size>0x44</size>
         <input_file_ref idref="fl-16"/>
      </object_component>
      <object_component id="oc-515">
         <name>.text:SysCtlPeripheralPresent</name>
         <load_address>0x19d4</load_address>
         <run_address>0x19d4</run_address>
         <size>0x44</size>
         <input_file_ref idref="fl-1e"/>
      </object_component>
      <object_component id="oc-52d">
         <name>.text:SysCtlPeripheralReady</name>
         <load_address>0x1a18</load_address>
         <run_address>0x1a18</run_address>
         <size>0x44</size>
         <input_file_ref idref="fl-1e"/>
      </object_component>
      <object_component id="oc-b5">
         <name>.text:_SysCtlMemTimingGet</name>
         <load_address>0x1a5c</load_address>
         <run_address>0x1a5c</run_address>
         <size>0x44</size>
         <input_file_ref idref="fl-1e"/>
      </object_component>
      <object_component id="oc-19f">
         <name>.text:__TI_auto_init_nobinit_nopinit:__TI_auto_init_nobinit_nopinit</name>
         <load_address>0x1aa0</load_address>
         <run_address>0x1aa0</run_address>
         <size>0x44</size>
         <input_file_ref idref="fl-df"/>
      </object_component>
      <object_component id="oc-39e">
         <name>.text:ClockP_construct</name>
         <load_address>0x1ae4</load_address>
         <run_address>0x1ae4</run_address>
         <size>0x40</size>
         <input_file_ref idref="fl-17"/>
      </object_component>
      <object_component id="oc-2ad">
         <name>.text:PWM_open</name>
         <load_address>0x1b24</load_address>
         <run_address>0x1b24</run_address>
         <size>0x40</size>
         <input_file_ref idref="fl-14"/>
      </object_component>
      <object_component id="oc-521">
         <name>.text:SysCtlPeripheralEnable</name>
         <load_address>0x1b64</load_address>
         <run_address>0x1b64</run_address>
         <size>0x40</size>
         <input_file_ref idref="fl-1e"/>
      </object_component>
      <object_component id="oc-284">
         <name>.text:SysCtlPeripheralPowerOff</name>
         <load_address>0x1ba4</load_address>
         <run_address>0x1ba4</run_address>
         <size>0x40</size>
         <input_file_ref idref="fl-1e"/>
      </object_component>
      <object_component id="oc-51b">
         <name>.text:SysCtlPeripheralPowerOn</name>
         <load_address>0x1be4</load_address>
         <run_address>0x1be4</run_address>
         <size>0x40</size>
         <input_file_ref idref="fl-1e"/>
      </object_component>
      <object_component id="oc-527">
         <name>.text:SysCtlPeripheralSleepEnable</name>
         <load_address>0x1c24</load_address>
         <run_address>0x1c24</run_address>
         <size>0x40</size>
         <input_file_ref idref="fl-1e"/>
      </object_component>
      <object_component id="oc-3be">
         <name>.text:LED_setBrightnessLevel</name>
         <load_address>0x1c64</load_address>
         <run_address>0x1c64</run_address>
         <size>0x3e</size>
         <input_file_ref idref="fl-10"/>
      </object_component>
      <object_component id="oc-35e">
         <name>.text:_nop</name>
         <load_address>0x1ca2</load_address>
         <run_address>0x1ca2</run_address>
         <size>0x2</size>
         <input_file_ref idref="fl-e3"/>
      </object_component>
      <object_component id="oc-408">
         <name>.text:ClockP_destruct</name>
         <load_address>0x1ca4</load_address>
         <run_address>0x1ca4</run_address>
         <size>0x3c</size>
         <input_file_ref idref="fl-17"/>
      </object_component>
      <object_component id="oc-2d7">
         <name>.text:LED_setOff</name>
         <load_address>0x1ce0</load_address>
         <run_address>0x1ce0</run_address>
         <size>0x3c</size>
         <input_file_ref idref="fl-10"/>
      </object_component>
      <object_component id="oc-ec">
         <name>.text:addToList</name>
         <load_address>0x1d1c</load_address>
         <run_address>0x1d1c</run_address>
         <size>0x38</size>
         <input_file_ref idref="fl-17"/>
      </object_component>
      <object_component id="oc-2d1">
         <name>.text:LED_setOn</name>
         <load_address>0x1d54</load_address>
         <run_address>0x1d54</run_address>
         <size>0x36</size>
         <input_file_ref idref="fl-10"/>
      </object_component>
      <object_component id="oc-2ec">
         <name>.text:clockTimeoutHandler</name>
         <load_address>0x1d8a</load_address>
         <run_address>0x1d8a</run_address>
         <size>0x36</size>
         <input_file_ref idref="fl-10"/>
      </object_component>
      <object_component id="oc-4d3">
         <name>.text:ClockP_startup</name>
         <load_address>0x1dc0</load_address>
         <run_address>0x1dc0</run_address>
         <size>0x34</size>
         <input_file_ref idref="fl-17"/>
      </object_component>
      <object_component id="oc-d6">
         <name>.text:_c_int00_noargs:_c_int00_noargs</name>
         <load_address>0x1df4</load_address>
         <run_address>0x1df4</run_address>
         <size>0x34</size>
         <input_file_ref idref="fl-db"/>
      </object_component>
      <object_component id="oc-180">
         <name>.text:Board_init</name>
         <load_address>0x1e28</load_address>
         <run_address>0x1e28</run_address>
         <size>0x30</size>
         <input_file_ref idref="fl-3"/>
      </object_component>
      <object_component id="oc-3b7">
         <name>.text:ClockP_start</name>
         <load_address>0x1e58</load_address>
         <run_address>0x1e58</run_address>
         <size>0x30</size>
         <input_file_ref idref="fl-17"/>
      </object_component>
      <object_component id="oc-4b0">
         <name>.text:GPIO_disableInt</name>
         <load_address>0x1e88</load_address>
         <run_address>0x1e88</run_address>
         <size>0x30</size>
         <input_file_ref idref="fl-12"/>
      </object_component>
      <object_component id="oc-33f">
         <name>.text:GPIO_enableInt</name>
         <load_address>0x1eb8</load_address>
         <run_address>0x1eb8</run_address>
         <size>0x30</size>
         <input_file_ref idref="fl-12"/>
      </object_component>
      <object_component id="oc-49d">
         <name>.text:GPIO_read</name>
         <load_address>0x1ee8</load_address>
         <run_address>0x1ee8</run_address>
         <size>0x30</size>
         <input_file_ref idref="fl-12"/>
      </object_component>
      <object_component id="oc-28a">
         <name>.text:SysCtlPeripheralClockGating</name>
         <load_address>0x1f18</load_address>
         <run_address>0x1f18</run_address>
         <size>0x2c</size>
         <input_file_ref idref="fl-1e"/>
      </object_component>
      <object_component id="oc-43c">
         <name>.text:HwiP_create</name>
         <load_address>0x1f44</load_address>
         <run_address>0x1f44</run_address>
         <size>0x2a</size>
         <input_file_ref idref="fl-18"/>
      </object_component>
      <object_component id="oc-78">
         <name>.text:busFaultHandler</name>
         <load_address>0x1f6e</load_address>
         <run_address>0x1f6e</run_address>
         <size>0x2</size>
         <input_file_ref idref="fl-1a"/>
      </object_component>
      <object_component id="oc-507">
         <name>.text:free_list_insert</name>
         <load_address>0x1f70</load_address>
         <run_address>0x1f70</run_address>
         <size>0x28</size>
         <input_file_ref idref="fl-da"/>
      </object_component>
      <object_component id="oc-5ad">
         <name>.text:HwiP_dispatch</name>
         <load_address>0x1f98</load_address>
         <run_address>0x1f98</run_address>
         <size>0x24</size>
         <input_file_ref idref="fl-18"/>
      </object_component>
      <object_component id="oc-54d">
         <name>.text:GPIOIntStatus</name>
         <load_address>0x1fbc</load_address>
         <run_address>0x1fbc</run_address>
         <size>0x22</size>
         <input_file_ref idref="fl-1c"/>
      </object_component>
      <object_component id="oc-355">
         <name>.text:LED_stopBlinking</name>
         <load_address>0x1fde</load_address>
         <run_address>0x1fde</run_address>
         <size>0x22</size>
         <input_file_ref idref="fl-10"/>
      </object_component>
      <object_component id="oc-424">
         <name>.text:GPIOPinWrite</name>
         <load_address>0x2000</load_address>
         <run_address>0x2000</run_address>
         <size>0x20</size>
         <input_file_ref idref="fl-1c"/>
      </object_component>
      <object_component id="oc-430">
         <name>.text:getGpioIntIndex</name>
         <load_address>0x2020</load_address>
         <run_address>0x2020</run_address>
         <size>0x20</size>
         <input_file_ref idref="fl-12"/>
      </object_component>
      <object_component id="oc-20">
         <name>.text:resetISR</name>
         <load_address>0x2040</load_address>
         <run_address>0x2040</run_address>
         <size>0x20</size>
         <input_file_ref idref="fl-1a"/>
      </object_component>
      <object_component id="oc-333">
         <name>.text:msToTicks</name>
         <load_address>0x2060</load_address>
         <run_address>0x2060</run_address>
         <size>0x1e</size>
         <input_file_ref idref="fl-11"/>
      </object_component>
      <object_component id="oc-3ab">
         <name>.text:msToTicks</name>
         <load_address>0x207e</load_address>
         <run_address>0x207e</run_address>
         <size>0x1e</size>
         <input_file_ref idref="fl-10"/>
      </object_component>
      <object_component id="oc-501">
         <name>.text:free_list_remove</name>
         <load_address>0x209c</load_address>
         <run_address>0x209c</run_address>
         <size>0x1c</size>
         <input_file_ref idref="fl-da"/>
      </object_component>
      <object_component id="oc-2c5">
         <name>.text:ClockP_create</name>
         <load_address>0x20b8</load_address>
         <run_address>0x20b8</run_address>
         <size>0x1a</size>
         <input_file_ref idref="fl-17"/>
      </object_component>
      <object_component id="oc-56e">
         <name>.text:GPIOIntDisable</name>
         <load_address>0x20d2</load_address>
         <run_address>0x20d2</run_address>
         <size>0x1a</size>
         <input_file_ref idref="fl-1c"/>
      </object_component>
      <object_component id="oc-490">
         <name>.text:GPIOIntEnable</name>
         <load_address>0x20ec</load_address>
         <run_address>0x20ec</run_address>
         <size>0x1a</size>
         <input_file_ref idref="fl-1c"/>
      </object_component>
      <object_component id="oc-3d7">
         <name>.text:LED_toggle</name>
         <load_address>0x2106</load_address>
         <run_address>0x2106</run_address>
         <size>0x1a</size>
         <input_file_ref idref="fl-10"/>
      </object_component>
      <object_component id="oc-2f3">
         <name>.text:SemaphoreP_createBinary</name>
         <load_address>0x2120</load_address>
         <run_address>0x2120</run_address>
         <size>0x1a</size>
         <input_file_ref idref="fl-16"/>
      </object_component>
      <object_component id="oc-40e">
         <name>.text:clkFxn</name>
         <load_address>0x213a</load_address>
         <run_address>0x213a</run_address>
         <size>0x2</size>
         <input_file_ref idref="fl-16"/>
      </object_component>
      <object_component id="oc-58">
         <name>.text:FPUEnable</name>
         <load_address>0x213c</load_address>
         <run_address>0x213c</run_address>
         <size>0x18</size>
         <input_file_ref idref="fl-1b"/>
      </object_component>
      <object_component id="oc-565">
         <name>.text:GPIOPinRead</name>
         <load_address>0x2154</load_address>
         <run_address>0x2154</run_address>
         <size>0x18</size>
         <input_file_ref idref="fl-1c"/>
      </object_component>
      <object_component id="oc-589">
         <name>.text:Power_idleFunc</name>
         <load_address>0x216c</load_address>
         <run_address>0x216c</run_address>
         <size>0x18</size>
         <input_file_ref idref="fl-13"/>
      </object_component>
      <object_component id="oc-3e4">
         <name>.text:SemaphoreP_create</name>
         <load_address>0x2184</load_address>
         <run_address>0x2184</run_address>
         <size>0x16</size>
         <input_file_ref idref="fl-16"/>
      </object_component>
      <object_component id="oc-448">
         <name>.text:GPIOIntClear</name>
         <load_address>0x219a</load_address>
         <run_address>0x219a</run_address>
         <size>0x14</size>
         <input_file_ref idref="fl-1c"/>
      </object_component>
      <object_component id="oc-72">
         <name>.text:defaultHandler</name>
         <load_address>0x21ae</load_address>
         <run_address>0x21ae</run_address>
         <size>0x2</size>
         <input_file_ref idref="fl-1a"/>
      </object_component>
      <object_component id="oc-46b">
         <name>.text:HwiP_inISR</name>
         <load_address>0x21b0</load_address>
         <run_address>0x21b0</run_address>
         <size>0x14</size>
         <input_file_ref idref="fl-18"/>
      </object_component>
      <object_component id="oc-2a7">
         <name>.text:PWM_Params_init</name>
         <load_address>0x21c4</load_address>
         <run_address>0x21c4</run_address>
         <size>0x14</size>
         <input_file_ref idref="fl-14"/>
      </object_component>
      <object_component id="oc-471">
         <name>.text:Power_disablePolicy</name>
         <load_address>0x21d8</load_address>
         <run_address>0x21d8</run_address>
         <size>0x14</size>
         <input_file_ref idref="fl-13"/>
      </object_component>
      <object_component id="oc-4a9">
         <name>.text:timediff</name>
         <load_address>0x21ec</load_address>
         <run_address>0x21ec</run_address>
         <size>0x14</size>
         <input_file_ref idref="fl-11"/>
      </object_component>
      <object_component id="oc-436">
         <name>.text:HwiP_Params_init</name>
         <load_address>0x2200</load_address>
         <run_address>0x2200</run_address>
         <size>0x12</size>
         <input_file_ref idref="fl-18"/>
      </object_component>
      <object_component id="oc-215">
         <name>.text:LED_Params_init</name>
         <load_address>0x2212</load_address>
         <run_address>0x2212</run_address>
         <size>0x12</size>
         <input_file_ref idref="fl-10"/>
      </object_component>
      <object_component id="oc-13f">
         <name>.text:main</name>
         <load_address>0x2224</load_address>
         <run_address>0x2224</run_address>
         <size>0x12</size>
         <input_file_ref idref="fl-4"/>
      </object_component>
      <object_component id="oc-6c">
         <name>.text:faultISR</name>
         <load_address>0x2236</load_address>
         <run_address>0x2236</run_address>
         <size>0x2</size>
         <input_file_ref idref="fl-1a"/>
      </object_component>
      <object_component id="oc-227">
         <name>.text:Button_Params_init</name>
         <load_address>0x2238</load_address>
         <run_address>0x2238</run_address>
         <size>0x10</size>
         <input_file_ref idref="fl-11"/>
      </object_component>
      <object_component id="oc-3f6">
         <name>.text:ClockP_add</name>
         <load_address>0x2248</load_address>
         <run_address>0x2248</run_address>
         <size>0x10</size>
         <input_file_ref idref="fl-17"/>
      </object_component>
      <object_component id="oc-4a3">
         <name>.text:ClockP_getSystemTicks</name>
         <load_address>0x2258</load_address>
         <run_address>0x2258</run_address>
         <size>0x10</size>
         <input_file_ref idref="fl-17"/>
      </object_component>
      <object_component id="oc-339">
         <name>.text:GPIO_getConfig</name>
         <load_address>0x2268</load_address>
         <run_address>0x2268</run_address>
         <size>0x10</size>
         <input_file_ref idref="fl-12"/>
      </object_component>
      <object_component id="oc-52">
         <name>.text:IntMasterDisable</name>
         <load_address>0x2278</load_address>
         <run_address>0x2278</run_address>
         <size>0x10</size>
         <input_file_ref idref="fl-1d"/>
      </object_component>
      <object_component id="oc-20e">
         <name>.text:IntMasterEnable</name>
         <load_address>0x2288</load_address>
         <run_address>0x2288</run_address>
         <size>0x10</size>
         <input_file_ref idref="fl-1d"/>
      </object_component>
      <object_component id="oc-37f">
         <name>.text:PowerMSP432E4_sleepPolicy</name>
         <load_address>0x2298</load_address>
         <run_address>0x2298</run_address>
         <size>0x10</size>
         <input_file_ref idref="fl-19"/>
      </object_component>
      <object_component id="oc-3fc">
         <name>.text:Power_enablePolicy</name>
         <load_address>0x22a8</load_address>
         <run_address>0x22a8</run_address>
         <size>0x10</size>
         <input_file_ref idref="fl-13"/>
      </object_component>
      <object_component id="oc-3de">
         <name>.text:SemaphoreP_Params_init</name>
         <load_address>0x22b8</load_address>
         <run_address>0x22b8</run_address>
         <size>0x10</size>
         <input_file_ref idref="fl-16"/>
      </object_component>
      <object_component id="oc-19">
         <name>.text:decompress:none:__TI_decompress_none</name>
         <load_address>0x22c8</load_address>
         <run_address>0x22c8</run_address>
         <size>0xe</size>
         <input_file_ref idref="fl-d8"/>
      </object_component>
      <object_component id="oc-a8">
         <name>.text:CPUcpsid</name>
         <load_address>0x22d6</load_address>
         <run_address>0x22d6</run_address>
         <size>0xc</size>
         <input_file_ref idref="fl-1f"/>
      </object_component>
      <object_component id="oc-298">
         <name>.text:CPUcpsie</name>
         <load_address>0x22e2</load_address>
         <run_address>0x22e2</run_address>
         <size>0xc</size>
         <input_file_ref idref="fl-1f"/>
      </object_component>
      <object_component id="oc-66">
         <name>.text:nmiISR</name>
         <load_address>0x22ee</load_address>
         <run_address>0x22ee</run_address>
         <size>0x2</size>
         <input_file_ref idref="fl-1a"/>
      </object_component>
      <object_component id="oc-488">
         <name>.text:ClockP_getSystemTickPeriod</name>
         <load_address>0x22f0</load_address>
         <run_address>0x22f0</run_address>
         <size>0xc</size>
         <input_file_ref idref="fl-17"/>
      </object_component>
      <object_component id="oc-4c">
         <name>.text:decompress:ZI:__TI_zero_init</name>
         <load_address>0x22fc</load_address>
         <run_address>0x22fc</run_address>
         <size>0xc</size>
         <input_file_ref idref="fl-d7"/>
      </object_component>
      <object_component id="oc-2bf">
         <name>.text:ClockP_Params_init</name>
         <load_address>0x2308</load_address>
         <run_address>0x2308</run_address>
         <size>0xa</size>
         <input_file_ref idref="fl-17"/>
      </object_component>
      <object_component id="oc-402">
         <name>.text:ClockP_isActive</name>
         <load_address>0x2312</load_address>
         <run_address>0x2312</run_address>
         <size>0xa</size>
         <input_file_ref idref="fl-17"/>
      </object_component>
      <object_component id="oc-2dd">
         <name>.text:PWM_close</name>
         <load_address>0x231c</load_address>
         <run_address>0x231c</run_address>
         <size>0xa</size>
         <input_file_ref idref="fl-14"/>
      </object_component>
      <object_component id="oc-2b9">
         <name>.text:PWM_setDuty</name>
         <load_address>0x2326</load_address>
         <run_address>0x2326</run_address>
         <size>0xa</size>
         <input_file_ref idref="fl-14"/>
      </object_component>
      <object_component id="oc-2b3">
         <name>.text:PWM_start</name>
         <load_address>0x2330</load_address>
         <run_address>0x2330</run_address>
         <size>0xa</size>
         <input_file_ref idref="fl-14"/>
      </object_component>
      <object_component id="oc-2ff">
         <name>.text:HwiP_restore</name>
         <load_address>0x233a</load_address>
         <run_address>0x233a</run_address>
         <size>0x8</size>
         <input_file_ref idref="fl-18"/>
      </object_component>
      <object_component id="oc-398">
         <name>.text:malloc</name>
         <load_address>0x2342</load_address>
         <run_address>0x2342</run_address>
         <size>0x8</size>
         <input_file_ref idref="fl-da"/>
      </object_component>
      <object_component id="oc-3b1">
         <name>.text:ClockP_setTimeout</name>
         <load_address>0x234a</load_address>
         <run_address>0x234a</run_address>
         <size>0x4</size>
         <input_file_ref idref="fl-17"/>
      </object_component>
      <object_component id="oc-2f9">
         <name>.text:HwiP_disable</name>
         <load_address>0x234e</load_address>
         <run_address>0x234e</run_address>
         <size>0x4</size>
         <input_file_ref idref="fl-18"/>
      </object_component>
      <object_component id="oc-186">
         <name>.text:HwiP_enable</name>
         <load_address>0x2352</load_address>
         <run_address>0x2352</run_address>
         <size>0x4</size>
         <input_file_ref idref="fl-18"/>
      </object_component>
      <object_component id="oc-305">
         <name>.text:SemaphoreP_delete</name>
         <load_address>0x2356</load_address>
         <run_address>0x2356</run_address>
         <size>0x4</size>
         <input_file_ref idref="fl-16"/>
      </object_component>
      <object_component id="oc-139">
         <name>.text:_system_pre_init</name>
         <load_address>0x235a</load_address>
         <run_address>0x235a</run_address>
         <size>0x4</size>
         <input_file_ref idref="fl-e0"/>
      </object_component>
      <object_component id="oc-193">
         <name>.text:abort:abort</name>
         <load_address>0x235e</load_address>
         <run_address>0x235e</run_address>
         <size>0x4</size>
         <input_file_ref idref="fl-e2"/>
      </object_component>
      <object_component id="oc-c7">
         <name>.const:g_pppui32XTALtoVCO</name>
         <load_address>0x2364</load_address>
         <run_address>0x2364</run_address>
         <size>0x1b0</size>
         <input_file_ref idref="fl-1e"/>
      </object_component>
      <object_component id="oc-5cb">
         <name>.const:g_pui32Regs</name>
         <load_address>0x2514</load_address>
         <run_address>0x2514</run_address>
         <size>0x9c</size>
         <input_file_ref idref="fl-1d"/>
      </object_component>
      <object_component id="oc-466">
         <name>.const:gpioBaseAddresses</name>
         <load_address>0x25b0</load_address>
         <run_address>0x25b0</run_address>
         <size>0x48</size>
         <input_file_ref idref="fl-12"/>
      </object_component>
      <object_component id="oc-44e">
         <name>.const:powerMgrIds</name>
         <load_address>0x25f8</load_address>
         <run_address>0x25f8</run_address>
         <size>0x48</size>
         <input_file_ref idref="fl-12"/>
      </object_component>
      <object_component id="oc-123">
         <name>.const:g_sXTALtoMEMTIM</name>
         <load_address>0x2640</load_address>
         <run_address>0x2640</run_address>
         <size>0x30</size>
         <input_file_ref idref="fl-1e"/>
      </object_component>
      <object_component id="oc-c1">
         <name>.const:g_pui32Xtals</name>
         <load_address>0x2670</load_address>
         <run_address>0x2670</run_address>
         <size>0x28</size>
         <input_file_ref idref="fl-1e"/>
      </object_component>
      <object_component id="oc-45a">
         <name>.const:.string:gpioInterruptVectors</name>
         <load_address>0x2698</load_address>
         <run_address>0x2698</run_address>
         <size>0x20</size>
         <input_file_ref idref="fl-12"/>
      </object_component>
      <object_component id="oc-390">
         <name>.const:PWM_defaultParams</name>
         <load_address>0x26b8</load_address>
         <run_address>0x26b8</run_address>
         <size>0x18</size>
         <input_file_ref idref="fl-14"/>
      </object_component>
      <object_component id="oc-327">
         <name>.const:GPIOMSP432E4_config</name>
         <load_address>0x26d0</load_address>
         <run_address>0x26d0</run_address>
         <size>0x14</size>
         <input_file_ref idref="fl-3"/>
      </object_component>
      <object_component id="oc-5cf">
         <name>.const:g_pui32EnRegs</name>
         <load_address>0x26e4</load_address>
         <run_address>0x26e4</run_address>
         <size>0x14</size>
         <input_file_ref idref="fl-1d"/>
      </object_component>
      <object_component id="oc-345">
         <name>.const:Button_config</name>
         <load_address>0x26f8</load_address>
         <run_address>0x26f8</run_address>
         <size>0x10</size>
         <input_file_ref idref="fl-3"/>
      </object_component>
      <object_component id="oc-32e">
         <name>.const:Button_defaultParams</name>
         <load_address>0x2708</load_address>
         <run_address>0x2708</run_address>
         <size>0x10</size>
         <input_file_ref idref="fl-11"/>
      </object_component>
      <object_component id="oc-2e3">
         <name>.const:LED_config</name>
         <load_address>0x2718</load_address>
         <run_address>0x2718</run_address>
         <size>0x10</size>
         <input_file_ref idref="fl-3"/>
      </object_component>
      <object_component id="oc-2e6">
         <name>.const</name>
         <load_address>0x2728</load_address>
         <run_address>0x2728</run_address>
         <size>0xa</size>
         <input_file_ref idref="fl-3"/>
      </object_component>
      <object_component id="oc-498">
         <name>.const:ButtonHWAttrs</name>
         <load_address>0x2732</load_address>
         <run_address>0x2732</run_address>
         <size>0x2</size>
         <input_file_ref idref="fl-3"/>
      </object_component>
      <object_component id="oc-2e9">
         <name>.const:LED_defaultParams</name>
         <load_address>0x2734</load_address>
         <run_address>0x2734</run_address>
         <size>0x8</size>
         <input_file_ref idref="fl-10"/>
      </object_component>
      <object_component id="oc-290">
         <name>.const:PowerMSP432E4_config</name>
         <load_address>0x273c</load_address>
         <run_address>0x273c</run_address>
         <size>0x8</size>
         <input_file_ref idref="fl-3"/>
      </object_component>
      <object_component id="oc-c4">
         <name>.const:g_pui32VCOFrequencies</name>
         <load_address>0x2744</load_address>
         <run_address>0x2744</run_address>
         <size>0x8</size>
         <input_file_ref idref="fl-1e"/>
      </object_component>
      <object_component id="oc-451">
         <name>.const:.string:outPinStrengths</name>
         <load_address>0x274c</load_address>
         <run_address>0x274c</run_address>
         <size>0x7</size>
         <input_file_ref idref="fl-12"/>
      </object_component>
      <object_component id="oc-463">
         <name>.const:.string:interruptType</name>
         <load_address>0x2753</load_address>
         <run_address>0x2753</run_address>
         <size>0x6</size>
         <input_file_ref idref="fl-12"/>
      </object_component>
      <object_component id="oc-454">
         <name>.const:.string:outPinTypes</name>
         <load_address>0x2759</load_address>
         <run_address>0x2759</run_address>
         <size>0x4</size>
         <input_file_ref idref="fl-12"/>
      </object_component>
      <object_component id="oc-3ce">
         <name>.const:LEDHWAttrs</name>
         <load_address>0x275d</load_address>
         <run_address>0x275d</run_address>
         <size>0x4</size>
         <input_file_ref idref="fl-3"/>
      </object_component>
      <object_component id="oc-457">
         <name>.const:.string:inPinTypes</name>
         <load_address>0x2761</load_address>
         <run_address>0x2761</run_address>
         <size>0x3</size>
         <input_file_ref idref="fl-12"/>
      </object_component>
      <object_component id="oc-611">
         <name>.cinit..data.load</name>
         <load_address>0x2768</load_address>
         <run_address>0x2768</run_address>
         <size>0x108</size>
      </object_component>
      <object_component id="oc-60e">
         <name>__TI_handler_table</name>
         <load_address>0x2870</load_address>
         <run_address>0x2870</run_address>
         <size>0xc</size>
      </object_component>
      <object_component id="oc-612">
         <name>.cinit..bss.load</name>
         <load_address>0x2880</load_address>
         <run_address>0x2880</run_address>
         <size>0x8</size>
      </object_component>
      <object_component id="oc-610">
         <name>.cinit..vtable.load</name>
         <load_address>0x2888</load_address>
         <run_address>0x2888</run_address>
         <size>0x8</size>
      </object_component>
      <object_component id="oc-60f">
         <name>__TI_cinit_table</name>
         <load_address>0x2890</load_address>
         <run_address>0x2890</run_address>
         <size>0x18</size>
      </object_component>
      <object_component id="oc-5c6">
         <name>.vtable</name>
         <uninitialized>true</uninitialized>
         <run_address>0x20000000</run_address>
         <size>0x26c</size>
         <input_file_ref idref="fl-1d"/>
      </object_component>
      <object_component id="oc-47a">
         <name>.data:gpioPinConfigs</name>
         <load_address>0x20008658</load_address>
         <run_address>0x20008658</run_address>
         <size>0x10</size>
         <input_file_ref idref="fl-3"/>
      </object_component>
      <object_component id="oc-47d">
         <name>.data:gpioCallbackFunctions</name>
         <load_address>0x20008648</load_address>
         <run_address>0x20008648</run_address>
         <size>0x10</size>
         <input_file_ref idref="fl-3"/>
      </object_component>
      <object_component id="oc-324">
         <name>.data</name>
         <load_address>0x20008680</load_address>
         <run_address>0x20008680</run_address>
         <size>0x5</size>
         <input_file_ref idref="fl-12"/>
      </object_component>
      <object_component id="oc-293">
         <name>.data:PowerMSP432E4_module</name>
         <load_address>0x200084dc</load_address>
         <run_address>0x200084dc</run_address>
         <size>0x16c</size>
         <input_file_ref idref="fl-13"/>
      </object_component>
      <object_component id="oc-38c">
         <name>.data</name>
         <load_address>0x2000868d</load_address>
         <run_address>0x2000868d</run_address>
         <size>0x1</size>
         <input_file_ref idref="fl-14"/>
      </object_component>
      <object_component id="oc-414">
         <name>.data</name>
         <load_address>0x20008685</load_address>
         <run_address>0x20008685</run_address>
         <size>0x3</size>
         <input_file_ref idref="fl-16"/>
      </object_component>
      <object_component id="oc-4e3">
         <name>.data:SemaphoreP_defaultParams</name>
         <load_address>0x20008678</load_address>
         <run_address>0x20008678</run_address>
         <size>0x8</size>
         <input_file_ref idref="fl-16"/>
      </object_component>
      <object_component id="oc-55e">
         <name>.data</name>
         <load_address>0x20008688</load_address>
         <run_address>0x20008688</run_address>
         <size>0x5</size>
         <input_file_ref idref="fl-17"/>
      </object_component>
      <object_component id="oc-5b6">
         <name>.data:HwiP_dispatchTable</name>
         <load_address>0x20008270</load_address>
         <run_address>0x20008270</run_address>
         <size>0x26c</size>
         <input_file_ref idref="fl-18"/>
      </object_component>
      <object_component id="oc-5b3">
         <name>.data</name>
         <load_address>0x20008690</load_address>
         <run_address>0x20008690</run_address>
         <size>0x4</size>
         <input_file_ref idref="fl-18"/>
      </object_component>
      <object_component id="oc-57b">
         <name>.data:$O1$$</name>
         <load_address>0x20008670</load_address>
         <run_address>0x20008670</run_address>
         <size>0x8</size>
         <input_file_ref idref="fl-da"/>
      </object_component>
      <object_component id="oc-246">
         <name>.data:$O1$$</name>
         <load_address>0x20008668</load_address>
         <run_address>0x20008668</run_address>
         <size>0x8</size>
         <input_file_ref idref="fl-e3"/>
      </object_component>
      <object_component id="oc-32a">
         <name>.bss:gpioCallbackInfo</name>
         <uninitialized>true</uninitialized>
         <run_address>0x20008698</run_address>
         <size>0x90</size>
         <input_file_ref idref="fl-12"/>
      </object_component>
      <object_component id="oc-323">
         <name>.bss</name>
         <uninitialized>true</uninitialized>
         <run_address>0x20008838</run_address>
         <size>0x4</size>
         <input_file_ref idref="fl-12"/>
      </object_component>
      <object_component id="oc-585">
         <name>.bss</name>
         <uninitialized>true</uninitialized>
         <run_address>0x2000883c</run_address>
         <size>0x4</size>
         <input_file_ref idref="fl-17"/>
      </object_component>
      <object_component id="oc-239">
         <name>.common:buttonHandle0</name>
         <uninitialized>true</uninitialized>
         <run_address>0x20008840</run_address>
         <size>0x4</size>
      </object_component>
      <object_component id="oc-240">
         <name>.common:buttonHandle1</name>
         <uninitialized>true</uninitialized>
         <run_address>0x20008844</run_address>
         <size>0x4</size>
      </object_component>
      <object_component id="oc-237">
         <name>.common:buttonParams0</name>
         <uninitialized>true</uninitialized>
         <run_address>0x20008808</run_address>
         <size>0x10</size>
      </object_component>
      <object_component id="oc-238">
         <name>.common:buttonParams1</name>
         <uninitialized>true</uninitialized>
         <run_address>0x20008818</run_address>
         <size>0x10</size>
      </object_component>
      <object_component id="oc-235">
         <name>.common:ledHandle0</name>
         <uninitialized>true</uninitialized>
         <run_address>0x20008848</run_address>
         <size>0x4</size>
      </object_component>
      <object_component id="oc-236">
         <name>.common:ledHandle1</name>
         <uninitialized>true</uninitialized>
         <run_address>0x2000884c</run_address>
         <size>0x4</size>
      </object_component>
      <object_component id="oc-233">
         <name>.common:ledParams0</name>
         <uninitialized>true</uninitialized>
         <run_address>0x20008828</run_address>
         <size>0x8</size>
      </object_component>
      <object_component id="oc-234">
         <name>.common:ledParams1</name>
         <uninitialized>true</uninitialized>
         <run_address>0x20008830</run_address>
         <size>0x8</size>
      </object_component>
      <object_component id="oc-497">
         <name>.common:ButtonObjects</name>
         <uninitialized>true</uninitialized>
         <run_address>0x200087a8</run_address>
         <size>0x50</size>
      </object_component>
      <object_component id="oc-3cd">
         <name>.common:LEDObjects</name>
         <uninitialized>true</uninitialized>
         <run_address>0x20008728</run_address>
         <size>0x80</size>
      </object_component>
      <object_component id="oc-f2">
         <name>.common:ClockP_ctrl</name>
         <uninitialized>true</uninitialized>
         <run_address>0x200087f8</run_address>
         <size>0x10</size>
      </object_component>
      <object_component id="oc-29">
         <name>.sysmem</name>
         <uninitialized>true</uninitialized>
         <run_address>0x20000270</run_address>
         <size>0x10</size>
         <input_file_ref idref="fl-da"/>
      </object_component>
      <object_component id="oc-615">
         <name>.sysmem</name>
         <uninitialized>true</uninitialized>
         <run_address>0x20000270</run_address>
         <size>0x0</size>
      </object_component>
      <object_component id="oc-2c">
         <name>.stack</name>
         <uninitialized>true</uninitialized>
         <run_address>0x2003f000</run_address>
         <size>0x4</size>
         <input_file_ref idref="fl-db"/>
      </object_component>
      <object_component id="oc-614">
         <name>.stack</name>
         <uninitialized>true</uninitialized>
         <run_address>0x2003f000</run_address>
         <size>0x0</size>
      </object_component>
      <object_component id="oc-26">
         <name>.intvecs:retain</name>
         <load_address>0x0</load_address>
         <run_address>0x0</run_address>
         <size>0x200</size>
         <input_file_ref idref="fl-1a"/>
      </object_component>
      <object_component id="oc-16f">
         <name>.debug_info</name>
         <load_address>0x0</load_address>
         <run_address>0x0</run_address>
         <size>0x62d</size>
         <input_file_ref idref="fl-2"/>
      </object_component>
      <object_component id="oc-23d">
         <name>.debug_info</name>
         <load_address>0x62d</load_address>
         <run_address>0x62d</run_address>
         <size>0x211</size>
         <input_file_ref idref="fl-2"/>
      </object_component>
      <object_component id="oc-18f">
         <name>.debug_info</name>
         <load_address>0x83e</load_address>
         <run_address>0x83e</run_address>
         <size>0x1d8</size>
         <input_file_ref idref="fl-2"/>
      </object_component>
      <object_component id="oc-1e9">
         <name>.debug_info</name>
         <load_address>0xa16</load_address>
         <run_address>0xa16</run_address>
         <size>0x28c</size>
         <input_file_ref idref="fl-2"/>
      </object_component>
      <object_component id="oc-1e4">
         <name>.debug_info</name>
         <load_address>0xca2</load_address>
         <run_address>0xca2</run_address>
         <size>0x30f</size>
         <input_file_ref idref="fl-2"/>
      </object_component>
      <object_component id="oc-15e">
         <name>.debug_info</name>
         <load_address>0xfb1</load_address>
         <run_address>0xfb1</run_address>
         <size>0x137</size>
         <input_file_ref idref="fl-2"/>
      </object_component>
      <object_component id="oc-102">
         <name>.debug_info</name>
         <load_address>0x10e8</load_address>
         <run_address>0x10e8</run_address>
         <size>0x26b</size>
         <input_file_ref idref="fl-2"/>
      </object_component>
      <object_component id="oc-1ee">
         <name>.debug_info</name>
         <load_address>0x1353</load_address>
         <run_address>0x1353</run_address>
         <size>0x359</size>
         <input_file_ref idref="fl-2"/>
      </object_component>
      <object_component id="oc-af">
         <name>.debug_info</name>
         <load_address>0x16ac</load_address>
         <run_address>0x16ac</run_address>
         <size>0x8b</size>
         <input_file_ref idref="fl-2"/>
      </object_component>
      <object_component id="oc-1f8">
         <name>.debug_info</name>
         <load_address>0x1737</load_address>
         <run_address>0x1737</run_address>
         <size>0x3b</size>
         <input_file_ref idref="fl-2"/>
      </object_component>
      <object_component id="oc-168">
         <name>.debug_info</name>
         <load_address>0x1772</load_address>
         <run_address>0x1772</run_address>
         <size>0x2a4</size>
         <input_file_ref idref="fl-2"/>
      </object_component>
      <object_component id="oc-1d5">
         <name>.debug_info</name>
         <load_address>0x1a16</load_address>
         <run_address>0x1a16</run_address>
         <size>0xef</size>
         <input_file_ref idref="fl-2"/>
      </object_component>
      <object_component id="oc-f8">
         <name>.debug_info</name>
         <load_address>0x1b05</load_address>
         <run_address>0x1b05</run_address>
         <size>0xbb</size>
         <input_file_ref idref="fl-2"/>
      </object_component>
      <object_component id="oc-16d">
         <name>.debug_info</name>
         <load_address>0x1bc0</load_address>
         <run_address>0x1bc0</run_address>
         <size>0x9f3</size>
         <input_file_ref idref="fl-3"/>
      </object_component>
      <object_component id="oc-47b">
         <name>.debug_info</name>
         <load_address>0x25b3</load_address>
         <run_address>0x25b3</run_address>
         <size>0xe8</size>
         <input_file_ref idref="fl-3"/>
      </object_component>
      <object_component id="oc-47e">
         <name>.debug_info</name>
         <load_address>0x269b</load_address>
         <run_address>0x269b</run_address>
         <size>0xf6</size>
         <input_file_ref idref="fl-3"/>
      </object_component>
      <object_component id="oc-2e7">
         <name>.debug_info</name>
         <load_address>0x2791</load_address>
         <run_address>0x2791</run_address>
         <size>0x2d3</size>
         <input_file_ref idref="fl-3"/>
      </object_component>
      <object_component id="oc-328">
         <name>.debug_info</name>
         <load_address>0x2a64</load_address>
         <run_address>0x2a64</run_address>
         <size>0xf2</size>
         <input_file_ref idref="fl-3"/>
      </object_component>
      <object_component id="oc-291">
         <name>.debug_info</name>
         <load_address>0x2b56</load_address>
         <run_address>0x2b56</run_address>
         <size>0xf4</size>
         <input_file_ref idref="fl-3"/>
      </object_component>
      <object_component id="oc-499">
         <name>.debug_info</name>
         <load_address>0x2c4a</load_address>
         <run_address>0x2c4a</run_address>
         <size>0xe5</size>
         <input_file_ref idref="fl-3"/>
      </object_component>
      <object_component id="oc-346">
         <name>.debug_info</name>
         <load_address>0x2d2f</load_address>
         <run_address>0x2d2f</run_address>
         <size>0xe6</size>
         <input_file_ref idref="fl-3"/>
      </object_component>
      <object_component id="oc-3cf">
         <name>.debug_info</name>
         <load_address>0x2e15</load_address>
         <run_address>0x2e15</run_address>
         <size>0xdf</size>
         <input_file_ref idref="fl-3"/>
      </object_component>
      <object_component id="oc-2e4">
         <name>.debug_info</name>
         <load_address>0x2ef4</load_address>
         <run_address>0x2ef4</run_address>
         <size>0xe0</size>
         <input_file_ref idref="fl-3"/>
      </object_component>
      <object_component id="oc-208">
         <name>.debug_info</name>
         <load_address>0x2fd4</load_address>
         <run_address>0x2fd4</run_address>
         <size>0x134</size>
         <input_file_ref idref="fl-3"/>
      </object_component>
      <object_component id="oc-181">
         <name>.debug_info</name>
         <load_address>0x3108</load_address>
         <run_address>0x3108</run_address>
         <size>0x152</size>
         <input_file_ref idref="fl-3"/>
      </object_component>
      <object_component id="oc-1da">
         <name>.debug_info</name>
         <load_address>0x325a</load_address>
         <run_address>0x325a</run_address>
         <size>0x9a</size>
         <input_file_ref idref="fl-3"/>
      </object_component>
      <object_component id="oc-1df">
         <name>.debug_info</name>
         <load_address>0x32f4</load_address>
         <run_address>0x32f4</run_address>
         <size>0xe9</size>
         <input_file_ref idref="fl-3"/>
      </object_component>
      <object_component id="oc-fd">
         <name>.debug_info</name>
         <load_address>0x33dd</load_address>
         <run_address>0x33dd</run_address>
         <size>0x1028</size>
         <input_file_ref idref="fl-3"/>
      </object_component>
      <object_component id="oc-1f3">
         <name>.debug_info</name>
         <load_address>0x4405</load_address>
         <run_address>0x4405</run_address>
         <size>0xa1</size>
         <input_file_ref idref="fl-3"/>
      </object_component>
      <object_component id="oc-27f">
         <name>.debug_info</name>
         <load_address>0x44a6</load_address>
         <run_address>0x44a6</run_address>
         <size>0xb6</size>
         <input_file_ref idref="fl-3"/>
      </object_component>
      <object_component id="oc-140">
         <name>.debug_info</name>
         <load_address>0x455c</load_address>
         <run_address>0x455c</run_address>
         <size>0x135</size>
         <input_file_ref idref="fl-4"/>
      </object_component>
      <object_component id="oc-35">
         <name>.debug_info</name>
         <load_address>0x4691</load_address>
         <run_address>0x4691</run_address>
         <size>0x84</size>
         <input_file_ref idref="fl-4"/>
      </object_component>
      <object_component id="oc-2a0">
         <name>.debug_info</name>
         <load_address>0x4715</load_address>
         <run_address>0x4715</run_address>
         <size>0x6a5</size>
         <input_file_ref idref="fl-10"/>
      </object_component>
      <object_component id="oc-2ea">
         <name>.debug_info</name>
         <load_address>0x4dba</load_address>
         <run_address>0x4dba</run_address>
         <size>0x117</size>
         <input_file_ref idref="fl-10"/>
      </object_component>
      <object_component id="oc-3c2">
         <name>.debug_info</name>
         <load_address>0x4ed1</load_address>
         <run_address>0x4ed1</run_address>
         <size>0x1f7</size>
         <input_file_ref idref="fl-10"/>
      </object_component>
      <object_component id="oc-2d5">
         <name>.debug_info</name>
         <load_address>0x50c8</load_address>
         <run_address>0x50c8</run_address>
         <size>0x1df</size>
         <input_file_ref idref="fl-10"/>
      </object_component>
      <object_component id="oc-2db">
         <name>.debug_info</name>
         <load_address>0x52a7</load_address>
         <run_address>0x52a7</run_address>
         <size>0x1d1</size>
         <input_file_ref idref="fl-10"/>
      </object_component>
      <object_component id="oc-3da">
         <name>.debug_info</name>
         <load_address>0x5478</load_address>
         <run_address>0x5478</run_address>
         <size>0x191</size>
         <input_file_ref idref="fl-10"/>
      </object_component>
      <object_component id="oc-358">
         <name>.debug_info</name>
         <load_address>0x5609</load_address>
         <run_address>0x5609</run_address>
         <size>0x1ac</size>
         <input_file_ref idref="fl-10"/>
      </object_component>
      <object_component id="oc-2f0">
         <name>.debug_info</name>
         <load_address>0x57b5</load_address>
         <run_address>0x57b5</run_address>
         <size>0x1c6</size>
         <input_file_ref idref="fl-10"/>
      </object_component>
      <object_component id="oc-3af">
         <name>.debug_info</name>
         <load_address>0x597b</load_address>
         <run_address>0x597b</run_address>
         <size>0x184</size>
         <input_file_ref idref="fl-10"/>
      </object_component>
      <object_component id="oc-2cf">
         <name>.debug_info</name>
         <load_address>0x5aff</load_address>
         <run_address>0x5aff</run_address>
         <size>0x27e</size>
         <input_file_ref idref="fl-10"/>
      </object_component>
      <object_component id="oc-21f">
         <name>.debug_info</name>
         <load_address>0x5d7d</load_address>
         <run_address>0x5d7d</run_address>
         <size>0x2e1</size>
         <input_file_ref idref="fl-10"/>
      </object_component>
      <object_component id="oc-218">
         <name>.debug_info</name>
         <load_address>0x605e</load_address>
         <run_address>0x605e</run_address>
         <size>0x16c</size>
         <input_file_ref idref="fl-10"/>
      </object_component>
      <object_component id="oc-332">
         <name>.debug_info</name>
         <load_address>0x61ca</load_address>
         <run_address>0x61ca</run_address>
         <size>0x663</size>
         <input_file_ref idref="fl-11"/>
      </object_component>
      <object_component id="oc-32f">
         <name>.debug_info</name>
         <load_address>0x682d</load_address>
         <run_address>0x682d</run_address>
         <size>0x120</size>
         <input_file_ref idref="fl-11"/>
      </object_component>
      <object_component id="oc-337">
         <name>.debug_info</name>
         <load_address>0x694d</load_address>
         <run_address>0x694d</run_address>
         <size>0x18d</size>
         <input_file_ref idref="fl-11"/>
      </object_component>
      <object_component id="oc-231">
         <name>.debug_info</name>
         <load_address>0x6ada</load_address>
         <run_address>0x6ada</run_address>
         <size>0x336</size>
         <input_file_ref idref="fl-11"/>
      </object_component>
      <object_component id="oc-352">
         <name>.debug_info</name>
         <load_address>0x6e10</load_address>
         <run_address>0x6e10</run_address>
         <size>0x1d2</size>
         <input_file_ref idref="fl-11"/>
      </object_component>
      <object_component id="oc-4ad">
         <name>.debug_info</name>
         <load_address>0x6fe2</load_address>
         <run_address>0x6fe2</run_address>
         <size>0x1ae</size>
         <input_file_ref idref="fl-11"/>
      </object_component>
      <object_component id="oc-34b">
         <name>.debug_info</name>
         <load_address>0x7190</load_address>
         <run_address>0x7190</run_address>
         <size>0x307</size>
         <input_file_ref idref="fl-11"/>
      </object_component>
      <object_component id="oc-22a">
         <name>.debug_info</name>
         <load_address>0x7497</load_address>
         <run_address>0x7497</run_address>
         <size>0x166</size>
         <input_file_ref idref="fl-11"/>
      </object_component>
      <object_component id="oc-1d2">
         <name>.debug_info</name>
         <load_address>0x75fd</load_address>
         <run_address>0x75fd</run_address>
         <size>0xd43</size>
         <input_file_ref idref="fl-12"/>
      </object_component>
      <object_component id="oc-464">
         <name>.debug_info</name>
         <load_address>0x8340</load_address>
         <run_address>0x8340</run_address>
         <size>0x117</size>
         <input_file_ref idref="fl-12"/>
      </object_component>
      <object_component id="oc-467">
         <name>.debug_info</name>
         <load_address>0x8457</load_address>
         <run_address>0x8457</run_address>
         <size>0x11f</size>
         <input_file_ref idref="fl-12"/>
      </object_component>
      <object_component id="oc-458">
         <name>.debug_info</name>
         <load_address>0x8576</load_address>
         <run_address>0x8576</run_address>
         <size>0x111</size>
         <input_file_ref idref="fl-12"/>
      </object_component>
      <object_component id="oc-455">
         <name>.debug_info</name>
         <load_address>0x8687</load_address>
         <run_address>0x8687</run_address>
         <size>0x113</size>
         <input_file_ref idref="fl-12"/>
      </object_component>
      <object_component id="oc-45b">
         <name>.debug_info</name>
         <load_address>0x879a</load_address>
         <run_address>0x879a</run_address>
         <size>0x125</size>
         <input_file_ref idref="fl-12"/>
      </object_component>
      <object_component id="oc-452">
         <name>.debug_info</name>
         <load_address>0x88bf</load_address>
         <run_address>0x88bf</run_address>
         <size>0x11b</size>
         <input_file_ref idref="fl-12"/>
      </object_component>
      <object_component id="oc-44f">
         <name>.debug_info</name>
         <load_address>0x89da</load_address>
         <run_address>0x89da</run_address>
         <size>0x113</size>
         <input_file_ref idref="fl-12"/>
      </object_component>
      <object_component id="oc-32b">
         <name>.debug_info</name>
         <load_address>0x8aed</load_address>
         <run_address>0x8aed</run_address>
         <size>0x11d</size>
         <input_file_ref idref="fl-12"/>
      </object_component>
      <object_component id="oc-325">
         <name>.debug_info</name>
         <load_address>0x8c0a</load_address>
         <run_address>0x8c0a</run_address>
         <size>0x14b</size>
         <input_file_ref idref="fl-12"/>
      </object_component>
      <object_component id="oc-3c5">
         <name>.debug_info</name>
         <load_address>0x8d55</load_address>
         <run_address>0x8d55</run_address>
         <size>0x211</size>
         <input_file_ref idref="fl-12"/>
      </object_component>
      <object_component id="oc-431">
         <name>.debug_info</name>
         <load_address>0x8f66</load_address>
         <run_address>0x8f66</run_address>
         <size>0x18a</size>
         <input_file_ref idref="fl-12"/>
      </object_component>
      <object_component id="oc-312">
         <name>.debug_info</name>
         <load_address>0x90f0</load_address>
         <run_address>0x90f0</run_address>
         <size>0x440</size>
         <input_file_ref idref="fl-12"/>
      </object_component>
      <object_component id="oc-318">
         <name>.debug_info</name>
         <load_address>0x9530</load_address>
         <run_address>0x9530</run_address>
         <size>0x20d</size>
         <input_file_ref idref="fl-12"/>
      </object_component>
      <object_component id="oc-49e">
         <name>.debug_info</name>
         <load_address>0x973d</load_address>
         <run_address>0x973d</run_address>
         <size>0x1b5</size>
         <input_file_ref idref="fl-12"/>
      </object_component>
      <object_component id="oc-222">
         <name>.debug_info</name>
         <load_address>0x98f2</load_address>
         <run_address>0x98f2</run_address>
         <size>0x25a</size>
         <input_file_ref idref="fl-12"/>
      </object_component>
      <object_component id="oc-45e">
         <name>.debug_info</name>
         <load_address>0x9b4c</load_address>
         <run_address>0x9b4c</run_address>
         <size>0x216</size>
         <input_file_ref idref="fl-12"/>
      </object_component>
      <object_component id="oc-33a">
         <name>.debug_info</name>
         <load_address>0x9d62</load_address>
         <run_address>0x9d62</run_address>
         <size>0x1b7</size>
         <input_file_ref idref="fl-12"/>
      </object_component>
      <object_component id="oc-340">
         <name>.debug_info</name>
         <load_address>0x9f19</load_address>
         <run_address>0x9f19</run_address>
         <size>0x1df</size>
         <input_file_ref idref="fl-12"/>
      </object_component>
      <object_component id="oc-4b1">
         <name>.debug_info</name>
         <load_address>0xa0f8</load_address>
         <run_address>0xa0f8</run_address>
         <size>0x1e2</size>
         <input_file_ref idref="fl-12"/>
      </object_component>
      <object_component id="oc-159">
         <name>.debug_info</name>
         <load_address>0xa2da</load_address>
         <run_address>0xa2da</run_address>
         <size>0x100</size>
         <input_file_ref idref="fl-12"/>
      </object_component>
      <object_component id="oc-270">
         <name>.debug_info</name>
         <load_address>0xa3da</load_address>
         <run_address>0xa3da</run_address>
         <size>0x7f1d</size>
         <input_file_ref idref="fl-12"/>
      </object_component>
      <object_component id="oc-266">
         <name>.debug_info</name>
         <load_address>0x122f7</load_address>
         <run_address>0x122f7</run_address>
         <size>0xf8</size>
         <input_file_ref idref="fl-12"/>
      </object_component>
      <object_component id="oc-26b">
         <name>.debug_info</name>
         <load_address>0x123ef</load_address>
         <run_address>0x123ef</run_address>
         <size>0x9d</size>
         <input_file_ref idref="fl-12"/>
      </object_component>
      <object_component id="oc-27a">
         <name>.debug_info</name>
         <load_address>0x1248c</load_address>
         <run_address>0x1248c</run_address>
         <size>0x186</size>
         <input_file_ref idref="fl-12"/>
      </object_component>
      <object_component id="oc-275">
         <name>.debug_info</name>
         <load_address>0x12612</load_address>
         <run_address>0x12612</run_address>
         <size>0x35</size>
         <input_file_ref idref="fl-12"/>
      </object_component>
      <object_component id="oc-534">
         <name>.debug_info</name>
         <load_address>0x12647</load_address>
         <run_address>0x12647</run_address>
         <size>0xb14</size>
         <input_file_ref idref="fl-13"/>
      </object_component>
      <object_component id="oc-294">
         <name>.debug_info</name>
         <load_address>0x1315b</load_address>
         <run_address>0x1315b</run_address>
         <size>0x128</size>
         <input_file_ref idref="fl-13"/>
      </object_component>
      <object_component id="oc-41a">
         <name>.debug_info</name>
         <load_address>0x13283</load_address>
         <run_address>0x13283</run_address>
         <size>0x297</size>
         <input_file_ref idref="fl-13"/>
      </object_component>
      <object_component id="oc-202">
         <name>.debug_info</name>
         <load_address>0x1351a</load_address>
         <run_address>0x1351a</run_address>
         <size>0x217</size>
         <input_file_ref idref="fl-13"/>
      </object_component>
      <object_component id="oc-58c">
         <name>.debug_info</name>
         <load_address>0x13731</load_address>
         <run_address>0x13731</run_address>
         <size>0x165</size>
         <input_file_ref idref="fl-13"/>
      </object_component>
      <object_component id="oc-3fe">
         <name>.debug_info</name>
         <load_address>0x13896</load_address>
         <run_address>0x13896</run_address>
         <size>0x166</size>
         <input_file_ref idref="fl-13"/>
      </object_component>
      <object_component id="oc-472">
         <name>.debug_info</name>
         <load_address>0x139fc</load_address>
         <run_address>0x139fc</run_address>
         <size>0x18d</size>
         <input_file_ref idref="fl-13"/>
      </object_component>
      <object_component id="oc-1d1">
         <name>.debug_info</name>
         <load_address>0x13b89</load_address>
         <run_address>0x13b89</run_address>
         <size>0x425</size>
         <input_file_ref idref="fl-14"/>
      </object_component>
      <object_component id="oc-391">
         <name>.debug_info</name>
         <load_address>0x13fae</load_address>
         <run_address>0x13fae</run_address>
         <size>0x112</size>
         <input_file_ref idref="fl-14"/>
      </object_component>
      <object_component id="oc-38d">
         <name>.debug_info</name>
         <load_address>0x140c0</load_address>
         <run_address>0x140c0</run_address>
         <size>0x109</size>
         <input_file_ref idref="fl-14"/>
      </object_component>
      <object_component id="oc-2b6">
         <name>.debug_info</name>
         <load_address>0x141c9</load_address>
         <run_address>0x141c9</run_address>
         <size>0x155</size>
         <input_file_ref idref="fl-14"/>
      </object_component>
      <object_component id="oc-2bc">
         <name>.debug_info</name>
         <load_address>0x1431e</load_address>
         <run_address>0x1431e</run_address>
         <size>0x16e</size>
         <input_file_ref idref="fl-14"/>
      </object_component>
      <object_component id="oc-2af">
         <name>.debug_info</name>
         <load_address>0x1448c</load_address>
         <run_address>0x1448c</run_address>
         <size>0x192</size>
         <input_file_ref idref="fl-14"/>
      </object_component>
      <object_component id="oc-2a3">
         <name>.debug_info</name>
         <load_address>0x1461e</load_address>
         <run_address>0x1461e</run_address>
         <size>0x15e</size>
         <input_file_ref idref="fl-14"/>
      </object_component>
      <object_component id="oc-2df">
         <name>.debug_info</name>
         <load_address>0x1477c</load_address>
[...]
         <value>0x1fdf</value>
         <object_component_ref idref="oc-355"/>
      </symbol>
      <symbol id="sm-1a1">
         <name>LED_setBrightnessLevel</name>
         <value>0x1c65</value>
         <object_component_ref idref="oc-3be"/>
      </symbol>
      <symbol id="sm-1a2">
         <name>LED_defaultParams</name>
         <value>0x2734</value>
         <object_component_ref idref="oc-2e9"/>
      </symbol>
      <symbol id="sm-1a3">
         <name>LED_Params_init</name>
         <value>0x2213</value>
         <object_component_ref idref="oc-215"/>
      </symbol>
      <symbol id="sm-1a4">
         <name>LED_setOff</name>
         <value>0x1ce1</value>
         <object_component_ref idref="oc-2d7"/>
      </symbol>
      <symbol id="sm-212">
         <name>Button_Params_init</name>
         <value>0x2239</value>
         <object_component_ref idref="oc-227"/>
      </symbol>
      <symbol id="sm-213">
         <name>Button_open</name>
         <value>0xc35</value>
         <object_component_ref idref="oc-22d"/>
      </symbol>
      <symbol id="sm-214">
         <name>Button_defaultParams</name>
         <value>0x2708</value>
         <object_component_ref idref="oc-32e"/>
      </symbol>
      <symbol id="sm-215">
         <name>Button_gpioCallbackFxn</name>
         <value>0x1541</value>
         <object_component_ref idref="oc-34e"/>
      </symbol>
      <symbol id="sm-30a">
         <name>GPIO_setConfig</name>
         <value>0x8a1</value>
         <object_component_ref idref="oc-311"/>
      </symbol>
      <symbol id="sm-30b">
         <name>GPIO_init</name>
         <value>0xe01</value>
         <object_component_ref idref="oc-221"/>
      </symbol>
      <symbol id="sm-30c">
         <name>GPIO_getConfig</name>
         <value>0x2269</value>
         <object_component_ref idref="oc-339"/>
      </symbol>
      <symbol id="sm-30d">
         <name>GPIO_read</name>
         <value>0x1ee9</value>
         <object_component_ref idref="oc-49d"/>
      </symbol>
      <symbol id="sm-30e">
         <name>GPIO_disableInt</name>
         <value>0x1e89</value>
         <object_component_ref idref="oc-4b0"/>
      </symbol>
      <symbol id="sm-30f">
         <name>GPIO_enableInt</name>
         <value>0x1eb9</value>
         <object_component_ref idref="oc-33f"/>
      </symbol>
      <symbol id="sm-310">
         <name>GPIO_write</name>
         <value>0x1771</value>
         <object_component_ref idref="oc-3c4"/>
      </symbol>
      <symbol id="sm-311">
         <name>GPIO_setCallback</name>
         <value>0x16c1</value>
         <object_component_ref idref="oc-317"/>
      </symbol>
      <symbol id="sm-312">
         <name>GPIO_hwiIntFxn</name>
         <value>0x1409</value>
         <object_component_ref idref="oc-45d"/>
      </symbol>
      <symbol id="sm-35b">
         <name>Power_idleFunc</name>
         <value>0x216d</value>
         <object_component_ref idref="oc-589"/>
      </symbol>
      <symbol id="sm-35c">
         <name>PowerMSP432E4_module</name>
         <value>0x200084dc</value>
         <object_component_ref idref="oc-293"/>
      </symbol>
      <symbol id="sm-35d">
         <name>Power_disablePolicy</name>
         <value>0x21d9</value>
         <object_component_ref idref="oc-471"/>
      </symbol>
      <symbol id="sm-35e">
         <name>Power_init</name>
         <value>0x15a5</value>
         <object_component_ref idref="oc-201"/>
      </symbol>
      <symbol id="sm-35f">
         <name>Power_enablePolicy</name>
         <value>0x22a9</value>
         <object_component_ref idref="oc-3fc"/>
      </symbol>
      <symbol id="sm-360">
         <name>Power_setDependency</name>
         <value>0x1471</value>
         <object_component_ref idref="oc-418"/>
      </symbol>
      <symbol id="sm-3b6">
         <name>PWM_Params_init</name>
         <value>0x21c5</value>
         <object_component_ref idref="oc-2a7"/>
      </symbol>
      <symbol id="sm-3b7">
         <name>PWM_setDuty</name>
         <value>0x2327</value>
         <object_component_ref idref="oc-2b9"/>
      </symbol>
      <symbol id="sm-3b8">
         <name>PWM_start</name>
         <value>0x2331</value>
         <object_component_ref idref="oc-2b3"/>
      </symbol>
      <symbol id="sm-3b9">
         <name>PWM_open</name>
         <value>0x1b25</value>
         <object_component_ref idref="oc-2ad"/>
      </symbol>
      <symbol id="sm-3ba">
         <name>PWM_defaultParams</name>
         <value>0x26b8</value>
         <object_component_ref idref="oc-390"/>
      </symbol>
      <symbol id="sm-3bb">
         <name>PWM_close</name>
         <value>0x231d</value>
         <object_component_ref idref="oc-2dd"/>
      </symbol>
      <symbol id="sm-3bc">
         <name>PWM_init</name>
         <value>0x194d</value>
         <object_component_ref idref="oc-2a1"/>
      </symbol>
      <symbol id="sm-437">
         <name>SemaphoreP_defaultParams</name>
         <value>0x20008678</value>
         <object_component_ref idref="oc-4e3"/>
      </symbol>
      <symbol id="sm-438">
         <name>SemaphoreP_construct</name>
         <value>0x18b9</value>
         <object_component_ref idref="oc-4e7"/>
      </symbol>
      <symbol id="sm-439">
         <name>SemaphoreP_create</name>
         <value>0x2185</value>
         <object_component_ref idref="oc-3e4"/>
      </symbol>
      <symbol id="sm-43a">
         <name>SemaphoreP_post</name>
         <value>0x1991</value>
         <object_component_ref idref="oc-31d"/>
      </symbol>
      <symbol id="sm-43b">
         <name>SemaphoreP_pend</name>
         <value>0xf51</value>
         <object_component_ref idref="oc-30b"/>
      </symbol>
      <symbol id="sm-43c">
         <name>SemaphoreP_delete</name>
         <value>0x2357</value>
         <object_component_ref idref="oc-305"/>
      </symbol>
      <symbol id="sm-43d">
         <name>SemaphoreP_createBinary</name>
         <value>0x2121</value>
         <object_component_ref idref="oc-2f3"/>
      </symbol>
      <symbol id="sm-43e">
         <name>SemaphoreP_Params_init</name>
         <value>0x22b9</value>
         <object_component_ref idref="oc-3de"/>
      </symbol>
      <symbol id="sm-43f">
         <name>clkFxn</name>
         <value>0x213b</value>
         <object_component_ref idref="oc-40e"/>
      </symbol>
      <symbol id="sm-506">
         <name>ClockP_ctrl</name>
         <value>0x200087f8</value>
      </symbol>
      <symbol id="sm-507">
         <name>ClockP_doTick</name>
         <value>0x1819</value>
         <object_component_ref idref="oc-7e"/>
      </symbol>
      <symbol id="sm-508">
         <name>ClockP_setTimeout</name>
         <value>0x234b</value>
         <object_component_ref idref="oc-3b1"/>
      </symbol>
      <symbol id="sm-509">
         <name>ClockP_startup</name>
         <value>0x1dc1</value>
         <object_component_ref idref="oc-4d3"/>
      </symbol>
      <symbol id="sm-50a">
         <name>ClockP_stop</name>
         <value>0x1909</value>
         <object_component_ref idref="oc-3a5"/>
      </symbol>
      <symbol id="sm-50b">
         <name>ClockP_construct</name>
         <value>0x1ae5</value>
         <object_component_ref idref="oc-39e"/>
      </symbol>
      <symbol id="sm-50c">
         <name>ClockP_tickPeriod</name>
         <value>0x20008688</value>
         <object_component_ref idref="oc-55e"/>
      </symbol>
      <symbol id="sm-50d">
         <name>ClockP_create</name>
         <value>0x20b9</value>
         <object_component_ref idref="oc-2c5"/>
      </symbol>
      <symbol id="sm-50e">
         <name>ClockP_Params_init</name>
         <value>0x2309</value>
         <object_component_ref idref="oc-2bf"/>
      </symbol>
      <symbol id="sm-50f">
         <name>ClockP_getSystemTicks</name>
         <value>0x2259</value>
         <object_component_ref idref="oc-4a3"/>
      </symbol>
      <symbol id="sm-510">
         <name>ClockP_destruct</name>
         <value>0x1ca5</value>
         <object_component_ref idref="oc-408"/>
      </symbol>
      <symbol id="sm-511">
         <name>ClockP_start</name>
         <value>0x1e59</value>
         <object_component_ref idref="oc-3b7"/>
      </symbol>
      <symbol id="sm-512">
         <name>ClockP_sysTickHandler</name>
         <value>0x1819</value>
         <object_component_ref idref="oc-7e"/>
      </symbol>
      <symbol id="sm-513">
         <name>ClockP_isActive</name>
         <value>0x2313</value>
         <object_component_ref idref="oc-402"/>
      </symbol>
      <symbol id="sm-514">
         <name>ClockP_getSystemTickPeriod</name>
         <value>0x22f1</value>
         <object_component_ref idref="oc-488"/>
      </symbol>
      <symbol id="sm-515">
         <name>ClockP_add</name>
         <value>0x2249</value>
         <object_component_ref idref="oc-3f6"/>
      </symbol>
      <symbol id="sm-57e">
         <name>HwiP_construct</name>
         <value>0x1329</value>
         <object_component_ref idref="oc-53a"/>
      </symbol>
      <symbol id="sm-57f">
         <name>HwiP_inISR</name>
         <value>0x21b1</value>
         <object_component_ref idref="oc-46b"/>
      </symbol>
      <symbol id="sm-580">
         <name>HwiP_swiPIntNum</name>
         <value>0x20008690</value>
         <object_component_ref idref="oc-5b3"/>
      </symbol>
      <symbol id="sm-581">
         <name>HwiP_Params_init</name>
         <value>0x2201</value>
         <object_component_ref idref="oc-436"/>
      </symbol>
      <symbol id="sm-582">
         <name>HwiP_disable</name>
         <value>0x234f</value>
         <object_component_ref idref="oc-2f9"/>
      </symbol>
      <symbol id="sm-583">
         <name>HwiP_create</name>
         <value>0x1f45</value>
         <object_component_ref idref="oc-43c"/>
      </symbol>
      <symbol id="sm-584">
         <name>HwiP_enable</name>
         <value>0x2353</value>
         <object_component_ref idref="oc-186"/>
      </symbol>
      <symbol id="sm-585">
         <name>HwiP_restore</name>
         <value>0x233b</value>
         <object_component_ref idref="oc-2ff"/>
      </symbol>
      <symbol id="sm-592">
         <name>PowerMSP432E4_sleepPolicy</name>
         <value>0x2299</value>
         <object_component_ref idref="oc-37f"/>
      </symbol>
      <symbol id="sm-5d0">
         <name>resetISR</name>
         <value>0x2041</value>
         <object_component_ref idref="oc-20"/>
      </symbol>
      <symbol id="sm-5d1">
         <name>resetVectors</name>
         <value>0x0</value>
         <object_component_ref idref="oc-26"/>
      </symbol>
      <symbol id="sm-5f4">
         <name>FPUEnable</name>
         <value>0x213d</value>
         <object_component_ref idref="oc-58"/>
      </symbol>
      <symbol id="sm-667">
         <name>GPIOIntDisable</name>
         <value>0x20d3</value>
         <object_component_ref idref="oc-56e"/>
      </symbol>
      <symbol id="sm-668">
         <name>GPIOIntEnable</name>
         <value>0x20ed</value>
         <object_component_ref idref="oc-490"/>
      </symbol>
      <symbol id="sm-669">
         <name>GPIOIntTypeSet</name>
         <value>0xead</value>
         <object_component_ref idref="oc-442"/>
      </symbol>
      <symbol id="sm-66a">
         <name>GPIOIntClear</name>
         <value>0x219b</value>
         <object_component_ref idref="oc-448"/>
      </symbol>
      <symbol id="sm-66b">
         <name>GPIOIntStatus</name>
         <value>0x1fbd</value>
         <object_component_ref idref="oc-54d"/>
      </symbol>
      <symbol id="sm-66c">
         <name>GPIOPinRead</name>
         <value>0x2155</value>
         <object_component_ref idref="oc-565"/>
      </symbol>
      <symbol id="sm-66d">
         <name>GPIODirModeSet</name>
         <value>0x1609</value>
         <object_component_ref idref="oc-41e"/>
      </symbol>
      <symbol id="sm-66e">
         <name>GPIOPinWrite</name>
         <value>0x2001</value>
         <object_component_ref idref="oc-424"/>
      </symbol>
      <symbol id="sm-66f">
         <name>GPIOPadConfigSet</name>
         <value>0x4e1</value>
         <object_component_ref idref="oc-42a"/>
      </symbol>
      <symbol id="sm-6c2">
         <name>IntPrioritySet</name>
         <value>0x17c5</value>
         <object_component_ref idref="oc-5a1"/>
      </symbol>
      <symbol id="sm-6c3">
         <name>IntEnable</name>
         <value>0x11b1</value>
         <object_component_ref idref="oc-5a7"/>
      </symbol>
      <symbol id="sm-6c4">
         <name>IntRegister</name>
         <value>0x1665</value>
         <object_component_ref idref="oc-59b"/>
      </symbol>
      <symbol id="sm-6c5">
         <name>IntMasterDisable</name>
         <value>0x2279</value>
         <object_component_ref idref="oc-52"/>
      </symbol>
      <symbol id="sm-6c6">
         <name>g_pfnRAMVectors</name>
         <value>0x20000000</value>
         <object_component_ref idref="oc-5c6"/>
      </symbol>
      <symbol id="sm-6c7">
         <name>IntMasterEnable</name>
         <value>0x2289</value>
         <object_component_ref idref="oc-20e"/>
      </symbol>
      <symbol id="sm-781">
         <name>SysCtlPeripheralPresent</name>
         <value>0x19d5</value>
         <object_component_ref idref="oc-515"/>
      </symbol>
      <symbol id="sm-782">
         <name>SysCtlPeripheralClockGating</name>
         <value>0x1f19</value>
         <object_component_ref idref="oc-28a"/>
      </symbol>
      <symbol id="sm-783">
         <name>SysCtlPeripheralEnable</name>
         <value>0x1b65</value>
         <object_component_ref idref="oc-521"/>
      </symbol>
      <symbol id="sm-784">
         <name>SysCtlPeripheralPowerOff</name>
         <value>0x1ba5</value>
         <object_component_ref idref="oc-284"/>
      </symbol>
      <symbol id="sm-785">
         <name>SysCtlPeripheralPowerOn</name>
         <value>0x1be5</value>
         <object_component_ref idref="oc-51b"/>
      </symbol>
      <symbol id="sm-786">
         <name>SysCtlPeripheralSleepEnable</name>
         <value>0x1c25</value>
         <object_component_ref idref="oc-527"/>
      </symbol>
      <symbol id="sm-787">
         <name>SysCtlPeripheralReady</name>
         <value>0x1a19</value>
         <object_component_ref idref="oc-52d"/>
      </symbol>
      <symbol id="sm-788">
         <name>SysCtlClockFreqSet</name>
         <value>0x201</value>
         <object_component_ref idref="oc-5e"/>
      </symbol>
      <symbol id="sm-79a">
         <name>CPUcpsie</name>
         <value>0x22e3</value>
         <object_component_ref idref="oc-298"/>
      </symbol>
      <symbol id="sm-79b">
         <name>CPUcpsid</name>
         <value>0x22d7</value>
         <object_component_ref idref="oc-a8"/>
      </symbol>
      <symbol id="sm-7b4">
         <name>__TI_zero_init</name>
         <value>0x22fd</value>
         <object_component_ref idref="oc-4c"/>
      </symbol>
      <symbol id="sm-7cb">
         <name>__TI_decompress_none</name>
         <value>0x22c9</value>
         <object_component_ref idref="oc-19"/>
      </symbol>
      <symbol id="sm-7ee">
         <name>__TI_decompress_lzss</name>
         <value>0x14d9</value>
         <object_component_ref idref="oc-13"/>
      </symbol>
      <symbol id="sm-877">
         <name>_sys_memory</name>
         <value>0x20000270</value>
         <object_component_ref idref="oc-29"/>
      </symbol>
      <symbol id="sm-878">
         <name>free</name>
         <value>0xd1d</value>
         <object_component_ref idref="oc-3ef"/>
      </symbol>
      <symbol id="sm-879">
         <name>memalign</name>
         <value>0xb35</value>
         <object_component_ref idref="oc-4cc"/>
      </symbol>
      <symbol id="sm-87a">
         <name>malloc</name>
         <value>0x2343</value>
         <object_component_ref idref="oc-398"/>
      </symbol>
      <symbol id="sm-87b">
         <name>aligned_alloc</name>
         <value>0xb35</value>
         <object_component_ref idref="oc-4cc"/>
      </symbol>
      <symbol id="sm-88e">
         <name>__stack</name>
         <value>0x2003f000</value>
         <object_component_ref idref="oc-2c"/>
      </symbol>
      <symbol id="sm-88f">
         <name>_c_int00_noargs</name>
         <value>0x1df5</value>
         <object_component_ref idref="oc-d6"/>
      </symbol>
      <symbol id="sm-8ab">
         <name>memcpy</name>
         <value>0xff1</value>
         <object_component_ref idref="oc-3a"/>
      </symbol>
      <symbol id="sm-8ac">
         <name>__aeabi_memcpy</name>
         <value>0xff1</value>
         <object_component_ref idref="oc-3a"/>
      </symbol>
      <symbol id="sm-8ad">
         <name>__aeabi_memcpy8</name>
         <value>0xff1</value>
         <object_component_ref idref="oc-3a"/>
      </symbol>
      <symbol id="sm-8ae">
         <name>__aeabi_memcpy4</name>
         <value>0xff1</value>
         <object_component_ref idref="oc-3a"/>
      </symbol>
      <symbol id="sm-8bd">
         <name>__aeabi_memset</name>
         <value>0x12af</value>
         <object_component_ref idref="oc-a2"/>
      </symbol>
      <symbol id="sm-8be">
         <name>memset</name>
         <value>0x12b5</value>
         <object_component_ref idref="oc-a2"/>
      </symbol>
      <symbol id="sm-8bf">
         <name>__aeabi_memset8</name>
         <value>0x12af</value>
         <object_component_ref idref="oc-a2"/>
      </symbol>
      <symbol id="sm-8c0">
         <name>__aeabi_memset4</name>
         <value>0x12af</value>
         <object_component_ref idref="oc-a2"/>
      </symbol>
      <symbol id="sm-8c1">
         <name>__aeabi_memclr8</name>
         <value>0x12ad</value>
         <object_component_ref idref="oc-a2"/>
      </symbol>
      <symbol id="sm-8c2">
         <name>__aeabi_memclr4</name>
         <value>0x12ad</value>
         <object_component_ref idref="oc-a2"/>
      </symbol>
      <symbol id="sm-8c3">
         <name>__aeabi_memclr</name>
         <value>0x12ad</value>
         <object_component_ref idref="oc-a2"/>
      </symbol>
      <symbol id="sm-8eb">
         <name>__TI_auto_init_nobinit_nopinit</name>
         <value>0x1aa1</value>
         <object_component_ref idref="oc-19f"/>
      </symbol>
      <symbol id="sm-8f5">
         <name>_system_pre_init</name>
         <value>0x235b</value>
         <object_component_ref idref="oc-139"/>
      </symbol>
      <symbol id="sm-901">
         <name>C$$EXIT</name>
         <value>0x235f</value>
         <object_component_ref idref="oc-193"/>
      </symbol>
      <symbol id="sm-902">
         <name>abort</name>
         <value>0x235f</value>
         <object_component_ref idref="oc-193"/>
      </symbol>
      <symbol id="sm-917">
         <name>_nop</name>
         <value>0x1ca3</value>
         <object_component_ref idref="oc-35e"/>
      </symbol>
      <symbol id="sm-918">
         <name>_lock</name>
         <value>0x20008668</value>
         <object_component_ref idref="oc-246"/>
      </symbol>
      <symbol id="sm-919">
         <name>_unlock</name>
         <value>0x2000866c</value>
         <object_component_ref idref="oc-246"/>
      </symbol>
      <symbol id="sm-91b">
         <name>__TI_static_base__</name>
         <value>0x2768</value>
      </symbol>
      <symbol id="sm-91e">
         <name>PWM_count</name>
         <value>0x0</value>
      </symbol>
      <symbol id="sm-91f">
         <name>PWM_config</name>
         <value>0x0</value>
      </symbol>
      <symbol id="sm-920">
         <name>__mpu_init</name>
         <value>0x0</value>
      </symbol>
      <symbol id="sm-921">
         <name>_system_post_cinit</name>
         <value>0x0</value>
      </symbol>
      <symbol id="sm-922">
         <name>Button_init</name>
         <value>0xe01</value>
      </symbol>
      <symbol id="sm-923">
         <name>NoRTOS_start</name>
         <value>0x2353</value>
      </symbol>
   </symbol_table>
   <title>Link successful</title>
</link_info>
