******************************************************************************
                  TI ARM Linker PC v20.2.5                     
******************************************************************************
>> Linked Wed Aug 11 14:47:00 2021

OUTPUT FILE NAME:   <02.KEY.out>
ENTRY POINT SYMBOL: "resetISR"  address: 000018a5


MEMORY CONFIGURATION

         name            origin    length      used     unused   attr    fill
----------------------  --------  ---------  --------  --------  ----  --------
  FLASH                 00000000   00100000  00001f8a  000fe076  R  X
  SRAM                  20000000   00040000  00009738  000368c8  RW X


SEGMENT ALLOCATION MAP

run origin  load origin   length   init length attrs members
----------  ----------- ---------- ----------- ----- -------
00000000    00000000    00001f90   00001f90    r-x
  00000000    00000000    00000200   00000200    r-- .intvecs
  00000200    00000200    000018aa   000018aa    r-x .text
  00001aac    00001aac    000003a0   000003a0    r-- .const
  00001e50    00001e50    00000140   00000140    r-- .cinit
20000000    20000000    00008740   00000000    rw-
  20000000    20000000    0000026c   00000000    rw- .vtable
  20000270    20000270    00008000   00000000    rw- .sysmem
  20008270    20008270    00000424   00000000    rw- .data
  20008698    20008698    000000a8   00000000    rw- .bss
2003f000    2003f000    00001000   00000000    rw-
  2003f000    2003f000    00001000   00000000    rw- .stack


SECTION ALLOCATION MAP

 output                                  attributes/
section   page    origin      length       input sections
--------  ----  ----------  ----------   ----------------
.intvecs   0    00000000    00000200     
                  00000000    00000200     nortos_msp432e4.aem4f : startup_msp432e4_ccs.oem4f (.intvecs:retain)

.text      0    00000200    000018aa     
                  00000200    000002e0     msp432e4_driverlib.a : sysctl.o (.text:SysCtlClockFreqSet)
                  000004e0    0000023a                          : gpio.o (.text:GPIOPadConfigSet)
                  0000071a    00000002     ti_drivers_config.obj (.text:Board_initHook)
                  0000071c    00000184     drivers_msp432e4.aem4f : GPIOMSP432E4.oem4f (.text:GPIO_setConfig)
                  000008a0    00000100     rtsv7M4_T_le_v4SPD16_eabi.lib : memory.c.obj (.text:aligned_alloc)
                  000009a0    000000e4                                   : memory.c.obj (.text:free)
                  00000a84    000000ac     drivers_msp432e4.aem4f : GPIOMSP432E4.oem4f (.text:GPIO_init)
                  00000b30    000000a4     msp432e4_driverlib.a : gpio.o (.text:GPIOIntTypeSet)
                  00000bd4    000000a0     nortos_msp432e4.aem4f : SemaphoreP_nortos.oem4f (.text:SemaphoreP_pend)
                  00000c74    0000009c     rtsv7M4_T_le_v4SPD16_eabi.lib : memcpy_t2.asm.obj (.text)
                  00000d10    00000090     msp432e4_driverlib.a : sysctl.o (.text:_SysCtlFrequencyGet)
                  00000da0    00000080                          : interrupt.o (.text:IntEnable)
                  00000e20    00000070     nortos_msp432e4.aem4f : HwiPMSP432E4_nortos.oem4f (.text:HwiP_construct)
                  00000e90    00000070     rtsv7M4_T_le_v4SPD16_eabi.lib : memory.c.obj (.text:split)
                  00000f00    00000068     drivers_msp432e4.aem4f : GPIOMSP432E4.oem4f (.text:GPIO_hwiIntFxn)
                  00000f68    00000068                            : PowerMSP432E4.oem4f (.text:Power_setDependency)
                  00000fd0    00000068     rtsv7M4_T_le_v4SPD16_eabi.lib : copy_decompress_lzss.c.obj (.text:decompress:lzss:__TI_decompress_lzss)
                  00001038    00000064     drivers_msp432e4.aem4f : PowerMSP432E4.oem4f (.text:Power_init)
                  0000109c    0000005c     msp432e4_driverlib.a : gpio.o (.text:GPIODirModeSet)
                  000010f8    0000005c                          : interrupt.o (.text:IntRegister)
                  00001154    00000058     drivers_msp432e4.aem4f : GPIOMSP432E4.oem4f (.text:GPIO_setCallback)
                  000011ac    00000058     nortos_msp432e4.aem4f : ClockPSysTick_nortos.oem4f (.text:sysTickInit)
                  00001204    00000054     msp432e4_driverlib.a : interrupt.o (.text:IntPrioritySet)
                  00001258    00000050     nortos_msp432e4.aem4f : ClockPSysTick_nortos.oem4f (.text:ClockP_sysTickHandler)
                  000012a8    00000050     drivers_msp432e4.aem4f : GPIOMSP432E4.oem4f (.text:GPIO_toggle)
                  000012f8    00000050     nortos_msp432e4.aem4f : SemaphoreP_nortos.oem4f (.text:SemaphoreP_construct)
                  00001348    00000044                           : ClockPSysTick_nortos.oem4f (.text:ClockP_stop)
                  0000138c    00000044                           : SemaphoreP_nortos.oem4f (.text:SemaphoreP_post)
                  000013d0    00000044     msp432e4_driverlib.a : sysctl.o (.text:SysCtlPeripheralPresent)
                  00001414    00000044                          : sysctl.o (.text:SysCtlPeripheralReady)
                  00001458    00000044                          : sysctl.o (.text:_SysCtlMemTimingGet)
                  0000149c    00000044     rtsv7M4_T_le_v4SPD16_eabi.lib : autoinit.c.obj (.text:__TI_auto_init_nobinit_nopinit:__TI_auto_init_nobinit_nopinit)
                  000014e0    00000040     msp432e4_driverlib.a : sysctl.o (.text:SysCtlPeripheralEnable)
                  00001520    00000040                          : sysctl.o (.text:SysCtlPeripheralPowerOff)
                  00001560    00000040                          : sysctl.o (.text:SysCtlPeripheralPowerOn)
                  000015a0    00000040                          : sysctl.o (.text:SysCtlPeripheralSleepEnable)
                  000015e0    0000003c     nortos_msp432e4.aem4f : ClockPSysTick_nortos.oem4f (.text:ClockP_destruct)
                  0000161c    00000038                           : ClockPSysTick_nortos.oem4f (.text:addToList)
                  00001654    00000034                           : ClockPSysTick_nortos.oem4f (.text:ClockP_startup)
                  00001688    00000034     rtsv7M4_T_le_v4SPD16_eabi.lib : boot_cortex_m.c.obj (.text:_c_int00_noargs:_c_int00_noargs)
                  000016bc    00000030     ti_drivers_config.obj (.text:Board_init)
                  000016ec    00000030     nortos_msp432e4.aem4f : ClockPSysTick_nortos.oem4f (.text:ClockP_start)
                  0000171c    00000030     drivers_msp432e4.aem4f : GPIOMSP432E4.oem4f (.text:GPIO_enableInt)
                  0000174c    0000002c     msp432e4_driverlib.a : sysctl.o (.text:SysCtlPeripheralClockGating)
                  00001778    0000002c     key.obj (.text:mainThread)
                  000017a4    0000002a     nortos_msp432e4.aem4f : HwiPMSP432E4_nortos.oem4f (.text:HwiP_create)
                  000017ce    00000002     rtsv7M4_T_le_v4SPD16_eabi.lib : _lock.c.obj (.text:_nop)
                  000017d0    00000028                                   : memory.c.obj (.text:free_list_insert)
                  000017f8    00000024     key.obj (.text:BottonFunction)
                  0000181c    00000024     nortos_msp432e4.aem4f : HwiPMSP432E4_nortos.oem4f (.text:HwiP_dispatch)
                  00001840    00000022     msp432e4_driverlib.a : gpio.o (.text:GPIOIntStatus)
                  00001862    00000020                          : gpio.o (.text:GPIOPinWrite)
                  00001882    00000020     drivers_msp432e4.aem4f : GPIOMSP432E4.oem4f (.text:getGpioIntIndex)
                  000018a2    00000002     nortos_msp432e4.aem4f : startup_msp432e4_ccs.oem4f (.text:busFaultHandler)
                  000018a4    00000020                           : startup_msp432e4_ccs.oem4f (.text:resetISR)
                  000018c4    0000001c     rtsv7M4_T_le_v4SPD16_eabi.lib : copy_zero_init.c.obj (.text:decompress:ZI:__TI_zero_init_nomemset:__TI_zero_init_nomemset)
                  000018e0    0000001c                                   : memory.c.obj (.text:free_list_remove)
                  000018fc    0000001a     msp432e4_driverlib.a : gpio.o (.text:GPIOIntEnable)
                  00001916    0000001a     nortos_msp432e4.aem4f : SemaphoreP_nortos.oem4f (.text:SemaphoreP_createBinary)
                  00001930    00000018     msp432e4_driverlib.a : fpu.o (.text:FPUEnable)
                  00001948    00000018                          : gpio.o (.text:GPIOPinRead)
                  00001960    00000018     drivers_msp432e4.aem4f : PowerMSP432E4.oem4f (.text:Power_idleFunc)
                  00001978    00000016     nortos_msp432e4.aem4f : SemaphoreP_nortos.oem4f (.text:SemaphoreP_create)
                  0000198e    00000014     msp432e4_driverlib.a : gpio.o (.text:GPIOIntClear)
                  000019a2    00000002     nortos_msp432e4.aem4f : SemaphoreP_nortos.oem4f (.text:clkFxn)
                  000019a4    00000014                           : HwiPMSP432E4_nortos.oem4f (.text:HwiP_inISR)
                  000019b8    00000014     drivers_msp432e4.aem4f : PowerMSP432E4.oem4f (.text:Power_disablePolicy)
                  000019cc    00000012     nortos_msp432e4.aem4f : HwiPMSP432E4_nortos.oem4f (.text:HwiP_Params_init)
                  000019de    00000012     main_nortos.obj (.text:main)
                  000019f0    00000010     nortos_msp432e4.aem4f : ClockPSysTick_nortos.oem4f (.text:ClockP_add)
                  00001a00    00000010     msp432e4_driverlib.a : interrupt.o (.text:IntMasterDisable)
                  00001a10    00000010                          : interrupt.o (.text:IntMasterEnable)
                  00001a20    00000010     nortos_msp432e4.aem4f : PowerMSP432E4_nortos.oem4f (.text:PowerMSP432E4_sleepPolicy)
                  00001a30    00000010     drivers_msp432e4.aem4f : PowerMSP432E4.oem4f (.text:Power_enablePolicy)
                  00001a40    00000010     nortos_msp432e4.aem4f : SemaphoreP_nortos.oem4f (.text:SemaphoreP_Params_init)
                  00001a50    0000000e     rtsv7M4_T_le_v4SPD16_eabi.lib : copy_decompress_none.c.obj (.text:decompress:none:__TI_decompress_none)
                  00001a5e    0000000c     msp432e4_driverlib.a : cpu.o (.text:CPUcpsid)
                  00001a6a    0000000c                          : cpu.o (.text:CPUcpsie)
                  00001a76    0000000a     nortos_msp432e4.aem4f : ClockPSysTick_nortos.oem4f (.text:ClockP_isActive)
                  00001a80    00000008                           : HwiPMSP432E4_nortos.oem4f (.text:HwiP_restore)
                  00001a88    00000008     rtsv7M4_T_le_v4SPD16_eabi.lib : memory.c.obj (.text:malloc)
                  00001a90    00000004     nortos_msp432e4.aem4f : HwiPMSP432E4_nortos.oem4f (.text:HwiP_disable)
                  00001a94    00000004                           : HwiPMSP432E4_nortos.oem4f (.text:HwiP_enable)
                  00001a98    00000004                           : SemaphoreP_nortos.oem4f (.text:SemaphoreP_delete)
                  00001a9c    00000004     rtsv7M4_T_le_v4SPD16_eabi.lib : pre_init.c.obj (.text:_system_pre_init)
                  00001aa0    00000004                                   : exit.c.obj (.text:abort:abort)
                  00001aa4    00000002     nortos_msp432e4.aem4f : startup_msp432e4_ccs.oem4f (.text:defaultHandler)
                  00001aa6    00000002                           : startup_msp432e4_ccs.oem4f (.text:faultISR)
                  00001aa8    00000002                           : startup_msp432e4_ccs.oem4f (.text:nmiISR)

.const     0    00001aac    000003a0     
                  00001aac    000001b0     msp432e4_driverlib.a : sysctl.o (.const:g_pppui32XTALtoVCO)
                  00001c5c    0000009c                          : interrupt.o (.const:g_pui32Regs)
                  00001cf8    00000048     drivers_msp432e4.aem4f : GPIOMSP432E4.oem4f (.const:gpioBaseAddresses)
                  00001d40    00000048                            : GPIOMSP432E4.oem4f (.const:powerMgrIds)
                  00001d88    00000030     msp432e4_driverlib.a : sysctl.o (.const:g_sXTALtoMEMTIM)
                  00001db8    00000028                          : sysctl.o (.const:g_pui32Xtals)
                  00001de0    00000020     drivers_msp432e4.aem4f : GPIOMSP432E4.oem4f (.const:.string:gpioInterruptVectors)
                  00001e00    00000014     ti_drivers_config.obj (.const:GPIOMSP432E4_config)
                  00001e14    00000014     msp432e4_driverlib.a : interrupt.o (.const:g_pui32EnRegs)
                  00001e28    00000008     ti_drivers_config.obj (.const:PowerMSP432E4_config)
                  00001e30    00000008     msp432e4_driverlib.a : sysctl.o (.const:g_pui32VCOFrequencies)
                  00001e38    00000007     drivers_msp432e4.aem4f : GPIOMSP432E4.oem4f (.const:.string:outPinStrengths)
                  00001e3f    00000006                            : GPIOMSP432E4.oem4f (.const:.string:interruptType)
                  00001e45    00000004                            : GPIOMSP432E4.oem4f (.const:.string:outPinTypes)
                  00001e49    00000003                            : GPIOMSP432E4.oem4f (.const:.string:inPinTypes)

.cinit     0    00001e50    00000140     
                  00001e50    00000108     (.cinit..data.load) [load image, compression = lzss]
                  00001f58    0000000c     (__TI_handler_table)
                  00001f64    00000004     --HOLE-- [fill = 0]
                  00001f68    00000008     (.cinit..bss.load) [load image, compression = zero_init]
                  00001f70    00000008     (.cinit..vtable.load) [load image, compression = zero_init]
                  00001f78    00000018     (__TI_cinit_table)

.init_array 
*          0    00000000    00000000     UNINITIALIZED

.vtable    0    20000000    0000026c     UNINITIALIZED
                  20000000    0000026c     msp432e4_driverlib.a : interrupt.o (.vtable)

.sysmem    0    20000270    00008000     UNINITIALIZED
                  20000270    00000010     rtsv7M4_T_le_v4SPD16_eabi.lib : memory.c.obj (.sysmem)
                  20000280    00007ff0     --HOLE--

.data      0    20008270    00000424     UNINITIALIZED
                  20008270    0000026c     nortos_msp432e4.aem4f : HwiPMSP432E4_nortos.oem4f (.data:HwiP_dispatchTable)
                  200084dc    0000016c     drivers_msp432e4.aem4f : PowerMSP432E4.oem4f (.data:PowerMSP432E4_module)
                  20008648    00000010     ti_drivers_config.obj (.data:gpioCallbackFunctions)
                  20008658    00000010     ti_drivers_config.obj (.data:gpioPinConfigs)
                  20008668    00000008     rtsv7M4_T_le_v4SPD16_eabi.lib : _lock.c.obj (.data:$O1$$)
                  20008670    00000008                                   : memory.c.obj (.data:$O1$$)
                  20008678    00000008     nortos_msp432e4.aem4f : SemaphoreP_nortos.oem4f (.data:SemaphoreP_defaultParams)
                  20008680    00000005     drivers_msp432e4.aem4f : GPIOMSP432E4.oem4f (.data)
                  20008685    00000003     nortos_msp432e4.aem4f : SemaphoreP_nortos.oem4f (.data)
                  20008688    00000005                           : ClockPSysTick_nortos.oem4f (.data)
                  2000868d    00000003     --HOLE--
                  20008690    00000004                           : HwiPMSP432E4_nortos.oem4f (.data)

.bss       0    20008698    000000a8     UNINITIALIZED
                  20008698    00000090     drivers_msp432e4.aem4f : GPIOMSP432E4.oem4f (.bss:gpioCallbackInfo)
                  20008728    00000010     (.common:ClockP_ctrl)
                  20008738    00000004                            : GPIOMSP432E4.oem4f (.bss)
                  2000873c    00000004     nortos_msp432e4.aem4f : ClockPSysTick_nortos.oem4f (.bss)

.stack     0    2003f000    00001000     UNINITIALIZED
                  2003f000    00000004     rtsv7M4_T_le_v4SPD16_eabi.lib : boot_cortex_m.c.obj (.stack)
                  2003f004    00000ffc     --HOLE--

__llvm_prf_cnts 
*          0    20000000    00000000     UNINITIALIZED

.binit     0    00000000    00000000     

MODULE SUMMARY

       Module                       code   ro data   rw data
       ------                       ----   -------   -------
    .\
       key.obj                      80     0         0      
       main_nortos.obj              18     0         0      
    +--+----------------------------+------+---------+---------+
       Total:                       98     0         0      
                                                            
    .\syscfg\
       ti_drivers_config.obj        50     28        32     
    +--+----------------------------+------+---------+---------+
       Total:                       50     28        32     
                                                            
    D:/CCS/MSP432E4_SDK/simplelink_msp432e4_sdk_4_20_00_12/kernel/nortos/lib/nortos_msp432e4.aem4f
       HwiPMSP432E4_nortos.oem4f    244    0         624    
       startup_msp432e4_ccs.oem4f   40     512       0      
       ClockPSysTick_nortos.oem4f   478    0         25     
       SemaphoreP_nortos.oem4f      378    0         11     
       PowerMSP432E4_nortos.oem4f   16     0         0      
    +--+----------------------------+------+---------+---------+
       Total:                       1156   512       660    
                                                            
    D:/CCS/MSP432E4_SDK/simplelink_msp432e4_sdk_4_20_00_12/source/ti/devices/msp432e4/driverlib/lib/ccs/m4f/msp432e4_driverlib.a
       sysctl.o                     1384   528       0      
       interrupt.o                  336    176       620    
       gpio.o                       962    0         0      
       cpu.o                        24     0         0      
       fpu.o                        24     0         0      
    +--+----------------------------+------+---------+---------+
       Total:                       2730   704       620    
                                                            
    D:/CCS/MSP432E4_SDK/simplelink_msp432e4_sdk_4_20_00_12/source/ti/drivers/lib/drivers_msp432e4.aem4f
       GPIOMSP432E4.oem4f           912    196       153    
       PowerMSP432E4.oem4f          264    0         364    
    +--+----------------------------+------+---------+---------+
       Total:                       1176   196       517    
                                                            
    D:\CCS\CCS10.4\ccs\tools\compiler\ti-cgt-arm_20.2.5.LTS\lib\rtsv7M4_T_le_v4SPD16_eabi.lib
       memory.c.obj                 672    0         8      
       memcpy_t2.asm.obj            156    0         0      
       copy_decompress_lzss.c.obj   104    0         0      
       autoinit.c.obj               68     0         0      
       boot_cortex_m.c.obj          52     0         0      
       copy_zero_init.c.obj         28     0         0      
       copy_decompress_none.c.obj   14     0         0      
       _lock.c.obj                  2      0         8      
       exit.c.obj                   4      0         0      
       pre_init.c.obj               4      0         0      
    +--+----------------------------+------+---------+---------+
       Total:                       1104   0         16     
                                                            
       Heap:                        0      0         32768  
       Stack:                       0      0         4096   
       Linker Generated:            0      316       0      
    +--+----------------------------+------+---------+---------+
       Grand Total:                 6314   1756      38709  


LINKER GENERATED COPY TABLES

__TI_cinit_table @ 00001f78 records: 3, size/record: 8, table size: 24
	.data: load addr=00001e50, load size=00000108 bytes, run addr=20008270, run size=00000424 bytes, compression=lzss
	.bss: load addr=00001f68, load size=00000008 bytes, run addr=20008698, run size=000000a8 bytes, compression=zero_init
	.vtable: load addr=00001f70, load size=00000008 bytes, run addr=20000000, run size=0000026c bytes, compression=zero_init


LINKER GENERATED HANDLER TABLE

__TI_handler_table @ 00001f58 records: 3, size/record: 4, table size: 12
	index: 0, handler: __TI_zero_init
	index: 1, handler: __TI_decompress_lzss
	index: 2, handler: __TI_decompress_none


GLOBAL SYMBOLS: SORTED ALPHABETICALLY BY Name 

address   name                          
-------   ----                          
000016bd  Board_init                    
0000071b  Board_initHook                
000017f9  BottonFunction                
00001aa1  C$$EXIT                       
00001a5f  CPUcpsid                      
00001a6b  CPUcpsie                      
000019f1  ClockP_add                    
20008728  ClockP_ctrl                   
000015e1  ClockP_destruct               
00001259  ClockP_doTick                 
00001a77  ClockP_isActive               
000016ed  ClockP_start                  
00001655  ClockP_startup                
00001349  ClockP_stop                   
00001259  ClockP_sysTickHandler         
20008688  ClockP_tickPeriod             
00001931  FPUEnable                     
0000109d  GPIODirModeSet                
0000198f  GPIOIntClear                  
000018fd  GPIOIntEnable                 
00001841  GPIOIntStatus                 
00000b31  GPIOIntTypeSet                
00001e00  GPIOMSP432E4_config           
000004e1  GPIOPadConfigSet              
00001949  GPIOPinRead                   
00001863  GPIOPinWrite                  
0000171d  GPIO_enableInt                
00000f01  GPIO_hwiIntFxn                
00000a85  GPIO_init                     
00001155  GPIO_setCallback              
0000071d  GPIO_setConfig                
000012a9  GPIO_toggle                   
000019cd  HwiP_Params_init              
00000e21  HwiP_construct                
000017a5  HwiP_create                   
00001a91  HwiP_disable                  
00001a95  HwiP_enable                   
000019a5  HwiP_inISR                    
00001a81  HwiP_restore                  
20008690  HwiP_swiPIntNum               
00000da1  IntEnable                     
00001a01  IntMasterDisable              
00001a11  IntMasterEnable               
00001205  IntPrioritySet                
000010f9  IntRegister                   
00001a95  NoRTOS_start                  
00001e28  PowerMSP432E4_config          
200084dc  PowerMSP432E4_module          
00001a21  PowerMSP432E4_sleepPolicy     
000019b9  Power_disablePolicy           
00001a31  Power_enablePolicy            
00001961  Power_idleFunc                
00001039  Power_init                    
00000f69  Power_setDependency           
00001a41  SemaphoreP_Params_init        
000012f9  SemaphoreP_construct          
00001979  SemaphoreP_create             
00001917  SemaphoreP_createBinary       
20008678  SemaphoreP_defaultParams      
00001a99  SemaphoreP_delete             
00000bd5  SemaphoreP_pend               
0000138d  SemaphoreP_post               
00000201  SysCtlClockFreqSet            
0000174d  SysCtlPeripheralClockGating   
000014e1  SysCtlPeripheralEnable        
00001521  SysCtlPeripheralPowerOff      
00001561  SysCtlPeripheralPowerOn       
000013d1  SysCtlPeripheralPresent       
00001415  SysCtlPeripheralReady         
000015a1  SysCtlPeripheralSleepEnable   
20040000  __STACK_END                   
00001000  __STACK_SIZE                  
00008000  __SYSMEM_SIZE                 
00001f78  __TI_CINIT_Base               
00001f90  __TI_CINIT_Limit              
00001f58  __TI_Handler_Table_Base       
00001f64  __TI_Handler_Table_Limit      
0000149d  __TI_auto_init_nobinit_nopinit
00000fd1  __TI_decompress_lzss          
00001a51  __TI_decompress_none          
ffffffff  __TI_pprof_out_hndl           
ffffffff  __TI_prof_data_size           
ffffffff  __TI_prof_data_start          
00001e50  __TI_static_base__            
000018c5  __TI_zero_init_nomemset       
00000c75  __aeabi_memcpy                
00000c75  __aeabi_memcpy4               
00000c75  __aeabi_memcpy8               
ffffffff  __binit__                     
ffffffff  __c_args__                    
UNDEFED   __mpu_init                    
2003f000  __stack                       
20000000  __start___llvm_prf_cnts       
20000000  __stop___llvm_prf_cnts        
00001689  _c_int00_noargs               
20008668  _lock                         
000017cf  _nop                          
20000270  _sys_memory                   
UNDEFED   _system_post_cinit            
00001a9d  _system_pre_init              
2000866c  _unlock                       
00001aa1  abort                         
000008a1  aligned_alloc                 
ffffffff  binit                         
000019a3  clkFxn                        
000009a1  free                          
20000000  g_pfnRAMVectors               
20008648  gpioCallbackFunctions         
20008658  gpioPinConfigs                
000019df  main                          
00001779  mainThread                    
00001a89  malloc                        
000008a1  memalign                      
00000c75  memcpy                        
000018a5  resetISR                      
00000000  resetVectors                  


GLOBAL SYMBOLS: SORTED BY Symbol Address 

address   name                          
-------   ----                          
00000000  resetVectors                  
00000201  SysCtlClockFreqSet            
000004e1  GPIOPadConfigSet              
0000071b  Board_initHook                
0000071d  GPIO_setConfig                
000008a1  aligned_alloc                 
000008a1  memalign                      
000009a1  free                          
00000a85  GPIO_init                     
00000b31  GPIOIntTypeSet                
00000bd5  SemaphoreP_pend               
00000c75  __aeabi_memcpy                
00000c75  __aeabi_memcpy4               
00000c75  __aeabi_memcpy8               
00000c75  memcpy                        
00000da1  IntEnable                     
00000e21  HwiP_construct                
00000f01  GPIO_hwiIntFxn                
00000f69  Power_setDependency           
00000fd1  __TI_decompress_lzss          
00001000  __STACK_SIZE                  
00001039  Power_init                    
0000109d  GPIODirModeSet                
000010f9  IntRegister                   
00001155  GPIO_setCallback              
00001205  IntPrioritySet                
00001259  ClockP_doTick                 
00001259  ClockP_sysTickHandler         
000012a9  GPIO_toggle                   
000012f9  SemaphoreP_construct          
00001349  ClockP_stop                   
0000138d  SemaphoreP_post               
000013d1  SysCtlPeripheralPresent       
00001415  SysCtlPeripheralReady         
0000149d  __TI_auto_init_nobinit_nopinit
000014e1  SysCtlPeripheralEnable        
00001521  SysCtlPeripheralPowerOff      
00001561  SysCtlPeripheralPowerOn       
000015a1  SysCtlPeripheralSleepEnable   
000015e1  ClockP_destruct               
00001655  ClockP_startup                
00001689  _c_int00_noargs               
000016bd  Board_init                    
000016ed  ClockP_start                  
0000171d  GPIO_enableInt                
0000174d  SysCtlPeripheralClockGating   
00001779  mainThread                    
000017a5  HwiP_create                   
000017cf  _nop                          
000017f9  BottonFunction                
00001841  GPIOIntStatus                 
00001863  GPIOPinWrite                  
000018a5  resetISR                      
000018c5  __TI_zero_init_nomemset       
000018fd  GPIOIntEnable                 
00001917  SemaphoreP_createBinary       
00001931  FPUEnable                     
00001949  GPIOPinRead                   
00001961  Power_idleFunc                
00001979  SemaphoreP_create             
0000198f  GPIOIntClear                  
000019a3  clkFxn                        
000019a5  HwiP_inISR                    
000019b9  Power_disablePolicy           
000019cd  HwiP_Params_init              
000019df  main                          
000019f1  ClockP_add                    
00001a01  IntMasterDisable              
00001a11  IntMasterEnable               
00001a21  PowerMSP432E4_sleepPolicy     
00001a31  Power_enablePolicy            
00001a41  SemaphoreP_Params_init        
00001a51  __TI_decompress_none          
00001a5f  CPUcpsid                      
00001a6b  CPUcpsie                      
00001a77  ClockP_isActive               
00001a81  HwiP_restore                  
00001a89  malloc                        
00001a91  HwiP_disable                  
00001a95  HwiP_enable                   
00001a95  NoRTOS_start                  
00001a99  SemaphoreP_delete             
00001a9d  _system_pre_init              
00001aa1  C$$EXIT                       
00001aa1  abort                         
00001e00  GPIOMSP432E4_config           
00001e28  PowerMSP432E4_config          
00001e50  __TI_static_base__            
00001f58  __TI_Handler_Table_Base       
00001f64  __TI_Handler_Table_Limit      
00001f78  __TI_CINIT_Base               
00001f90  __TI_CINIT_Limit              
00008000  __SYSMEM_SIZE                 
20000000  __start___llvm_prf_cnts       
20000000  __stop___llvm_prf_cnts        
20000000  g_pfnRAMVectors               
20000270  _sys_memory                   
200084dc  PowerMSP432E4_module          
20008648  gpioCallbackFunctions         
20008658  gpioPinConfigs                
20008668  _lock                         
2000866c  _unlock                       
20008678  SemaphoreP_defaultParams      
20008688  ClockP_tickPeriod             
20008690  HwiP_swiPIntNum               
20008728  ClockP_ctrl                   
2003f000  __stack                       
20040000  __STACK_END                   
ffffffff  __TI_pprof_out_hndl           
ffffffff  __TI_prof_data_size           
ffffffff  __TI_prof_data_start          
ffffffff  __binit__                     
ffffffff  __c_args__                    
ffffffff  binit                         
UNDEFED   __mpu_init                    
UNDEFED   _system_post_cinit            

[116 symbols]
