******************************************************************************
                  TI ARM Linker PC v20.2.5                     
******************************************************************************
>> Linked Sun Aug 15 12:11:50 2021

OUTPUT FILE NAME:   <03.UART.out>
ENTRY POINT SYMBOL: "resetISR"  address: 00004139


MEMORY CONFIGURATION

         name            origin    length      used     unused   attr    fill
----------------------  --------  ---------  --------  --------  ----  --------
  FLASH                 00000000   00100000  00004ca8  000fb358  R  X
  SRAM                  20000000   00040000  0000981d  000367e3  RW X


SEGMENT ALLOCATION MAP

run origin  load origin   length   init length attrs members
----------  ----------- ---------- ----------- ----- -------
00000000    00000000    00004ca8   00004ca8    r-x
  00000000    00000000    00000200   00000200    r-- .intvecs
  00000200    00000200    000043d8   000043d8    r-x .text
  000045d8    000045d8    00000588   00000588    r-- .const
  00004b60    00004b60    00000148   00000148    r-- .cinit
20000000    20000000    00008828   00000000    rw-
  20000000    20000000    0000026c   00000000    rw- .vtable
  20000270    20000270    00008000   00000000    rw- .sysmem
  20008270    20008270    000004f1   00000000    rw- .data
  20008768    20008768    000000c0   00000000    rw- .bss
2003f000    2003f000    00001000   00000000    rw-
  2003f000    2003f000    00001000   00000000    rw- .stack


SECTION ALLOCATION MAP

 output                                  attributes/
section   page    origin      length       input sections
--------  ----  ----------  ----------   ----------------
.intvecs   0    00000000    00000200     
                  00000000    00000200     nortos_msp432e4.aem4f : startup_msp432e4_ccs.oem4f (.intvecs:retain)

.text      0    00000200    000043d8     
                  00000200    00000a4e     rtsv7M4_T_le_v4SPD16_eabi.lib : _printfi.c.obj (.text:__TI_printfi)
                  00000c4e    00000002     ti_drivers_config.obj (.text:Board_initHook)
                  00000c50    000002f0     drivers_msp432e4.aem4f : UARTMSP432E4.oem4f (.text:UARTMSP432E4_open)
                  00000f40    000002e0     msp432e4_driverlib.a : sysctl.o (.text:SysCtlClockFreqSet)
                  00001220    00000270     rtsv7M4_T_le_v4SPD16_eabi.lib : _printfi.c.obj (.text:_pconv_a)
                  00001490    0000023a     msp432e4_driverlib.a : gpio.o (.text:GPIOPadConfigSet)
                  000016ca    00000002     drivers_msp432e4.aem4f : UARTMSP432E4.oem4f (.text:UARTMSP432E4_init)
                  000016cc    000001d0     rtsv7M4_T_le_v4SPD16_eabi.lib : _printfi.c.obj (.text:_pconv_g)
                  0000189c    000001b6                                   : fd_add_t2.asm.obj (.text)
                  00001a52    00000002     msp432e4_driverlib.a : interrupt.o (.text:_IntDefaultHandler)
                  00001a54    0000013c     rtsv7M4_T_le_v4SPD16_eabi.lib : _printfi.c.obj (.text:_pconv_e)
                  00001b90    00000136                                   : fd_div_t2.asm.obj (.text)
                  00001cc6    00000002                                   : _lock.c.obj (.text:_nop)
                  00001cc8    00000124                                   : _printfi.c.obj (.text:fcvt)
                  00001dec    00000110                                   : s_scalbn.c.obj (.text:scalbn)
                  00001efc    00000100                                   : memory.c.obj (.text:aligned_alloc)
                  00001ffc    000000fc                                   : fd_mul_t2.asm.obj (.text)
                  000020f8    000000e4                                   : memory.c.obj (.text:free)
                  000021dc    000000be     drivers_msp432e4.aem4f : UARTMSP432E4.oem4f (.text:UARTMSP432E4_close)
                  0000229a    000000b6                            : UARTMSP432E4.oem4f (.text:readTaskCallback)
                  00002350    000000b1     rtsv7M4_T_le_v4SPD16_eabi.lib : _printfi.c.obj (.text:_ltostr)
                  00002401    00000001     --HOLE-- [fill = 0]
                  00002402    000000b0     drivers_msp432e4.aem4f : UARTMSP432E4.oem4f (.text:readTaskBlocking)
                  000024b2    00000002     nortos_msp432e4.aem4f : startup_msp432e4_ccs.oem4f (.text:busFaultHandler)
                  000024b4    000000a0                           : SemaphoreP_nortos.oem4f (.text:SemaphoreP_pend)
                  00002554    0000009e     drivers_msp432e4.aem4f : UARTMSP432E4.oem4f (.text:UARTMSP432E4_readPolling)
                  000025f2    0000009c     rtsv7M4_T_le_v4SPD16_eabi.lib : memcpy_t2.asm.obj (.text)
                  0000268e    00000098     drivers_msp432e4.aem4f : UARTMSP432E4.oem4f (.text:UARTMSP432E4_write)
                  00002726    00000096     rtsv7M4_T_le_v4SPD16_eabi.lib : ull_div_t2.asm.obj (.text)
                  000027bc    00000094     drivers_msp432e4.aem4f : UARTMSP432E4.oem4f (.text:readIsrTextBlocking)
                  00002850    00000090                            : UARTMSP432E4.oem4f (.text:UARTMSP432E4_control)
                  000028e0    00000090     msp432e4_driverlib.a : sysctl.o (.text:_SysCtlFrequencyGet)
                  00002970    00000088     drivers_msp432e4.aem4f : UARTMSP432E4.oem4f (.text:readIsrTextCallback)
                  000029f8    00000086     rtsv7M4_T_le_v4SPD16_eabi.lib : fd_cmp_t2.asm.obj (.text:__aeabi_cdcmple)
                  00002a7e    00000086                                   : fd_cmp_t2.asm.obj (.text:__aeabi_cdrcmple)
                  00002b04    00000080     msp432e4_driverlib.a : interrupt.o (.text:IntDisable)
                  00002b84    00000080                          : interrupt.o (.text:IntEnable)
                  00002c04    0000007c     drivers_msp432e4.aem4f : UARTMSP432E4.oem4f (.text:writeData)
                  00002c80    0000007a     rtsv7M4_T_le_v4SPD16_eabi.lib : memset_t2.asm.obj (.text)
                  00002cfa    00000076     msp432e4_driverlib.a : uart.o (.text:UARTConfigSetExpClk)
                  00002d70    00000070     nortos_msp432e4.aem4f : HwiPMSP432E4_nortos.oem4f (.text:HwiP_construct)
                  00002de0    00000070     uart.obj (.text:My_UART_Params_init)
                  00002e50    00000070     uart.obj (.text:mainThread)
                  00002ec0    00000070     rtsv7M4_T_le_v4SPD16_eabi.lib : memory.c.obj (.text:split)
                  00002f30    0000006e                                   : _printfi.c.obj (.text:_mcpy)
                  00002f9e    00000002     nortos_msp432e4.aem4f : SemaphoreP_nortos.oem4f (.text:clkFxn)
                  00002fa0    0000006c     drivers_msp432e4.aem4f : PowerMSP432E4.oem4f (.text:Power_releaseDependency)
                  0000300c    00000068                            : PowerMSP432E4.oem4f (.text:Power_setDependency)
                  00003074    00000068     rtsv7M4_T_le_v4SPD16_eabi.lib : copy_decompress_lzss.c.obj (.text:decompress:lzss:__TI_decompress_lzss)
                  000030dc    00000068                                   : printf.c.obj (.text:printf)
                  00003144    00000068     drivers_msp432e4.aem4f : UARTMSP432E4.oem4f (.text:readIsrBinaryBlocking)
                  000031ac    00000064                            : PowerMSP432E4.oem4f (.text:Power_init)
                  00003210    00000064     rtsv7M4_T_le_v4SPD16_eabi.lib : s_frexp.c.obj (.text:frexp)
                  00003274    00000064     drivers_msp432e4.aem4f : UARTMSP432E4.oem4f (.text:readIsrBinaryCallback)
                  000032d8    0000005c     msp432e4_driverlib.a : gpio.o (.text:GPIODirModeSet)
                  00003334    0000005c                          : interrupt.o (.text:IntRegister)
                  00003390    0000005c     drivers_msp432e4.aem4f : UARTMSP432E4.oem4f (.text:getPowerResourceId)
                  000033ec    00000058     nortos_msp432e4.aem4f : ClockPSysTick_nortos.oem4f (.text:sysTickInit)
                  00003444    00000056     rtsv7M4_T_le_v4SPD16_eabi.lib : _printfi.c.obj (.text:_pconv_f)
                  0000349a    00000002     nortos_msp432e4.aem4f : startup_msp432e4_ccs.oem4f (.text:defaultHandler)
                  0000349c    00000054     msp432e4_driverlib.a : interrupt.o (.text:IntPrioritySet)
                  000034f0    00000054     rtsv7M4_T_le_v4SPD16_eabi.lib : _ltoa.c.obj (.text:__TI_ltoa)
                  00003544    00000052                                   : _printfi.c.obj (.text:_ecpy)
                  00003596    00000002     nortos_msp432e4.aem4f : startup_msp432e4_ccs.oem4f (.text:faultISR)
                  00003598    00000050                           : ClockPSysTick_nortos.oem4f (.text:ClockP_sysTickHandler)
                  000035e8    00000050                           : SemaphoreP_nortos.oem4f (.text:SemaphoreP_construct)
                  00003638    00000050     drivers_msp432e4.aem4f : UARTMSP432E4.oem4f (.text:UARTMSP432E4_hwiIntFxn)
                  00003688    00000050     uart.obj (.text:fputs)
                  000036d8    0000004c     drivers_msp432e4.aem4f : UARTMSP432E4.oem4f (.text:UARTMSP432E4_writePolling)
                  00003724    0000004c     rtsv7M4_T_le_v4SPD16_eabi.lib : atoi.c.obj (.text:atoi)
                  00003770    0000004c     drivers_msp432e4.aem4f : UARTMSP432E4.oem4f (.text:ringBufGet)
                  000037bc    00000048                            : UARTMSP432E4.oem4f (.text:UARTMSP432E4_writeCancel)
                  00003804    00000048     rtsv7M4_T_le_v4SPD16_eabi.lib : fd_toi_t2.asm.obj (.text)
                  0000384c    00000046     drivers_msp432e4.aem4f : RingBuf.oem4f (.text:RingBuf_put)
                  00003892    00000002     nortos_msp432e4.aem4f : startup_msp432e4_ccs.oem4f (.text:nmiISR)
                  00003894    00000044                           : ClockPSysTick_nortos.oem4f (.text:ClockP_stop)
                  000038d8    00000044     msp432e4_driverlib.a : gpio.o (.text:GPIOPinConfigure)
                  0000391c    00000044     nortos_msp432e4.aem4f : SemaphoreP_nortos.oem4f (.text:SemaphoreP_post)
                  00003960    00000044     msp432e4_driverlib.a : sysctl.o (.text:SysCtlPeripheralPresent)
                  000039a4    00000044                          : sysctl.o (.text:SysCtlPeripheralReady)
                  000039e8    00000044     drivers_msp432e4.aem4f : UART.oem4f (.text:UART_init)
                  00003a2c    00000044     msp432e4_driverlib.a : sysctl.o (.text:_SysCtlMemTimingGet)
                  00003a70    00000044     rtsv7M4_T_le_v4SPD16_eabi.lib : autoinit.c.obj (.text:__TI_auto_init_nobinit_nopinit:__TI_auto_init_nobinit_nopinit)
                  00003ab4    00000042     uart.obj (.text:delay)
                  00003af6    00000040     nortos_msp432e4.aem4f : ClockPSysTick_nortos.oem4f (.text:ClockP_construct)
                  00003b36    00000040     drivers_msp432e4.aem4f : RingBuf.oem4f (.text:RingBuf_get)
                  00003b76    00000002     rtsv7M4_T_le_v4SPD16_eabi.lib : div0.asm.obj (.text)
                  00003b78    00000040     msp432e4_driverlib.a : sysctl.o (.text:SysCtlPeripheralDisable)
                  00003bb8    00000040                          : sysctl.o (.text:SysCtlPeripheralEnable)
                  00003bf8    00000040                          : sysctl.o (.text:SysCtlPeripheralPowerOff)
                  00003c38    00000040                          : sysctl.o (.text:SysCtlPeripheralPowerOn)
                  00003c78    00000040                          : sysctl.o (.text:SysCtlPeripheralSleepDisable)
                  00003cb8    00000040                          : sysctl.o (.text:SysCtlPeripheralSleepEnable)
                  00003cf8    00000040     drivers_msp432e4.aem4f : UARTMSP432E4.oem4f (.text:UARTMSP432E4_read)
                  00003d38    00000040                            : UART.oem4f (.text:UART_open)
                  00003d78    0000003e     rtsv7M4_T_le_v4SPD16_eabi.lib : _printfi.c.obj (.text:_fcpy)
                  00003db6    00000002     --HOLE-- [fill = 0]
                  00003db8    0000003c     nortos_msp432e4.aem4f : ClockPSysTick_nortos.oem4f (.text:ClockP_destruct)
                  00003df4    00000038                           : ClockPSysTick_nortos.oem4f (.text:addToList)
                  00003e2c    00000036     drivers_msp432e4.aem4f : UARTMSP432E4.oem4f (.text:UARTMSP432E4_readCancel)
                  00003e62    00000002     --HOLE-- [fill = 0]
                  00003e64    00000034     nortos_msp432e4.aem4f : ClockPSysTick_nortos.oem4f (.text:ClockP_startup)
                  00003e98    00000034     rtsv7M4_T_le_v4SPD16_eabi.lib : boot_cortex_m.c.obj (.text:_c_int00_noargs:_c_int00_noargs)
                  00003ecc    00000030     ti_drivers_config.obj (.text:Board_init)
                  00003efc    00000030     nortos_msp432e4.aem4f : ClockPSysTick_nortos.oem4f (.text:ClockP_start)
                  00003f2c    00000030     drivers_msp432e4.aem4f : GPIOMSP432E4.oem4f (.text:GPIOMSP432E4_undoPinConfig)
                  00003f5c    00000030     msp432e4_driverlib.a : uart.o (.text:UARTDisable)
                  00003f8c    0000002e     rtsv7M4_T_le_v4SPD16_eabi.lib : i_tofd_t2.asm.obj (.text)
                  00003fba    00000002     --HOLE-- [fill = 0]
                  00003fbc    0000002c     msp432e4_driverlib.a : sysctl.o (.text:SysCtlPeripheralClockGating)
                  00003fe8    0000002a     nortos_msp432e4.aem4f : HwiPMSP432E4_nortos.oem4f (.text:HwiP_create)
                  00004012    00000028     uart.obj (.text:ReadCallBackFxn)
                  0000403a    00000002     --HOLE-- [fill = 0]
                  0000403c    00000028     rtsv7M4_T_le_v4SPD16_eabi.lib : memory.c.obj (.text:free_list_insert)
                  00004064    00000024     msp432e4_driverlib.a : gpio.o (.text:GPIOPinTypeUART)
                  00004088    00000024     nortos_msp432e4.aem4f : HwiPMSP432E4_nortos.oem4f (.text:HwiP_dispatch)
                  000040ac    00000024     msp432e4_driverlib.a : uart.o (.text:UARTCharPutNonBlocking)
                  000040d0    00000024                          : uart.o (.text:UARTEnable)
                  000040f4    00000024     uart.obj (.text:fputc)
                  00004118    00000020     drivers_msp432e4.aem4f : RingBuf.oem4f (.text:RingBuf_peek)
                  00004138    00000020     nortos_msp432e4.aem4f : startup_msp432e4_ccs.oem4f (.text:resetISR)
                  00004158    0000001e     msp432e4_driverlib.a : uart.o (.text:UARTBusy)
                  00004176    0000001e                          : uart.o (.text:UARTCharPut)
                  00004194    0000001e                          : uart.o (.text:UARTCharsAvail)
                  000041b2    0000001e                          : uart.o (.text:UARTIntStatus)
                  000041d0    0000001c                          : interrupt.o (.text:IntUnregister)
                  000041ec    0000001c                          : uart.o (.text:UARTCharGetNonBlocking)
                  00004208    0000001c                          : uart.o (.text:UARTFlowControlSet)
                  00004224    0000001c                          : uart.o (.text:UARTTxIntModeSet)
                  00004240    0000001c     rtsv7M4_T_le_v4SPD16_eabi.lib : copy_zero_init.c.obj (.text:decompress:ZI:__TI_zero_init_nomemset:__TI_zero_init_nomemset)
                  0000425c    0000001c                                   : memory.c.obj (.text:free_list_remove)
                  00004278    0000001c                                   : memccpy.c.obj (.text:memccpy)
                  00004294    0000001a     nortos_msp432e4.aem4f : ClockPSysTick_nortos.oem4f (.text:ClockP_create)
                  000042ae    0000001a                           : SemaphoreP_nortos.oem4f (.text:SemaphoreP_createBinary)
                  000042c8    0000001a     rtsv7M4_T_le_v4SPD16_eabi.lib : s_copysign.c.obj (.text:copysign)
                  000042e2    00000002     --HOLE-- [fill = 0]
                  000042e4    00000018     msp432e4_driverlib.a : fpu.o (.text:FPUEnable)
                  000042fc    00000018     drivers_msp432e4.aem4f : PowerMSP432E4.oem4f (.text:Power_idleFunc)
                  00004314    00000018     msp432e4_driverlib.a : uart.o (.text:UARTFIFOLevelSet)
                  0000432c    00000018                          : uart.o (.text:UARTIntDisable)
                  00004344    00000018                          : uart.o (.text:UARTIntEnable)
                  0000435c    00000016     nortos_msp432e4.aem4f : SemaphoreP_nortos.oem4f (.text:SemaphoreP_create)
                  00004372    00000016     msp432e4_driverlib.a : uart.o (.text:UARTCharGet)
                  00004388    00000016     rtsv7M4_T_le_v4SPD16_eabi.lib : strchr.c.obj (.text:strchr)
                  0000439e    00000002     --HOLE-- [fill = 0]
                  000043a0    00000014     drivers_msp432e4.aem4f : GPIOMSP432E4.oem4f (.text:GPIOMSP432E4_getGpioBaseAddr)
                  000043b4    00000014                            : GPIOMSP432E4.oem4f (.text:GPIOMSP432E4_getPowerResourceId)
                  000043c8    00000014     nortos_msp432e4.aem4f : HwiPMSP432E4_nortos.oem4f (.text:HwiP_inISR)
                  000043dc    00000014     drivers_msp432e4.aem4f : PowerMSP432E4.oem4f (.text:Power_disablePolicy)
                  000043f0    00000014     rtsv7M4_T_le_v4SPD16_eabi.lib : strlen.c.obj (.text:strlen)
                  00004404    00000012     nortos_msp432e4.aem4f : HwiPMSP432E4_nortos.oem4f (.text:HwiP_Params_init)
                  00004416    00000012                           : HwiPMSP432E4_nortos.oem4f (.text:HwiP_destruct)
                  00004428    00000012     drivers_msp432e4.aem4f : RingBuf.oem4f (.text:RingBuf_construct)
                  0000443a    00000012     msp432e4_driverlib.a : uart.o (.text:UARTIntClear)
                  0000444c    00000012                          : uart.o (.text:UARTRxErrorGet)
                  0000445e    00000012     main_nortos.obj (.text:main)
                  00004470    00000012     rtsv7M4_T_le_v4SPD16_eabi.lib : wcslen.c.obj (.text:wcslen)
                  00004482    00000010     nortos_msp432e4.aem4f : ClockPSysTick_nortos.oem4f (.text:ClockP_add)
                  00004492    00000010                           : ClockPSysTick_nortos.oem4f (.text:ClockP_delete)
                  000044a2    00000002     --HOLE-- [fill = 0]
                  000044a4    00000010                           : ClockPSysTick_nortos.oem4f (.text:ClockP_getCpuFreq)
                  000044b4    00000010                           : HwiPMSP432E4_nortos.oem4f (.text:HwiP_delete)
                  000044c4    00000010     msp432e4_driverlib.a : interrupt.o (.text:IntMasterDisable)
                  000044d4    00000010                          : interrupt.o (.text:IntMasterEnable)
                  000044e4    00000010     nortos_msp432e4.aem4f : PowerMSP432E4_nortos.oem4f (.text:PowerMSP432E4_sleepPolicy)
                  000044f4    00000010     drivers_msp432e4.aem4f : PowerMSP432E4.oem4f (.text:Power_enablePolicy)
                  00004504    00000010     nortos_msp432e4.aem4f : SemaphoreP_nortos.oem4f (.text:SemaphoreP_Params_init)
                  00004514    00000010     msp432e4_driverlib.a : uart.o (.text:UARTRxErrorClear)
                  00004524    00000010     drivers_msp432e4.aem4f : UARTMSP432E4.oem4f (.text:readBlockingTimeout)
                  00004534    0000000e                            : RingBuf.oem4f (.text:RingBuf_isFull)
                  00004542    0000000e     rtsv7M4_T_le_v4SPD16_eabi.lib : copy_decompress_none.c.obj (.text:decompress:none:__TI_decompress_none)
                  00004550    0000000c     msp432e4_driverlib.a : cpu.o (.text:CPUcpsid)
                  0000455c    0000000c                          : cpu.o (.text:CPUcpsie)
                  00004568    0000000a     nortos_msp432e4.aem4f : ClockPSysTick_nortos.oem4f (.text:ClockP_Params_init)
                  00004572    0000000a                           : ClockPSysTick_nortos.oem4f (.text:ClockP_isActive)
                  0000457c    0000000a     drivers_msp432e4.aem4f : UART.oem4f (.text:UART_read)
                  00004586    0000000a                            : UART.oem4f (.text:UART_write)
                  00004590    00000008     nortos_msp432e4.aem4f : HwiPMSP432E4_nortos.oem4f (.text:HwiP_restore)
                  00004598    00000008     rtsv7M4_T_le_v4SPD16_eabi.lib : errno.c.obj (.text:__aeabi_errno_addr)
                  000045a0    00000008                                   : memory.c.obj (.text:malloc)
                  000045a8    00000008     drivers_msp432e4.aem4f : UARTMSP432E4.oem4f (.text:readSemCallback)
                  000045b0    00000008                            : UARTMSP432E4.oem4f (.text:writeSemCallback)
                  000045b8    00000004     nortos_msp432e4.aem4f : ClockPSysTick_nortos.oem4f (.text:ClockP_setTimeout)
                  000045bc    00000004                           : HwiPMSP432E4_nortos.oem4f (.text:HwiP_disable)
                  000045c0    00000004                           : HwiPMSP432E4_nortos.oem4f (.text:HwiP_enable)
                  000045c4    00000004                           : SemaphoreP_nortos.oem4f (.text:SemaphoreP_delete)
                  000045c8    00000004     rtsv7M4_T_le_v4SPD16_eabi.lib : printf.c.obj (.text:_outc)
                  000045cc    00000004                                   : printf.c.obj (.text:_outs)
                  000045d0    00000004                                   : pre_init.c.obj (.text:_system_pre_init)
                  000045d4    00000004                                   : exit.c.obj (.text:abort:abort)

.const     0    000045d8    00000588     
                  000045d8    000001b0     msp432e4_driverlib.a : sysctl.o (.const:g_pppui32XTALtoVCO)
                  00004788    00000101     rtsv7M4_T_le_v4SPD16_eabi.lib : ctype.c.obj (.const:.string:_ctypes_)
                  00004889    00000002     ti_drivers_config.obj (.const)
                  0000488b    00000001     --HOLE-- [fill = 0]
                  0000488c    0000009c     msp432e4_driverlib.a : interrupt.o (.const:g_pui32Regs)
                  00004928    00000048                          : gpio.o (.const:g_pui32GPIOBaseAddrs)
                  00004970    00000048     drivers_msp432e4.aem4f : GPIOMSP432E4.oem4f (.const:gpioBaseAddresses)
                  000049b8    00000048                            : GPIOMSP432E4.oem4f (.const:powerMgrIds)
                  00004a00    00000030     msp432e4_driverlib.a : sysctl.o (.const:g_sXTALtoMEMTIM)
                  00004a30    0000002c     ti_drivers_config.obj (.const:uartMSP432E4HWAttrs)
                  00004a5c    00000028     drivers_msp432e4.aem4f : UARTMSP432E4.oem4f (.const:UARTMSP432E4_fxnTable)
                  00004a84    00000028     msp432e4_driverlib.a : sysctl.o (.const:g_pui32Xtals)
                  00004aac    00000024     drivers_msp432e4.aem4f : UART.oem4f (.const:UART_defaultParams)
                  00004ad0    00000020                            : UARTMSP432E4.oem4f (.const:staticFxnTable)
                  00004af0    00000014     msp432e4_driverlib.a : interrupt.o (.const:g_pui32Dii16Regs)
                  00004b04    00000014                          : interrupt.o (.const:g_pui32EnRegs)
                  00004b18    00000014     drivers_msp432e4.aem4f : UARTMSP432E4.oem4f (.const:parityType)
                  00004b2c    00000010                            : UARTMSP432E4.oem4f (.const:dataLength)
                  00004b3c    0000000c     ti_drivers_config.obj (.const:UART_config)
                  00004b48    00000008     ti_drivers_config.obj (.const:PowerMSP432E4_config)
                  00004b50    00000008     msp432e4_driverlib.a : sysctl.o (.const:g_pui32VCOFrequencies)
                  00004b58    00000008     drivers_msp432e4.aem4f : UARTMSP432E4.oem4f (.const:stopBits)

.cinit     0    00004b60    00000148     
                  00004b60    0000010d     (.cinit..data.load) [load image, compression = lzss]
                  00004c6d    00000003     --HOLE-- [fill = 0]
                  00004c70    0000000c     (__TI_handler_table)
                  00004c7c    00000004     --HOLE-- [fill = 0]
                  00004c80    00000008     (.cinit..bss.load) [load image, compression = zero_init]
                  00004c88    00000008     (.cinit..vtable.load) [load image, compression = zero_init]
                  00004c90    00000018     (__TI_cinit_table)

.init_array 
*          0    00000000    00000000     UNINITIALIZED

.vtable    0    20000000    0000026c     UNINITIALIZED
                  20000000    0000026c     msp432e4_driverlib.a : interrupt.o (.vtable)

.sysmem    0    20000270    00008000     UNINITIALIZED
                  20000270    00000010     rtsv7M4_T_le_v4SPD16_eabi.lib : memory.c.obj (.sysmem)
                  20000280    00007ff0     --HOLE--

.data      0    20008270    000004f1     UNINITIALIZED
                  20008270    0000026c     nortos_msp432e4.aem4f : HwiPMSP432E4_nortos.oem4f (.data:HwiP_dispatchTable)
                  200084dc    0000016c     drivers_msp432e4.aem4f : PowerMSP432E4.oem4f (.data:PowerMSP432E4_module)
                  20008648    000000f0     rtsv7M4_T_le_v4SPD16_eabi.lib : defs.c.obj (.data:_ftable)
                  20008738    00000008                                   : _lock.c.obj (.data:$O1$$)
                  20008740    00000008                                   : memory.c.obj (.data:$O1$$)
                  20008748    00000008     nortos_msp432e4.aem4f : SemaphoreP_nortos.oem4f (.data:SemaphoreP_defaultParams)
                  20008750    00000005                           : ClockPSysTick_nortos.oem4f (.data)
                  20008755    00000003                           : SemaphoreP_nortos.oem4f (.data)
                  20008758    00000004                           : HwiPMSP432E4_nortos.oem4f (.data)
                  2000875c    00000004     rtsv7M4_T_le_v4SPD16_eabi.lib : errno.c.obj (.data)
                  20008760    00000001     drivers_msp432e4.aem4f : UART.oem4f (.data)

.bss       0    20008768    000000c0     UNINITIALIZED
                  20008768    00000064     (.common:uartMSP432E4Objects)
                  200087cc    00000024     (.common:uartParams)
                  200087f0    00000020     ti_drivers_config.obj (.bss:uartMSP432E4RingBuffer0)
                  20008810    00000010     (.common:ClockP_ctrl)
                  20008820    00000004     nortos_msp432e4.aem4f : ClockPSysTick_nortos.oem4f (.bss)
                  20008824    00000004     (.common:uartHandle)

.stack     0    2003f000    00001000     UNINITIALIZED
                  2003f000    00000004     rtsv7M4_T_le_v4SPD16_eabi.lib : boot_cortex_m.c.obj (.stack)
                  2003f004    00000ffc     --HOLE--

__llvm_prf_cnts 
*          0    20000000    00000000     UNINITIALIZED

.binit     0    00000000    00000000     

MODULE SUMMARY

       Module                       code    ro data   rw data
       ------                       ----    -------   -------
    .\
       uart.obj                     446     0         40     
       main_nortos.obj              18      0         0      
    +--+----------------------------+-------+---------+---------+
       Total:                       464     0         40     
                                                             
    .\syscfg\
       ti_drivers_config.obj        50      66        132    
    +--+----------------------------+-------+---------+---------+
       Total:                       50      66        132    
                                                             
    D:/CCS/MSP432E4_SDK/simplelink_msp432e4_sdk_4_20_00_12/kernel/nortos/lib/nortos_msp432e4.aem4f
       HwiPMSP432E4_nortos.oem4f    278     0         624    
       ClockPSysTick_nortos.oem4f   614     0         25     
       startup_msp432e4_ccs.oem4f   40      512       0      
       SemaphoreP_nortos.oem4f      378     0         11     
       PowerMSP432E4_nortos.oem4f   16      0         0      
    +--+----------------------------+-------+---------+---------+
       Total:                       1326    512       660    
                                                             
    D:/CCS/MSP432E4_SDK/simplelink_msp432e4_sdk_4_20_00_12/source/ti/devices/msp432e4/driverlib/lib/ccs/m4f/msp432e4_driverlib.a
       sysctl.o                     1512    528       0      
       interrupt.o                  494     196       620    
       gpio.o                       766     72        0      
       uart.o                       588     0         0      
       cpu.o                        24      0         0      
       fpu.o                        24      0         0      
    +--+----------------------------+-------+---------+---------+
       Total:                       3408    796       620    
                                                             
    D:/CCS/MSP432E4_SDK/simplelink_msp432e4_sdk_4_20_00_12/source/ti/drivers/lib/drivers_msp432e4.aem4f
       UARTMSP432E4.oem4f           2914    116       0      
       PowerMSP432E4.oem4f          372     0         364    
       GPIOMSP432E4.oem4f           88      144       0      
       RingBuf.oem4f                198     0         0      
       UART.oem4f                   152     36        1      
    +--+----------------------------+-------+---------+---------+
       Total:                       3724    296       365    
                                                             
    D:\CCS\CCS10.4\ccs\tools\compiler\ti-cgt-arm_20.2.5.LTS\lib\rtsv7M4_T_le_v4SPD16_eabi.lib
       _printfi.c.obj               4851    0         0      
       memory.c.obj                 672     0         8      
       fd_add_t2.asm.obj            438     0         0      
       fd_div_t2.asm.obj            310     0         0      
       s_scalbn.c.obj               272     0         0      
       fd_cmp_t2.asm.obj            268     0         0      
       ctype.c.obj                  0       257       0      
       fd_mul_t2.asm.obj            252     0         0      
       defs.c.obj                   0       0         240    
       memcpy_t2.asm.obj            156     0         0      
       ull_div_t2.asm.obj           150     0         0      
       memset_t2.asm.obj            122     0         0      
       printf.c.obj                 112     0         0      
       copy_decompress_lzss.c.obj   104     0         0      
       s_frexp.c.obj                100     0         0      
       _ltoa.c.obj                  84      0         0      
       atoi.c.obj                   76      0         0      
       fd_toi_t2.asm.obj            72      0         0      
       autoinit.c.obj               68      0         0      
       boot_cortex_m.c.obj          52      0         0      
       i_tofd_t2.asm.obj            46      0         0      
       copy_zero_init.c.obj         28      0         0      
       memccpy.c.obj                28      0         0      
       s_copysign.c.obj             26      0         0      
       strchr.c.obj                 22      0         0      
       strlen.c.obj                 20      0         0      
       wcslen.c.obj                 18      0         0      
       copy_decompress_none.c.obj   14      0         0      
       errno.c.obj                  8       0         4      
       _lock.c.obj                  2       0         8      
       exit.c.obj                   4       0         0      
       pre_init.c.obj               4       0         0      
       div0.asm.obj                 2       0         0      
    +--+----------------------------+-------+---------+---------+
       Total:                       8381    257       260    
                                                             
       Heap:                        0       0         32768  
       Stack:                       0       0         4096   
       Linker Generated:            0       321       0      
    +--+----------------------------+-------+---------+---------+
       Grand Total:                 17353   2248      38941  


LINKER GENERATED COPY TABLES

__TI_cinit_table @ 00004c90 records: 3, size/record: 8, table size: 24
	.data: load addr=00004b60, load size=0000010d bytes, run addr=20008270, run size=000004f1 bytes, compression=lzss
	.bss: load addr=00004c80, load size=00000008 bytes, run addr=20008768, run size=000000c0 bytes, compression=zero_init
	.vtable: load addr=00004c88, load size=00000008 bytes, run addr=20000000, run size=0000026c bytes, compression=zero_init


LINKER GENERATED HANDLER TABLE

__TI_handler_table @ 00004c70 records: 3, size/record: 4, table size: 12
	index: 0, handler: __TI_zero_init
	index: 1, handler: __TI_decompress_lzss
	index: 2, handler: __TI_decompress_none


GLOBAL SYMBOLS: SORTED ALPHABETICALLY BY Name 

address   name                           
-------   ----                           
00003ecd  Board_init                     
00000c4f  Board_initHook                 
000045d5  C$$EXIT                        
00004889  CONFIG_UART_0_CONST            
00004551  CPUcpsid                       
0000455d  CPUcpsie                       
00004569  ClockP_Params_init             
00004483  ClockP_add                     
00003af7  ClockP_construct               
00004295  ClockP_create                  
20008810  ClockP_ctrl                    
00004493  ClockP_delete                  
00003db9  ClockP_destruct                
00003599  ClockP_doTick                  
000044a5  ClockP_getCpuFreq              
00004573  ClockP_isActive                
000045b9  ClockP_setTimeout              
00003efd  ClockP_start                   
00003e65  ClockP_startup                 
00003895  ClockP_stop                    
00003599  ClockP_sysTickHandler          
20008750  ClockP_tickPeriod              
000042e5  FPUEnable                      
000032d9  GPIODirModeSet                 
000043a1  GPIOMSP432E4_getGpioBaseAddr   
000043b5  GPIOMSP432E4_getPowerResourceId
00003f2d  GPIOMSP432E4_undoPinConfig     
00001491  GPIOPadConfigSet               
000038d9  GPIOPinConfigure               
00004065  GPIOPinTypeUART                
00004405  HwiP_Params_init               
00002d71  HwiP_construct                 
00003fe9  HwiP_create                    
000044b5  HwiP_delete                    
00004417  HwiP_destruct                  
000045bd  HwiP_disable                   
000045c1  HwiP_enable                    
000043c9  HwiP_inISR                     
00004591  HwiP_restore                   
20008758  HwiP_swiPIntNum                
00002b05  IntDisable                     
00002b85  IntEnable                      
000044c5  IntMasterDisable               
000044d5  IntMasterEnable                
0000349d  IntPrioritySet                 
00003335  IntRegister                    
000041d1  IntUnregister                  
00002de1  My_UART_Params_init            
000045c1  NoRTOS_start                   
00004b48  PowerMSP432E4_config           
200084dc  PowerMSP432E4_module           
000044e5  PowerMSP432E4_sleepPolicy      
000043dd  Power_disablePolicy            
000044f5  Power_enablePolicy             
000042fd  Power_idleFunc                 
000031ad  Power_init                     
00002fa1  Power_releaseDependency        
0000300d  Power_setDependency            
00004013  ReadCallBackFxn                
00004429  RingBuf_construct              
00003b37  RingBuf_get                    
00004535  RingBuf_isFull                 
00004119  RingBuf_peek                   
0000384d  RingBuf_put                    
00004505  SemaphoreP_Params_init         
000035e9  SemaphoreP_construct           
0000435d  SemaphoreP_create              
000042af  SemaphoreP_createBinary        
20008748  SemaphoreP_defaultParams       
000045c5  SemaphoreP_delete              
000024b5  SemaphoreP_pend                
0000391d  SemaphoreP_post                
00000f41  SysCtlClockFreqSet             
00003fbd  SysCtlPeripheralClockGating    
00003b79  SysCtlPeripheralDisable        
00003bb9  SysCtlPeripheralEnable         
00003bf9  SysCtlPeripheralPowerOff       
00003c39  SysCtlPeripheralPowerOn        
00003961  SysCtlPeripheralPresent        
000039a5  SysCtlPeripheralReady          
00003c79  SysCtlPeripheralSleepDisable   
00003cb9  SysCtlPeripheralSleepEnable    
00004159  UARTBusy                       
00004373  UARTCharGet                    
000041ed  UARTCharGetNonBlocking         
00004177  UARTCharPut                    
000040ad  UARTCharPutNonBlocking         
00004195  UARTCharsAvail                 
00002cfb  UARTConfigSetExpClk            
00003f5d  UARTDisable                    
000040d1  UARTEnable                     
00004315  UARTFIFOLevelSet               
00004209  UARTFlowControlSet             
0000443b  UARTIntClear                   
0000432d  UARTIntDisable                 
00004345  UARTIntEnable                  
000041b3  UARTIntStatus                  
000021dd  UARTMSP432E4_close             
00002851  UARTMSP432E4_control           
00004a5c  UARTMSP432E4_fxnTable          
000016cb  UARTMSP432E4_init              
00000c51  UARTMSP432E4_open              
00003cf9  UARTMSP432E4_read              
00003e2d  UARTMSP432E4_readCancel        
00002555  UARTMSP432E4_readPolling       
0000268f  UARTMSP432E4_write             
000037bd  UARTMSP432E4_writeCancel       
000036d9  UARTMSP432E4_writePolling      
00004515  UARTRxErrorClear               
0000444d  UARTRxErrorGet                 
00004225  UARTTxIntModeSet               
00004b3c  UART_config                    
0000488a  UART_count                     
00004aac  UART_defaultParams             
000039e9  UART_init                      
00003d39  UART_open                      
0000457d  UART_read                      
00004587  UART_write                     
20040000  __STACK_END                    
00001000  __STACK_SIZE                   
00008000  __SYSMEM_SIZE                  
00004c90  __TI_CINIT_Base                
00004ca8  __TI_CINIT_Limit               
00004c70  __TI_Handler_Table_Base        
00004c7c  __TI_Handler_Table_Limit       
00003a71  __TI_auto_init_nobinit_nopinit 
00003075  __TI_decompress_lzss           
00004543  __TI_decompress_none           
000034f1  __TI_ltoa                      
ffffffff  __TI_pprof_out_hndl            
00000201  __TI_printfi                   
ffffffff  __TI_prof_data_size            
ffffffff  __TI_prof_data_start           
00004b60  __TI_static_base__             
00004241  __TI_zero_init_nomemset        
000029f9  __aeabi_cdcmpeq                
000029f9  __aeabi_cdcmple                
00002a7f  __aeabi_cdrcmple               
00003805  __aeabi_d2iz                   
000018a7  __aeabi_dadd                   
00001b91  __aeabi_ddiv                   
00001ffd  __aeabi_dmul                   
0000189d  __aeabi_dsub                   
00004599  __aeabi_errno_addr             
00003f8d  __aeabi_i2d                    
00003b77  __aeabi_idiv0                  
00003b77  __aeabi_ldiv0                  
00002c81  __aeabi_memclr                 
00002c81  __aeabi_memclr4                
00002c81  __aeabi_memclr8                
000025f3  __aeabi_memcpy                 
000025f3  __aeabi_memcpy4                
000025f3  __aeabi_memcpy8                
00002c83  __aeabi_memset                 
00002c83  __aeabi_memset4                
00002c83  __aeabi_memset8                
00002727  __aeabi_uldivmod               
ffffffff  __binit__                      
ffffffff  __c_args__                     
UNDEFED   __mpu_init                     
2003f000  __stack                        
20000000  __start___llvm_prf_cnts        
20000000  __stop___llvm_prf_cnts         
00003e99  _c_int00_noargs                
00004788  _ctypes_                       
20008648  _ftable                        
20008738  _lock                          
00001cc7  _nop                           
20000270  _sys_memory                    
UNDEFED   _system_post_cinit             
000045d1  _system_pre_init               
2000873c  _unlock                        
000045d5  abort                          
00001efd  aligned_alloc                  
00003725  atoi                           
ffffffff  binit                          
00002f9f  clkFxn                         
000042c9  copysign                       
000042c9  copysignl                      
00003ab5  delay                          
2000875c  errno                          
000040f5  fputc                          
00003689  fputs                          
000020f9  free                           
00003211  frexp                          
00003211  frexpl                         
20000000  g_pfnRAMVectors                
00001ded  ldexp                          
00001ded  ldexpl                         
0000445f  main                           
00002e51  mainThread                     
000045a1  malloc                         
00001efd  memalign                       
00004279  memccpy                        
000025f3  memcpy                         
00002c89  memset                         
000030dd  printf                         
00004139  resetISR                       
00000000  resetVectors                   
00001ded  scalbn                         
00001ded  scalbnl                        
00004389  strchr                         
000043f1  strlen                         
20008824  uartHandle                     
20008768  uartMSP432E4Objects            
200087cc  uartParams                     
00004471  wcslen                         


GLOBAL SYMBOLS: SORTED BY Symbol Address 

address   name                           
-------   ----                           
00000000  resetVectors                   
00000201  __TI_printfi                   
00000c4f  Board_initHook                 
00000c51  UARTMSP432E4_open              
00000f41  SysCtlClockFreqSet             
00001000  __STACK_SIZE                   
00001491  GPIOPadConfigSet               
000016cb  UARTMSP432E4_init              
0000189d  __aeabi_dsub                   
000018a7  __aeabi_dadd                   
00001b91  __aeabi_ddiv                   
00001cc7  _nop                           
00001ded  ldexp                          
00001ded  ldexpl                         
00001ded  scalbn                         
00001ded  scalbnl                        
00001efd  aligned_alloc                  
00001efd  memalign                       
00001ffd  __aeabi_dmul                   
000020f9  free                           
000021dd  UARTMSP432E4_close             
000024b5  SemaphoreP_pend                
00002555  UARTMSP432E4_readPolling       
000025f3  __aeabi_memcpy                 
000025f3  __aeabi_memcpy4                
000025f3  __aeabi_memcpy8                
000025f3  memcpy                         
0000268f  UARTMSP432E4_write             
00002727  __aeabi_uldivmod               
00002851  UARTMSP432E4_control           
000029f9  __aeabi_cdcmpeq                
000029f9  __aeabi_cdcmple                
00002a7f  __aeabi_cdrcmple               
00002b05  IntDisable                     
00002b85  IntEnable                      
00002c81  __aeabi_memclr                 
00002c81  __aeabi_memclr4                
00002c81  __aeabi_memclr8                
00002c83  __aeabi_memset                 
00002c83  __aeabi_memset4                
00002c83  __aeabi_memset8                
00002c89  memset                         
00002cfb  UARTConfigSetExpClk            
00002d71  HwiP_construct                 
00002de1  My_UART_Params_init            
00002e51  mainThread                     
00002f9f  clkFxn                         
00002fa1  Power_releaseDependency        
0000300d  Power_setDependency            
00003075  __TI_decompress_lzss           
000030dd  printf                         
000031ad  Power_init                     
00003211  frexp                          
00003211  frexpl                         
000032d9  GPIODirModeSet                 
00003335  IntRegister                    
0000349d  IntPrioritySet                 
000034f1  __TI_ltoa                      
00003599  ClockP_doTick                  
00003599  ClockP_sysTickHandler          
000035e9  SemaphoreP_construct           
00003689  fputs                          
000036d9  UARTMSP432E4_writePolling      
00003725  atoi                           
000037bd  UARTMSP432E4_writeCancel       
00003805  __aeabi_d2iz                   
0000384d  RingBuf_put                    
00003895  ClockP_stop                    
000038d9  GPIOPinConfigure               
0000391d  SemaphoreP_post                
00003961  SysCtlPeripheralPresent        
000039a5  SysCtlPeripheralReady          
000039e9  UART_init                      
00003a71  __TI_auto_init_nobinit_nopinit 
00003ab5  delay                          
00003af7  ClockP_construct               
00003b37  RingBuf_get                    
00003b77  __aeabi_idiv0                  
00003b77  __aeabi_ldiv0                  
00003b79  SysCtlPeripheralDisable        
00003bb9  SysCtlPeripheralEnable         
00003bf9  SysCtlPeripheralPowerOff       
00003c39  SysCtlPeripheralPowerOn        
00003c79  SysCtlPeripheralSleepDisable   
00003cb9  SysCtlPeripheralSleepEnable    
00003cf9  UARTMSP432E4_read              
00003d39  UART_open                      
00003db9  ClockP_destruct                
00003e2d  UARTMSP432E4_readCancel        
00003e65  ClockP_startup                 
00003e99  _c_int00_noargs                
00003ecd  Board_init                     
00003efd  ClockP_start                   
00003f2d  GPIOMSP432E4_undoPinConfig     
00003f5d  UARTDisable                    
00003f8d  __aeabi_i2d                    
00003fbd  SysCtlPeripheralClockGating    
00003fe9  HwiP_create                    
00004013  ReadCallBackFxn                
00004065  GPIOPinTypeUART                
000040ad  UARTCharPutNonBlocking         
000040d1  UARTEnable                     
000040f5  fputc                          
00004119  RingBuf_peek                   
00004139  resetISR                       
00004159  UARTBusy                       
00004177  UARTCharPut                    
00004195  UARTCharsAvail                 
000041b3  UARTIntStatus                  
000041d1  IntUnregister                  
000041ed  UARTCharGetNonBlocking         
00004209  UARTFlowControlSet             
00004225  UARTTxIntModeSet               
00004241  __TI_zero_init_nomemset        
00004279  memccpy                        
00004295  ClockP_create                  
000042af  SemaphoreP_createBinary        
000042c9  copysign                       
000042c9  copysignl                      
000042e5  FPUEnable                      
000042fd  Power_idleFunc                 
00004315  UARTFIFOLevelSet               
0000432d  UARTIntDisable                 
00004345  UARTIntEnable                  
0000435d  SemaphoreP_create              
00004373  UARTCharGet                    
00004389  strchr                         
000043a1  GPIOMSP432E4_getGpioBaseAddr   
000043b5  GPIOMSP432E4_getPowerResourceId
000043c9  HwiP_inISR                     
000043dd  Power_disablePolicy            
000043f1  strlen                         
00004405  HwiP_Params_init               
00004417  HwiP_destruct                  
00004429  RingBuf_construct              
0000443b  UARTIntClear                   
0000444d  UARTRxErrorGet                 
0000445f  main                           
00004471  wcslen                         
00004483  ClockP_add                     
00004493  ClockP_delete                  
000044a5  ClockP_getCpuFreq              
000044b5  HwiP_delete                    
000044c5  IntMasterDisable               
000044d5  IntMasterEnable                
000044e5  PowerMSP432E4_sleepPolicy      
000044f5  Power_enablePolicy             
00004505  SemaphoreP_Params_init         
00004515  UARTRxErrorClear               
00004535  RingBuf_isFull                 
00004543  __TI_decompress_none           
00004551  CPUcpsid                       
0000455d  CPUcpsie                       
00004569  ClockP_Params_init             
00004573  ClockP_isActive                
0000457d  UART_read                      
00004587  UART_write                     
00004591  HwiP_restore                   
00004599  __aeabi_errno_addr             
000045a1  malloc                         
000045b9  ClockP_setTimeout              
000045bd  HwiP_disable                   
000045c1  HwiP_enable                    
000045c1  NoRTOS_start                   
000045c5  SemaphoreP_delete              
000045d1  _system_pre_init               
000045d5  C$$EXIT                        
000045d5  abort                          
00004788  _ctypes_                       
00004889  CONFIG_UART_0_CONST            
0000488a  UART_count                     
00004a5c  UARTMSP432E4_fxnTable          
00004aac  UART_defaultParams             
00004b3c  UART_config                    
00004b48  PowerMSP432E4_config           
00004b60  __TI_static_base__             
00004c70  __TI_Handler_Table_Base        
00004c7c  __TI_Handler_Table_Limit       
00004c90  __TI_CINIT_Base                
00004ca8  __TI_CINIT_Limit               
00008000  __SYSMEM_SIZE                  
20000000  __start___llvm_prf_cnts        
20000000  __stop___llvm_prf_cnts         
20000000  g_pfnRAMVectors                
20000270  _sys_memory                    
200084dc  PowerMSP432E4_module           
20008648  _ftable                        
20008738  _lock                          
2000873c  _unlock                        
20008748  SemaphoreP_defaultParams       
20008750  ClockP_tickPeriod              
20008758  HwiP_swiPIntNum                
2000875c  errno                          
20008768  uartMSP432E4Objects            
200087cc  uartParams                     
20008810  ClockP_ctrl                    
20008824  uartHandle                     
2003f000  __stack                        
20040000  __STACK_END                    
ffffffff  __TI_pprof_out_hndl            
ffffffff  __TI_prof_data_size            
ffffffff  __TI_prof_data_start           
ffffffff  __binit__                      
ffffffff  __c_args__                     
ffffffff  binit                          
UNDEFED   __mpu_init                     
UNDEFED   _system_post_cinit             

[207 symbols]
