<?xml version="1.0" encoding="ISO-8859-1" ?>
<link_info>
   <banner>TI ARM Linker PC v20.2.5.LTS</banner>
   <copyright>Copyright (c) 1996-2018 Texas Instruments Incorporated</copyright>
   <link_time>0x61189406</link_time>
   <link_errors>0x0</link_errors>
   <output_file>03.UART.out</output_file>
   <entry_point>
      <name>resetISR</name>
      <address>0x4139</address>
   </entry_point>
   <input_file_list>
      <input_file id="fl-2">
         <path>.\</path>
         <kind>object</kind>
         <file>main_nortos.obj</file>
         <name>main_nortos.obj</name>
      </input_file>
      <input_file id="fl-3">
         <path>.\</path>
         <kind>object</kind>
         <file>uart.obj</file>
         <name>uart.obj</name>
      </input_file>
      <input_file id="fl-4">
         <path>.\syscfg\</path>
         <kind>object</kind>
         <file>ti_drivers_config.obj</file>
         <name>ti_drivers_config.obj</name>
      </input_file>
      <input_file id="fl-f">
         <kind>object</kind>
         <file>&lt;internal&gt;</file>
         <name>&lt;internal&gt;</name>
      </input_file>
      <input_file id="fl-10">
         <path>D:\CCS\MSP432E4_SDK\simplelink_msp432e4_sdk_4_20_00_12\source\ti\drivers\lib\</path>
         <kind>archive</kind>
         <file>drivers_msp432e4.aem4f</file>
         <name>PowerMSP432E4.oem4f</name>
      </input_file>
      <input_file id="fl-11">
         <path>D:\CCS\MSP432E4_SDK\simplelink_msp432e4_sdk_4_20_00_12\source\ti\drivers\lib\</path>
         <kind>archive</kind>
         <file>drivers_msp432e4.aem4f</file>
         <name>UART.oem4f</name>
      </input_file>
      <input_file id="fl-12">
         <path>D:\CCS\MSP432E4_SDK\simplelink_msp432e4_sdk_4_20_00_12\source\ti\drivers\lib\</path>
         <kind>archive</kind>
         <file>drivers_msp432e4.aem4f</file>
         <name>UARTMSP432E4.oem4f</name>
      </input_file>
      <input_file id="fl-13">
         <path>D:\CCS\MSP432E4_SDK\simplelink_msp432e4_sdk_4_20_00_12\source\ti\drivers\lib\</path>
         <kind>archive</kind>
         <file>drivers_msp432e4.aem4f</file>
         <name>RingBuf.oem4f</name>
      </input_file>
      <input_file id="fl-14">
         <path>D:\CCS\MSP432E4_SDK\simplelink_msp432e4_sdk_4_20_00_12\source\ti\drivers\lib\</path>
         <kind>archive</kind>
         <file>drivers_msp432e4.aem4f</file>
         <name>GPIOMSP432E4.oem4f</name>
      </input_file>
      <input_file id="fl-15">
         <path>D:\CCS\MSP432E4_SDK\simplelink_msp432e4_sdk_4_20_00_12\kernel\nortos\lib\</path>
         <kind>archive</kind>
         <file>nortos_msp432e4.aem4f</file>
         <name>NoRTOS.oem4f</name>
      </input_file>
      <input_file id="fl-16">
         <path>D:\CCS\MSP432E4_SDK\simplelink_msp432e4_sdk_4_20_00_12\kernel\nortos\lib\</path>
         <kind>archive</kind>
         <file>nortos_msp432e4.aem4f</file>
         <name>SemaphoreP_nortos.oem4f</name>
      </input_file>
      <input_file id="fl-17">
         <path>D:\CCS\MSP432E4_SDK\simplelink_msp432e4_sdk_4_20_00_12\kernel\nortos\lib\</path>
         <kind>archive</kind>
         <file>nortos_msp432e4.aem4f</file>
         <name>ClockPSysTick_nortos.oem4f</name>
      </input_file>
      <input_file id="fl-18">
         <path>D:\CCS\MSP432E4_SDK\simplelink_msp432e4_sdk_4_20_00_12\kernel\nortos\lib\</path>
         <kind>archive</kind>
         <file>nortos_msp432e4.aem4f</file>
         <name>HwiPMSP432E4_nortos.oem4f</name>
      </input_file>
      <input_file id="fl-19">
         <path>D:\CCS\MSP432E4_SDK\simplelink_msp432e4_sdk_4_20_00_12\kernel\nortos\lib\</path>
         <kind>archive</kind>
         <file>nortos_msp432e4.aem4f</file>
         <name>PowerMSP432E4_nortos.oem4f</name>
      </input_file>
      <input_file id="fl-1a">
         <path>D:\CCS\MSP432E4_SDK\simplelink_msp432e4_sdk_4_20_00_12\kernel\nortos\lib\</path>
         <kind>archive</kind>
         <file>nortos_msp432e4.aem4f</file>
         <name>startup_msp432e4_ccs.oem4f</name>
      </input_file>
      <input_file id="fl-1b">
         <path>D:\CCS\MSP432E4_SDK\simplelink_msp432e4_sdk_4_20_00_12\source\ti\devices\msp432e4\driverlib\lib\ccs\m4f\</path>
         <kind>archive</kind>
         <file>msp432e4_driverlib.a</file>
         <name>fpu.o</name>
      </input_file>
      <input_file id="fl-1c">
         <path>D:\CCS\MSP432E4_SDK\simplelink_msp432e4_sdk_4_20_00_12\source\ti\devices\msp432e4\driverlib\lib\ccs\m4f\</path>
         <kind>archive</kind>
         <file>msp432e4_driverlib.a</file>
         <name>gpio.o</name>
      </input_file>
      <input_file id="fl-1d">
         <path>D:\CCS\MSP432E4_SDK\simplelink_msp432e4_sdk_4_20_00_12\source\ti\devices\msp432e4\driverlib\lib\ccs\m4f\</path>
         <kind>archive</kind>
         <file>msp432e4_driverlib.a</file>
         <name>interrupt.o</name>
      </input_file>
      <input_file id="fl-1e">
         <path>D:\CCS\MSP432E4_SDK\simplelink_msp432e4_sdk_4_20_00_12\source\ti\devices\msp432e4\driverlib\lib\ccs\m4f\</path>
         <kind>archive</kind>
         <file>msp432e4_driverlib.a</file>
         <name>sysctl.o</name>
      </input_file>
      <input_file id="fl-1f">
         <path>D:\CCS\MSP432E4_SDK\simplelink_msp432e4_sdk_4_20_00_12\source\ti\devices\msp432e4\driverlib\lib\ccs\m4f\</path>
         <kind>archive</kind>
         <file>msp432e4_driverlib.a</file>
         <name>uart.o</name>
      </input_file>
      <input_file id="fl-20">
         <path>D:\CCS\MSP432E4_SDK\simplelink_msp432e4_sdk_4_20_00_12\source\ti\devices\msp432e4\driverlib\lib\ccs\m4f\</path>
         <kind>archive</kind>
         <file>msp432e4_driverlib.a</file>
         <name>cpu.o</name>
      </input_file>
      <input_file id="fl-d6">
         <path>D:\CCS\CCS10.4\ccs\tools\compiler\ti-cgt-arm_20.2.5.LTS\lib\</path>
         <kind>archive</kind>
         <file>rtsv7M4_T_le_v4SPD16_eabi.lib</file>
         <name>printf.c.obj</name>
      </input_file>
      <input_file id="fl-d7">
         <path>D:\CCS\CCS10.4\ccs\tools\compiler\ti-cgt-arm_20.2.5.LTS\lib\</path>
         <kind>archive</kind>
         <file>rtsv7M4_T_le_v4SPD16_eabi.lib</file>
         <name>_printfi.c.obj</name>
      </input_file>
      <input_file id="fl-d8">
         <path>D:\CCS\CCS10.4\ccs\tools\compiler\ti-cgt-arm_20.2.5.LTS\lib\</path>
         <kind>archive</kind>
         <file>rtsv7M4_T_le_v4SPD16_eabi.lib</file>
         <name>s_frexp.c.obj</name>
      </input_file>
      <input_file id="fl-d9">
         <path>D:\CCS\CCS10.4\ccs\tools\compiler\ti-cgt-arm_20.2.5.LTS\lib\</path>
         <kind>archive</kind>
         <file>rtsv7M4_T_le_v4SPD16_eabi.lib</file>
         <name>s_scalbn.c.obj</name>
      </input_file>
      <input_file id="fl-da">
         <path>D:\CCS\CCS10.4\ccs\tools\compiler\ti-cgt-arm_20.2.5.LTS\lib\</path>
         <kind>archive</kind>
         <file>rtsv7M4_T_le_v4SPD16_eabi.lib</file>
         <name>wcslen.c.obj</name>
      </input_file>
      <input_file id="fl-db">
         <path>D:\CCS\CCS10.4\ccs\tools\compiler\ti-cgt-arm_20.2.5.LTS\lib\</path>
         <kind>archive</kind>
         <file>rtsv7M4_T_le_v4SPD16_eabi.lib</file>
         <name>fd_add_t2.asm.obj</name>
      </input_file>
      <input_file id="fl-dc">
         <path>D:\CCS\CCS10.4\ccs\tools\compiler\ti-cgt-arm_20.2.5.LTS\lib\</path>
         <kind>archive</kind>
         <file>rtsv7M4_T_le_v4SPD16_eabi.lib</file>
         <name>fd_cmp_t2.asm.obj</name>
      </input_file>
      <input_file id="fl-dd">
         <path>D:\CCS\CCS10.4\ccs\tools\compiler\ti-cgt-arm_20.2.5.LTS\lib\</path>
         <kind>archive</kind>
         <file>rtsv7M4_T_le_v4SPD16_eabi.lib</file>
         <name>fd_div_t2.asm.obj</name>
      </input_file>
      <input_file id="fl-de">
         <path>D:\CCS\CCS10.4\ccs\tools\compiler\ti-cgt-arm_20.2.5.LTS\lib\</path>
         <kind>archive</kind>
         <file>rtsv7M4_T_le_v4SPD16_eabi.lib</file>
         <name>fd_mul_t2.asm.obj</name>
      </input_file>
      <input_file id="fl-df">
         <path>D:\CCS\CCS10.4\ccs\tools\compiler\ti-cgt-arm_20.2.5.LTS\lib\</path>
         <kind>archive</kind>
         <file>rtsv7M4_T_le_v4SPD16_eabi.lib</file>
         <name>fd_toi_t2.asm.obj</name>
      </input_file>
      <input_file id="fl-e0">
         <path>D:\CCS\CCS10.4\ccs\tools\compiler\ti-cgt-arm_20.2.5.LTS\lib\</path>
         <kind>archive</kind>
         <file>rtsv7M4_T_le_v4SPD16_eabi.lib</file>
         <name>i_tofd_t2.asm.obj</name>
      </input_file>
      <input_file id="fl-e1">
         <path>D:\CCS\CCS10.4\ccs\tools\compiler\ti-cgt-arm_20.2.5.LTS\lib\</path>
         <kind>archive</kind>
         <file>rtsv7M4_T_le_v4SPD16_eabi.lib</file>
         <name>ll_mul_t2.asm.obj</name>
      </input_file>
      <input_file id="fl-e2">
         <path>D:\CCS\CCS10.4\ccs\tools\compiler\ti-cgt-arm_20.2.5.LTS\lib\</path>
         <kind>archive</kind>
         <file>rtsv7M4_T_le_v4SPD16_eabi.lib</file>
         <name>ull_div_t2.asm.obj</name>
      </input_file>
      <input_file id="fl-e3">
         <path>D:\CCS\CCS10.4\ccs\tools\compiler\ti-cgt-arm_20.2.5.LTS\lib\</path>
         <kind>archive</kind>
         <file>rtsv7M4_T_le_v4SPD16_eabi.lib</file>
         <name>memset_t2.asm.obj</name>
      </input_file>
      <input_file id="fl-e4">
         <path>D:\CCS\CCS10.4\ccs\tools\compiler\ti-cgt-arm_20.2.5.LTS\lib\</path>
         <kind>archive</kind>
         <file>rtsv7M4_T_le_v4SPD16_eabi.lib</file>
         <name>copy_zero_init.c.obj</name>
      </input_file>
      <input_file id="fl-e5">
         <path>D:\CCS\CCS10.4\ccs\tools\compiler\ti-cgt-arm_20.2.5.LTS\lib\</path>
         <kind>archive</kind>
         <file>rtsv7M4_T_le_v4SPD16_eabi.lib</file>
         <name>copy_decompress_none.c.obj</name>
      </input_file>
      <input_file id="fl-e6">
         <path>D:\CCS\CCS10.4\ccs\tools\compiler\ti-cgt-arm_20.2.5.LTS\lib\</path>
         <kind>archive</kind>
         <file>rtsv7M4_T_le_v4SPD16_eabi.lib</file>
         <name>copy_decompress_lzss.c.obj</name>
      </input_file>
      <input_file id="fl-e7">
         <path>D:\CCS\CCS10.4\ccs\tools\compiler\ti-cgt-arm_20.2.5.LTS\lib\</path>
         <kind>archive</kind>
         <file>rtsv7M4_T_le_v4SPD16_eabi.lib</file>
         <name>_lock.c.obj</name>
      </input_file>
      <input_file id="fl-e8">
         <path>D:\CCS\CCS10.4\ccs\tools\compiler\ti-cgt-arm_20.2.5.LTS\lib\</path>
         <kind>archive</kind>
         <file>rtsv7M4_T_le_v4SPD16_eabi.lib</file>
         <name>_ltoa.c.obj</name>
      </input_file>
      <input_file id="fl-e9">
         <path>D:\CCS\CCS10.4\ccs\tools\compiler\ti-cgt-arm_20.2.5.LTS\lib\</path>
         <kind>archive</kind>
         <file>rtsv7M4_T_le_v4SPD16_eabi.lib</file>
         <name>atoi.c.obj</name>
      </input_file>
      <input_file id="fl-ea">
         <path>D:\CCS\CCS10.4\ccs\tools\compiler\ti-cgt-arm_20.2.5.LTS\lib\</path>
         <kind>archive</kind>
         <file>rtsv7M4_T_le_v4SPD16_eabi.lib</file>
         <name>ctype.c.obj</name>
      </input_file>
      <input_file id="fl-eb">
         <path>D:\CCS\CCS10.4\ccs\tools\compiler\ti-cgt-arm_20.2.5.LTS\lib\</path>
         <kind>archive</kind>
         <file>rtsv7M4_T_le_v4SPD16_eabi.lib</file>
         <name>defs.c.obj</name>
      </input_file>
      <input_file id="fl-ec">
         <path>D:\CCS\CCS10.4\ccs\tools\compiler\ti-cgt-arm_20.2.5.LTS\lib\</path>
         <kind>archive</kind>
         <file>rtsv7M4_T_le_v4SPD16_eabi.lib</file>
         <name>memccpy.c.obj</name>
      </input_file>
      <input_file id="fl-ed">
         <path>D:\CCS\CCS10.4\ccs\tools\compiler\ti-cgt-arm_20.2.5.LTS\lib\</path>
         <kind>archive</kind>
         <file>rtsv7M4_T_le_v4SPD16_eabi.lib</file>
         <name>memory.c.obj</name>
      </input_file>
      <input_file id="fl-ee">
         <path>D:\CCS\CCS10.4\ccs\tools\compiler\ti-cgt-arm_20.2.5.LTS\lib\</path>
         <kind>archive</kind>
         <file>rtsv7M4_T_le_v4SPD16_eabi.lib</file>
         <name>strchr.c.obj</name>
      </input_file>
      <input_file id="fl-ef">
         <path>D:\CCS\CCS10.4\ccs\tools\compiler\ti-cgt-arm_20.2.5.LTS\lib\</path>
         <kind>archive</kind>
         <file>rtsv7M4_T_le_v4SPD16_eabi.lib</file>
         <name>strlen.c.obj</name>
      </input_file>
      <input_file id="fl-f0">
         <path>D:\CCS\CCS10.4\ccs\tools\compiler\ti-cgt-arm_20.2.5.LTS\lib\</path>
         <kind>archive</kind>
         <file>rtsv7M4_T_le_v4SPD16_eabi.lib</file>
         <name>errno.c.obj</name>
      </input_file>
      <input_file id="fl-f1">
         <path>D:\CCS\CCS10.4\ccs\tools\compiler\ti-cgt-arm_20.2.5.LTS\lib\</path>
         <kind>archive</kind>
         <file>rtsv7M4_T_le_v4SPD16_eabi.lib</file>
         <name>boot_cortex_m.c.obj</name>
      </input_file>
      <input_file id="fl-f2">
         <path>D:\CCS\CCS10.4\ccs\tools\compiler\ti-cgt-arm_20.2.5.LTS\lib\</path>
         <kind>archive</kind>
         <file>rtsv7M4_T_le_v4SPD16_eabi.lib</file>
         <name>s_copysign.c.obj</name>
      </input_file>
      <input_file id="fl-f3">
         <path>D:\CCS\CCS10.4\ccs\tools\compiler\ti-cgt-arm_20.2.5.LTS\lib\</path>
         <kind>archive</kind>
         <file>rtsv7M4_T_le_v4SPD16_eabi.lib</file>
         <name>div0.asm.obj</name>
      </input_file>
      <input_file id="fl-f4">
         <path>D:\CCS\CCS10.4\ccs\tools\compiler\ti-cgt-arm_20.2.5.LTS\lib\</path>
         <kind>archive</kind>
         <file>rtsv7M4_T_le_v4SPD16_eabi.lib</file>
         <name>memcpy_t2.asm.obj</name>
      </input_file>
      <input_file id="fl-f5">
         <path>D:\CCS\CCS10.4\ccs\tools\compiler\ti-cgt-arm_20.2.5.LTS\lib\</path>
         <kind>archive</kind>
         <file>rtsv7M4_T_le_v4SPD16_eabi.lib</file>
         <name>autoinit.c.obj</name>
      </input_file>
      <input_file id="fl-f6">
         <path>D:\CCS\CCS10.4\ccs\tools\compiler\ti-cgt-arm_20.2.5.LTS\lib\</path>
         <kind>archive</kind>
         <file>rtsv7M4_T_le_v4SPD16_eabi.lib</file>
         <name>pre_init.c.obj</name>
      </input_file>
      <input_file id="fl-f7">
         <path>D:\CCS\CCS10.4\ccs\tools\compiler\ti-cgt-arm_20.2.5.LTS\lib\</path>
         <kind>archive</kind>
         <file>rtsv7M4_T_le_v4SPD16_eabi.lib</file>
         <name>cpy_tbl.c.obj</name>
      </input_file>
      <input_file id="fl-f8">
         <path>D:\CCS\CCS10.4\ccs\tools\compiler\ti-cgt-arm_20.2.5.LTS\lib\</path>
         <kind>archive</kind>
         <file>rtsv7M4_T_le_v4SPD16_eabi.lib</file>
         <name>exit.c.obj</name>
      </input_file>
      <input_file id="fl-f9">
         <path>D:\CCS\CCS10.4\ccs\tools\compiler\ti-cgt-arm_20.2.5.LTS\lib\</path>
         <kind>archive</kind>
         <file>rtsv7M4_T_le_v4SPD16_eabi.lib</file>
         <name>args_main.c.obj</name>
      </input_file>
   </input_file_list>
   <object_component_list>
      <object_component id="oc-29e">
         <name>.text:__TI_printfi</name>
         <load_address>0x200</load_address>
         <run_address>0x200</run_address>
         <size>0xa4e</size>
         <input_file_ref idref="fl-d7"/>
      </object_component>
      <object_component id="oc-1f7">
         <name>.text:Board_initHook</name>
         <load_address>0xc4e</load_address>
         <run_address>0xc4e</run_address>
         <size>0x2</size>
         <input_file_ref idref="fl-4"/>
      </object_component>
      <object_component id="oc-3a8">
         <name>.text:UARTMSP432E4_open</name>
         <load_address>0xc50</load_address>
         <run_address>0xc50</run_address>
         <size>0x2f0</size>
         <input_file_ref idref="fl-12"/>
      </object_component>
      <object_component id="oc-5e">
         <name>.text:SysCtlClockFreqSet</name>
         <load_address>0xf40</load_address>
         <run_address>0xf40</run_address>
         <size>0x2e0</size>
         <input_file_ref idref="fl-1e"/>
      </object_component>
      <object_component id="oc-33d">
         <name>.text:_pconv_a</name>
         <load_address>0x1220</load_address>
         <run_address>0x1220</run_address>
         <size>0x270</size>
         <input_file_ref idref="fl-d7"/>
      </object_component>
      <object_component id="oc-609">
         <name>.text:GPIOPadConfigSet</name>
         <load_address>0x1490</load_address>
         <run_address>0x1490</run_address>
         <size>0x23a</size>
         <input_file_ref idref="fl-1c"/>
      </object_component>
      <object_component id="oc-3a2">
         <name>.text:UARTMSP432E4_init</name>
         <load_address>0x16ca</load_address>
         <run_address>0x16ca</run_address>
         <size>0x2</size>
         <input_file_ref idref="fl-12"/>
      </object_component>
      <object_component id="oc-32b">
         <name>.text:_pconv_g</name>
         <load_address>0x16cc</load_address>
         <run_address>0x16cc</run_address>
         <size>0x1d0</size>
         <input_file_ref idref="fl-d7"/>
      </object_component>
      <object_component id="oc-409">
         <name>.text</name>
         <load_address>0x189c</load_address>
         <run_address>0x189c</run_address>
         <size>0x1b6</size>
         <input_file_ref idref="fl-db"/>
      </object_component>
      <object_component id="oc-78e">
         <name>.text:_IntDefaultHandler</name>
         <load_address>0x1a52</load_address>
         <run_address>0x1a52</run_address>
         <size>0x2</size>
         <input_file_ref idref="fl-1d"/>
      </object_component>
      <object_component id="oc-337">
         <name>.text:_pconv_e</name>
         <load_address>0x1a54</load_address>
         <run_address>0x1a54</run_address>
         <size>0x13c</size>
         <input_file_ref idref="fl-d7"/>
      </object_component>
      <object_component id="oc-3ef">
         <name>.text</name>
         <load_address>0x1b90</load_address>
         <run_address>0x1b90</run_address>
         <size>0x136</size>
         <input_file_ref idref="fl-dd"/>
      </object_component>
      <object_component id="oc-2bd">
         <name>.text:_nop</name>
         <load_address>0x1cc6</load_address>
         <run_address>0x1cc6</run_address>
         <size>0x2</size>
         <input_file_ref idref="fl-e7"/>
      </object_component>
      <object_component id="oc-41b">
         <name>.text:fcvt</name>
         <load_address>0x1cc8</load_address>
         <run_address>0x1cc8</run_address>
         <size>0x124</size>
         <input_file_ref idref="fl-d7"/>
      </object_component>
      <object_component id="oc-42f">
         <name>.text:scalbn</name>
         <load_address>0x1dec</load_address>
         <run_address>0x1dec</run_address>
         <size>0x110</size>
         <input_file_ref idref="fl-d9"/>
      </object_component>
      <object_component id="oc-71c">
         <name>.text:aligned_alloc</name>
         <load_address>0x1efc</load_address>
         <run_address>0x1efc</run_address>
         <size>0x100</size>
         <input_file_ref idref="fl-ed"/>
      </object_component>
      <object_component id="oc-3ea">
         <name>.text</name>
         <load_address>0x1ffc</load_address>
         <run_address>0x1ffc</run_address>
         <size>0xfc</size>
         <input_file_ref idref="fl-de"/>
      </object_component>
      <object_component id="oc-5ce">
         <name>.text:free</name>
         <load_address>0x20f8</load_address>
         <run_address>0x20f8</run_address>
         <size>0xe4</size>
         <input_file_ref idref="fl-ed"/>
      </object_component>
      <object_component id="oc-396">
         <name>.text:UARTMSP432E4_close</name>
         <load_address>0x21dc</load_address>
         <run_address>0x21dc</run_address>
         <size>0xbe</size>
         <input_file_ref idref="fl-12"/>
      </object_component>
      <object_component id="oc-650">
         <name>.text:readTaskCallback</name>
         <load_address>0x229a</load_address>
         <run_address>0x229a</run_address>
         <size>0xb6</size>
         <input_file_ref idref="fl-12"/>
      </object_component>
      <object_component id="oc-320">
         <name>.text:_ltostr</name>
         <load_address>0x2350</load_address>
         <run_address>0x2350</run_address>
         <size>0xb1</size>
         <input_file_ref idref="fl-d7"/>
      </object_component>
      <object_component id="oc-63e">
         <name>.text:readTaskBlocking</name>
         <load_address>0x2402</load_address>
         <run_address>0x2402</run_address>
         <size>0xb0</size>
         <input_file_ref idref="fl-12"/>
      </object_component>
      <object_component id="oc-78">
         <name>.text:busFaultHandler</name>
         <load_address>0x24b2</load_address>
         <run_address>0x24b2</run_address>
         <size>0x2</size>
         <input_file_ref idref="fl-1a"/>
      </object_component>
      <object_component id="oc-55b">
         <name>.text:SemaphoreP_pend</name>
         <load_address>0x24b4</load_address>
         <run_address>0x24b4</run_address>
         <size>0xa0</size>
         <input_file_ref idref="fl-16"/>
      </object_component>
      <object_component id="oc-3b4">
         <name>.text:UARTMSP432E4_readPolling</name>
         <load_address>0x2554</load_address>
         <run_address>0x2554</run_address>
         <size>0x9e</size>
         <input_file_ref idref="fl-12"/>
      </object_component>
      <object_component id="oc-3a">
         <name>.text</name>
         <load_address>0x25f2</load_address>
         <run_address>0x25f2</run_address>
         <size>0x9c</size>
         <input_file_ref idref="fl-f4"/>
      </object_component>
      <object_component id="oc-3c0">
         <name>.text:UARTMSP432E4_write</name>
         <load_address>0x268e</load_address>
         <run_address>0x268e</run_address>
         <size>0x98</size>
         <input_file_ref idref="fl-12"/>
      </object_component>
      <object_component id="oc-3e3">
         <name>.text</name>
         <load_address>0x2726</load_address>
         <run_address>0x2726</run_address>
         <size>0x96</size>
         <input_file_ref idref="fl-e2"/>
      </object_component>
      <object_component id="oc-644">
         <name>.text:readIsrTextBlocking</name>
         <load_address>0x27bc</load_address>
         <run_address>0x27bc</run_address>
         <size>0x94</size>
         <input_file_ref idref="fl-12"/>
      </object_component>
      <object_component id="oc-39c">
         <name>.text:UARTMSP432E4_control</name>
         <load_address>0x2850</load_address>
         <run_address>0x2850</run_address>
         <size>0x90</size>
         <input_file_ref idref="fl-12"/>
      </object_component>
      <object_component id="oc-bb">
         <name>.text:_SysCtlFrequencyGet</name>
         <load_address>0x28e0</load_address>
         <run_address>0x28e0</run_address>
         <size>0x90</size>
         <input_file_ref idref="fl-1e"/>
      </object_component>
      <object_component id="oc-656">
         <name>.text:readIsrTextCallback</name>
         <load_address>0x2970</load_address>
         <run_address>0x2970</run_address>
         <size>0x88</size>
         <input_file_ref idref="fl-12"/>
      </object_component>
      <object_component id="oc-326">
         <name>.text:__aeabi_cdcmple</name>
         <load_address>0x29f8</load_address>
         <run_address>0x29f8</run_address>
         <size>0x86</size>
         <input_file_ref idref="fl-dc"/>
      </object_component>
      <object_component id="oc-3f4">
         <name>.text:__aeabi_cdrcmple</name>
         <load_address>0x2a7e</load_address>
         <run_address>0x2a7e</run_address>
         <size>0x86</size>
         <input_file_ref idref="fl-dc"/>
      </object_component>
      <object_component id="oc-6f4">
         <name>.text:IntDisable</name>
         <load_address>0x2b04</load_address>
         <run_address>0x2b04</run_address>
         <size>0x80</size>
         <input_file_ref idref="fl-1d"/>
      </object_component>
      <object_component id="oc-72f">
         <name>.text:IntEnable</name>
         <load_address>0x2b84</load_address>
         <run_address>0x2b84</run_address>
         <size>0x80</size>
         <input_file_ref idref="fl-1d"/>
      </object_component>
      <object_component id="oc-54f">
         <name>.text:writeData</name>
         <load_address>0x2c04</load_address>
         <run_address>0x2c04</run_address>
         <size>0x7c</size>
         <input_file_ref idref="fl-12"/>
      </object_component>
      <object_component id="oc-a2">
         <name>.text</name>
         <load_address>0x2c80</load_address>
         <run_address>0x2c80</run_address>
         <size>0x7a</size>
         <input_file_ref idref="fl-e3"/>
      </object_component>
      <object_component id="oc-4ff">
         <name>.text:UARTConfigSetExpClk</name>
         <load_address>0x2cfa</load_address>
         <run_address>0x2cfa</run_address>
         <size>0x76</size>
         <input_file_ref idref="fl-1f"/>
      </object_component>
      <object_component id="oc-617">
         <name>.text:HwiP_construct</name>
         <load_address>0x2d70</load_address>
         <run_address>0x2d70</run_address>
         <size>0x70</size>
         <input_file_ref idref="fl-18"/>
      </object_component>
      <object_component id="oc-20b">
         <name>.text:My_UART_Params_init</name>
         <load_address>0x2de0</load_address>
         <run_address>0x2de0</run_address>
         <size>0x70</size>
         <input_file_ref idref="fl-3"/>
      </object_component>
      <object_component id="oc-18b">
         <name>.text:mainThread</name>
         <load_address>0x2e50</load_address>
         <run_address>0x2e50</run_address>
         <size>0x70</size>
         <input_file_ref idref="fl-3"/>
      </object_component>
      <object_component id="oc-7a1">
         <name>.text:split</name>
         <load_address>0x2ec0</load_address>
         <run_address>0x2ec0</run_address>
         <size>0x70</size>
         <input_file_ref idref="fl-ed"/>
      </object_component>
      <object_component id="oc-414">
         <name>.text:_mcpy</name>
         <load_address>0x2f30</load_address>
         <run_address>0x2f30</run_address>
         <size>0x6e</size>
         <input_file_ref idref="fl-d7"/>
      </object_component>
      <object_component id="oc-6b7">
         <name>.text:clkFxn</name>
         <load_address>0x2f9e</load_address>
         <run_address>0x2f9e</run_address>
         <size>0x2</size>
         <input_file_ref idref="fl-16"/>
      </object_component>
      <object_component id="oc-472">
         <name>.text:Power_releaseDependency</name>
         <load_address>0x2fa0</load_address>
         <run_address>0x2fa0</run_address>
         <size>0x6c</size>
         <input_file_ref idref="fl-10"/>
      </object_component>
      <object_component id="oc-4b1">
         <name>.text:Power_setDependency</name>
         <load_address>0x300c</load_address>
         <run_address>0x300c</run_address>
         <size>0x68</size>
         <input_file_ref idref="fl-10"/>
      </object_component>
      <object_component id="oc-13">
         <name>.text:decompress:lzss:__TI_decompress_lzss</name>
         <load_address>0x3074</load_address>
         <run_address>0x3074</run_address>
         <size>0x68</size>
         <input_file_ref idref="fl-e6"/>
      </object_component>
      <object_component id="oc-217">
         <name>.text:printf</name>
         <load_address>0x30dc</load_address>
         <run_address>0x30dc</run_address>
         <size>0x68</size>
         <input_file_ref idref="fl-d6"/>
      </object_component>
      <object_component id="oc-638">
         <name>.text:readIsrBinaryBlocking</name>
         <load_address>0x3144</load_address>
         <run_address>0x3144</run_address>
         <size>0x68</size>
         <input_file_ref idref="fl-12"/>
      </object_component>
      <object_component id="oc-1f1">
         <name>.text:Power_init</name>
         <load_address>0x31ac</load_address>
         <run_address>0x31ac</run_address>
         <size>0x64</size>
         <input_file_ref idref="fl-10"/>
      </object_component>
      <object_component id="oc-429">
         <name>.text:frexp</name>
         <load_address>0x3210</load_address>
         <run_address>0x3210</run_address>
         <size>0x64</size>
         <input_file_ref idref="fl-d8"/>
      </object_component>
      <object_component id="oc-64a">
         <name>.text:readIsrBinaryCallback</name>
         <load_address>0x3274</load_address>
         <run_address>0x3274</run_address>
         <size>0x64</size>
         <input_file_ref idref="fl-12"/>
      </object_component>
      <object_component id="oc-603">
         <name>.text:GPIODirModeSet</name>
         <load_address>0x32d8</load_address>
         <run_address>0x32d8</run_address>
         <size>0x5c</size>
         <input_file_ref idref="fl-1c"/>
      </object_component>
      <object_component id="oc-723">
         <name>.text:IntRegister</name>
         <load_address>0x3334</load_address>
         <run_address>0x3334</run_address>
         <size>0x5c</size>
         <input_file_ref idref="fl-1d"/>
      </object_component>
      <object_component id="oc-46c">
         <name>.text:getPowerResourceId</name>
         <load_address>0x3390</load_address>
         <run_address>0x3390</run_address>
         <size>0x5c</size>
         <input_file_ref idref="fl-12"/>
      </object_component>
      <object_component id="oc-7c0">
         <name>.text:sysTickInit</name>
         <load_address>0x33ec</load_address>
         <run_address>0x33ec</run_address>
         <size>0x58</size>
         <input_file_ref idref="fl-17"/>
      </object_component>
      <object_component id="oc-331">
         <name>.text:_pconv_f</name>
         <load_address>0x3444</load_address>
         <run_address>0x3444</run_address>
         <size>0x56</size>
         <input_file_ref idref="fl-d7"/>
      </object_component>
      <object_component id="oc-72">
         <name>.text:defaultHandler</name>
         <load_address>0x349a</load_address>
         <run_address>0x349a</run_address>
         <size>0x2</size>
         <input_file_ref idref="fl-1a"/>
      </object_component>
      <object_component id="oc-729">
         <name>.text:IntPrioritySet</name>
         <load_address>0x349c</load_address>
         <run_address>0x349c</run_address>
         <size>0x54</size>
         <input_file_ref idref="fl-1d"/>
      </object_component>
      <object_component id="oc-3fe">
         <name>.text:__TI_ltoa</name>
         <load_address>0x34f0</load_address>
         <run_address>0x34f0</run_address>
         <size>0x54</size>
         <input_file_ref idref="fl-e8"/>
      </object_component>
      <object_component id="oc-40e">
         <name>.text:_ecpy</name>
         <load_address>0x3544</load_address>
         <run_address>0x3544</run_address>
         <size>0x52</size>
         <input_file_ref idref="fl-d7"/>
      </object_component>
      <object_component id="oc-6c">
         <name>.text:faultISR</name>
         <load_address>0x3596</load_address>
         <run_address>0x3596</run_address>
         <size>0x2</size>
         <input_file_ref idref="fl-1a"/>
      </object_component>
      <object_component id="oc-7e">
         <name>.text:ClockP_sysTickHandler</name>
         <load_address>0x3598</load_address>
         <run_address>0x3598</run_address>
         <size>0x50</size>
         <input_file_ref idref="fl-17"/>
      </object_component>
      <object_component id="oc-746">
         <name>.text:SemaphoreP_construct</name>
         <load_address>0x35e8</load_address>
         <run_address>0x35e8</run_address>
         <size>0x50</size>
         <input_file_ref idref="fl-16"/>
      </object_component>
      <object_component id="oc-508">
         <name>.text:UARTMSP432E4_hwiIntFxn</name>
         <load_address>0x3638</load_address>
         <run_address>0x3638</run_address>
         <size>0x50</size>
         <input_file_ref idref="fl-12"/>
      </object_component>
      <object_component id="oc-365">
         <name>.text:fputs</name>
         <load_address>0x3688</load_address>
         <run_address>0x3688</run_address>
         <size>0x50</size>
         <input_file_ref idref="fl-3"/>
      </object_component>
      <object_component id="oc-3c6">
         <name>.text:UARTMSP432E4_writePolling</name>
         <load_address>0x36d8</load_address>
         <run_address>0x36d8</run_address>
         <size>0x4c</size>
         <input_file_ref idref="fl-12"/>
      </object_component>
      <object_component id="oc-31a">
         <name>.text:atoi</name>
         <load_address>0x3724</load_address>
         <run_address>0x3724</run_address>
         <size>0x4c</size>
         <input_file_ref idref="fl-e9"/>
      </object_component>
      <object_component id="oc-52f">
         <name>.text:ringBufGet</name>
         <load_address>0x3770</load_address>
         <run_address>0x3770</run_address>
         <size>0x4c</size>
         <input_file_ref idref="fl-12"/>
      </object_component>
      <object_component id="oc-3cc">
         <name>.text:UARTMSP432E4_writeCancel</name>
         <load_address>0x37bc</load_address>
         <run_address>0x37bc</run_address>
         <size>0x48</size>
         <input_file_ref idref="fl-12"/>
      </object_component>
      <object_component id="oc-3f9">
         <name>.text</name>
         <load_address>0x3804</load_address>
         <run_address>0x3804</run_address>
         <size>0x48</size>
         <input_file_ref idref="fl-df"/>
      </object_component>
      <object_component id="oc-68c">
         <name>.text:RingBuf_put</name>
         <load_address>0x384c</load_address>
         <run_address>0x384c</run_address>
         <size>0x46</size>
         <input_file_ref idref="fl-13"/>
      </object_component>
      <object_component id="oc-66">
         <name>.text:nmiISR</name>
         <load_address>0x3892</load_address>
         <run_address>0x3892</run_address>
         <size>0x2</size>
         <input_file_ref idref="fl-1a"/>
      </object_component>
      <object_component id="oc-761">
         <name>.text:ClockP_stop</name>
         <load_address>0x3894</load_address>
         <run_address>0x3894</run_address>
         <size>0x44</size>
         <input_file_ref idref="fl-17"/>
      </object_component>
      <object_component id="oc-4b7">
         <name>.text:GPIOPinConfigure</name>
         <load_address>0x38d8</load_address>
         <run_address>0x38d8</run_address>
         <size>0x44</size>
         <input_file_ref idref="fl-1c"/>
      </object_component>
      <object_component id="oc-66b">
         <name>.text:SemaphoreP_post</name>
         <load_address>0x391c</load_address>
         <run_address>0x391c</run_address>
         <size>0x44</size>
         <input_file_ref idref="fl-16"/>
      </object_component>
      <object_component id="oc-5ae">
         <name>.text:SysCtlPeripheralPresent</name>
         <load_address>0x3960</load_address>
         <run_address>0x3960</run_address>
         <size>0x44</size>
         <input_file_ref idref="fl-1e"/>
      </object_component>
      <object_component id="oc-5f4">
         <name>.text:SysCtlPeripheralReady</name>
         <load_address>0x39a4</load_address>
         <run_address>0x39a4</run_address>
         <size>0x44</size>
         <input_file_ref idref="fl-1e"/>
      </object_component>
      <object_component id="oc-205">
         <name>.text:UART_init</name>
         <load_address>0x39e8</load_address>
         <run_address>0x39e8</run_address>
         <size>0x44</size>
         <input_file_ref idref="fl-11"/>
      </object_component>
      <object_component id="oc-b5">
         <name>.text:_SysCtlMemTimingGet</name>
         <load_address>0x3a2c</load_address>
         <run_address>0x3a2c</run_address>
         <size>0x44</size>
         <input_file_ref idref="fl-1e"/>
      </object_component>
      <object_component id="oc-19e">
         <name>.text:__TI_auto_init_nobinit_nopinit:__TI_auto_init_nobinit_nopinit</name>
         <load_address>0x3a70</load_address>
         <run_address>0x3a70</run_address>
         <size>0x44</size>
         <input_file_ref idref="fl-f5"/>
      </object_component>
      <object_component id="oc-21d">
         <name>.text:delay</name>
         <load_address>0x3ab4</load_address>
         <run_address>0x3ab4</run_address>
         <size>0x42</size>
         <input_file_ref idref="fl-3"/>
      </object_component>
      <object_component id="oc-62c">
         <name>.text:ClockP_construct</name>
         <load_address>0x3af6</load_address>
         <run_address>0x3af6</run_address>
         <size>0x40</size>
         <input_file_ref idref="fl-17"/>
      </object_component>
      <object_component id="oc-680">
         <name>.text:RingBuf_get</name>
         <load_address>0x3b36</load_address>
         <run_address>0x3b36</run_address>
         <size>0x40</size>
         <input_file_ref idref="fl-13"/>
      </object_component>
      <object_component id="oc-56f">
         <name>.text</name>
         <load_address>0x3b76</load_address>
         <run_address>0x3b76</run_address>
         <size>0x2</size>
         <input_file_ref idref="fl-f3"/>
      </object_component>
      <object_component id="oc-5b4">
         <name>.text:SysCtlPeripheralDisable</name>
         <load_address>0x3b78</load_address>
         <run_address>0x3b78</run_address>
         <size>0x40</size>
         <input_file_ref idref="fl-1e"/>
      </object_component>
      <object_component id="oc-5e8">
         <name>.text:SysCtlPeripheralEnable</name>
         <load_address>0x3bb8</load_address>
         <run_address>0x3bb8</run_address>
         <size>0x40</size>
         <input_file_ref idref="fl-1e"/>
      </object_component>
      <object_component id="oc-261">
         <name>.text:SysCtlPeripheralPowerOff</name>
         <load_address>0x3bf8</load_address>
         <run_address>0x3bf8</run_address>
         <size>0x40</size>
         <input_file_ref idref="fl-1e"/>
      </object_component>
      <object_component id="oc-5e2">
         <name>.text:SysCtlPeripheralPowerOn</name>
         <load_address>0x3c38</load_address>
         <run_address>0x3c38</run_address>
         <size>0x40</size>
         <input_file_ref idref="fl-1e"/>
      </object_component>
      <object_component id="oc-5ba">
         <name>.text:SysCtlPeripheralSleepDisable</name>
         <load_address>0x3c78</load_address>
         <run_address>0x3c78</run_address>
         <size>0x40</size>
         <input_file_ref idref="fl-1e"/>
      </object_component>
      <object_component id="oc-5ee">
         <name>.text:SysCtlPeripheralSleepEnable</name>
         <load_address>0x3cb8</load_address>
         <run_address>0x3cb8</run_address>
         <size>0x40</size>
         <input_file_ref idref="fl-1e"/>
      </object_component>
      <object_component id="oc-3ae">
         <name>.text:UARTMSP432E4_read</name>
         <load_address>0x3cf8</load_address>
         <run_address>0x3cf8</run_address>
         <size>0x40</size>
         <input_file_ref idref="fl-12"/>
      </object_component>
      <object_component id="oc-211">
         <name>.text:UART_open</name>
         <load_address>0x3d38</load_address>
         <run_address>0x3d38</run_address>
         <size>0x40</size>
         <input_file_ref idref="fl-11"/>
      </object_component>
      <object_component id="oc-421">
         <name>.text:_fcpy</name>
         <load_address>0x3d78</load_address>
         <run_address>0x3d78</run_address>
         <size>0x3e</size>
         <input_file_ref idref="fl-d7"/>
      </object_component>
      <object_component id="oc-5d6">
         <name>.text:ClockP_destruct</name>
         <load_address>0x3db8</load_address>
         <run_address>0x3db8</run_address>
         <size>0x3c</size>
         <input_file_ref idref="fl-17"/>
      </object_component>
      <object_component id="oc-ec">
         <name>.text:addToList</name>
         <load_address>0x3df4</load_address>
         <run_address>0x3df4</run_address>
         <size>0x38</size>
         <input_file_ref idref="fl-17"/>
      </object_component>
      <object_component id="oc-3ba">
         <name>.text:UARTMSP432E4_readCancel</name>
         <load_address>0x3e2c</load_address>
         <run_address>0x3e2c</run_address>
         <size>0x36</size>
         <input_file_ref idref="fl-12"/>
      </object_component>
      <object_component id="oc-74d">
         <name>.text:ClockP_startup</name>
         <load_address>0x3e64</load_address>
         <run_address>0x3e64</run_address>
         <size>0x34</size>
         <input_file_ref idref="fl-17"/>
      </object_component>
      <object_component id="oc-d6">
         <name>.text:_c_int00_noargs:_c_int00_noargs</name>
         <load_address>0x3e98</load_address>
         <run_address>0x3e98</run_address>
         <size>0x34</size>
         <input_file_ref idref="fl-f1"/>
      </object_component>
      <object_component id="oc-17f">
         <name>.text:Board_init</name>
         <load_address>0x3ecc</load_address>
         <run_address>0x3ecc</run_address>
         <size>0x30</size>
         <input_file_ref idref="fl-4"/>
      </object_component>
      <object_component id="oc-6a5">
         <name>.text:ClockP_start</name>
         <load_address>0x3efc</load_address>
         <run_address>0x3efc</run_address>
         <size>0x30</size>
         <input_file_ref idref="fl-17"/>
      </object_component>
      <object_component id="oc-478">
         <name>.text:GPIOMSP432E4_undoPinConfig</name>
         <load_address>0x3f2c</load_address>
         <run_address>0x3f2c</run_address>
         <size>0x30</size>
         <input_file_ref idref="fl-14"/>
      </object_component>
      <object_component id="oc-466">
         <name>.text:UARTDisable</name>
         <load_address>0x3f5c</load_address>
         <run_address>0x3f5c</run_address>
         <size>0x30</size>
         <input_file_ref idref="fl-1f"/>
      </object_component>
      <object_component id="oc-404">
         <name>.text</name>
         <load_address>0x3f8c</load_address>
         <run_address>0x3f8c</run_address>
         <size>0x2e</size>
         <input_file_ref idref="fl-e0"/>
      </object_component>
      <object_component id="oc-267">
         <name>.text:SysCtlPeripheralClockGating</name>
         <load_address>0x3fbc</load_address>
         <run_address>0x3fbc</run_address>
         <size>0x2c</size>
         <input_file_ref idref="fl-1e"/>
      </object_component>
      <object_component id="oc-4cf">
         <name>.text:HwiP_create</name>
         <load_address>0x3fe8</load_address>
         <run_address>0x3fe8</run_address>
         <size>0x2a</size>
         <input_file_ref idref="fl-18"/>
      </object_component>
      <object_component id="oc-292">
         <name>.text:ReadCallBackFxn</name>
         <load_address>0x4012</load_address>
         <run_address>0x4012</run_address>
         <size>0x28</size>
         <input_file_ref idref="fl-3"/>
      </object_component>
      <object_component id="oc-707">
         <name>.text:free_list_insert</name>
         <load_address>0x403c</load_address>
         <run_address>0x403c</run_address>
         <size>0x28</size>
         <input_file_ref idref="fl-ed"/>
      </object_component>
      <object_component id="oc-4c3">
         <name>.text:GPIOPinTypeUART</name>
         <load_address>0x4064</load_address>
         <run_address>0x4064</run_address>
         <size>0x24</size>
         <input_file_ref idref="fl-1c"/>
      </object_component>
      <object_component id="oc-735">
         <name>.text:HwiP_dispatch</name>
         <load_address>0x4088</load_address>
         <run_address>0x4088</run_address>
         <size>0x24</size>
         <input_file_ref idref="fl-18"/>
      </object_component>
      <object_component id="oc-697">
         <name>.text:UARTCharPutNonBlocking</name>
         <load_address>0x40ac</load_address>
         <run_address>0x40ac</run_address>
         <size>0x24</size>
         <input_file_ref idref="fl-1f"/>
      </object_component>
      <object_component id="oc-4ed">
         <name>.text:UARTEnable</name>
         <load_address>0x40d0</load_address>
         <run_address>0x40d0</run_address>
         <size>0x24</size>
         <input_file_ref idref="fl-1f"/>
      </object_component>
      <object_component id="oc-36c">
         <name>.text:fputc</name>
         <load_address>0x40f4</load_address>
         <run_address>0x40f4</run_address>
         <size>0x24</size>
         <input_file_ref idref="fl-3"/>
      </object_component>
      <object_component id="oc-497">
         <name>.text:RingBuf_peek</name>
         <load_address>0x4118</load_address>
         <run_address>0x4118</run_address>
         <size>0x20</size>
         <input_file_ref idref="fl-13"/>
      </object_component>
      <object_component id="oc-20">
         <name>.text:resetISR</name>
         <load_address>0x4138</load_address>
         <run_address>0x4138</run_address>
         <size>0x20</size>
         <input_file_ref idref="fl-1a"/>
      </object_component>
      <object_component id="oc-543">
         <name>.text:UARTBusy</name>
         <load_address>0x4158</load_address>
         <run_address>0x4158</run_address>
         <size>0x1e</size>
         <input_file_ref idref="fl-1f"/>
      </object_component>
      <object_component id="oc-53b">
         <name>.text:UARTCharPut</name>
         <load_address>0x4176</load_address>
         <run_address>0x4176</run_address>
         <size>0x1e</size>
         <input_file_ref idref="fl-1f"/>
      </object_component>
      <object_component id="oc-754">
         <name>.text:UARTCharsAvail</name>
         <load_address>0x4194</load_address>
         <run_address>0x4194</run_address>
         <size>0x1e</size>
         <input_file_ref idref="fl-1f"/>
      </object_component>
      <object_component id="oc-549">
         <name>.text:UARTIntStatus</name>
         <load_address>0x41b2</load_address>
         <run_address>0x41b2</run_address>
         <size>0x1e</size>
         <input_file_ref idref="fl-1f"/>
      </object_component>
      <object_component id="oc-6fa">
         <name>.text:IntUnregister</name>
         <load_address>0x41d0</load_address>
         <run_address>0x41d0</run_address>
         <size>0x1c</size>
         <input_file_ref idref="fl-1d"/>
      </object_component>
      <object_component id="oc-686">
         <name>.text:UARTCharGetNonBlocking</name>
         <load_address>0x41ec</load_address>
         <run_address>0x41ec</run_address>
         <size>0x1c</size>
         <input_file_ref idref="fl-1f"/>
      </object_component>
      <object_component id="oc-4c9">
         <name>.text:UARTFlowControlSet</name>
         <load_address>0x4208</load_address>
         <run_address>0x4208</run_address>
         <size>0x1c</size>
         <input_file_ref idref="fl-1f"/>
      </object_component>
      <object_component id="oc-555">
         <name>.text:UARTTxIntModeSet</name>
         <load_address>0x4224</load_address>
         <run_address>0x4224</run_address>
         <size>0x1c</size>
         <input_file_ref idref="fl-1f"/>
      </object_component>
      <object_component id="oc-46">
         <name>.text:decompress:ZI:__TI_zero_init_nomemset:__TI_zero_init_nomemset</name>
         <load_address>0x4240</load_address>
         <run_address>0x4240</run_address>
         <size>0x1c</size>
         <input_file_ref idref="fl-e4"/>
      </object_component>
      <object_component id="oc-701">
         <name>.text:free_list_remove</name>
         <load_address>0x425c</load_address>
         <run_address>0x425c</run_address>
         <size>0x1c</size>
         <input_file_ref idref="fl-ed"/>
      </object_component>
      <object_component id="oc-343">
         <name>.text:memccpy</name>
         <load_address>0x4278</load_address>
         <run_address>0x4278</run_address>
         <size>0x1c</size>
         <input_file_ref idref="fl-ec"/>
      </object_component>
      <object_component id="oc-4e1">
         <name>.text:ClockP_create</name>
         <load_address>0x4294</load_address>
         <run_address>0x4294</run_address>
         <size>0x1a</size>
         <input_file_ref idref="fl-17"/>
      </object_component>
      <object_component id="oc-4d5">
         <name>.text:SemaphoreP_createBinary</name>
         <load_address>0x42ae</load_address>
         <run_address>0x42ae</run_address>
         <size>0x1a</size>
         <input_file_ref idref="fl-16"/>
      </object_component>
      <object_component id="oc-588">
         <name>.text:copysign</name>
         <load_address>0x42c8</load_address>
         <run_address>0x42c8</run_address>
         <size>0x1a</size>
         <input_file_ref idref="fl-f2"/>
      </object_component>
      <object_component id="oc-58">
         <name>.text:FPUEnable</name>
         <load_address>0x42e4</load_address>
         <run_address>0x42e4</run_address>
         <size>0x18</size>
         <input_file_ref idref="fl-1b"/>
      </object_component>
      <object_component id="oc-7b7">
         <name>.text:Power_idleFunc</name>
         <load_address>0x42fc</load_address>
         <run_address>0x42fc</run_address>
         <size>0x18</size>
         <input_file_ref idref="fl-10"/>
      </object_component>
      <object_component id="oc-4f3">
         <name>.text:UARTFIFOLevelSet</name>
         <load_address>0x4314</load_address>
         <run_address>0x4314</run_address>
         <size>0x18</size>
         <input_file_ref idref="fl-1f"/>
      </object_component>
      <object_component id="oc-460">
         <name>.text:UARTIntDisable</name>
         <load_address>0x432c</load_address>
         <run_address>0x432c</run_address>
         <size>0x18</size>
         <input_file_ref idref="fl-1f"/>
      </object_component>
      <object_component id="oc-49d">
         <name>.text:UARTIntEnable</name>
         <load_address>0x4344</load_address>
         <run_address>0x4344</run_address>
         <size>0x18</size>
         <input_file_ref idref="fl-1f"/>
      </object_component>
      <object_component id="oc-624">
         <name>.text:SemaphoreP_create</name>
         <load_address>0x435c</load_address>
         <run_address>0x435c</run_address>
         <size>0x16</size>
         <input_file_ref idref="fl-16"/>
      </object_component>
      <object_component id="oc-535">
         <name>.text:UARTCharGet</name>
         <load_address>0x4372</load_address>
         <run_address>0x4372</run_address>
         <size>0x16</size>
         <input_file_ref idref="fl-1f"/>
      </object_component>
      <object_component id="oc-435">
         <name>.text:strchr</name>
         <load_address>0x4388</load_address>
         <run_address>0x4388</run_address>
         <size>0x16</size>
         <input_file_ref idref="fl-ee"/>
      </object_component>
      <object_component id="oc-4bd">
         <name>.text:GPIOMSP432E4_getGpioBaseAddr</name>
         <load_address>0x43a0</load_address>
         <run_address>0x43a0</run_address>
         <size>0x14</size>
         <input_file_ref idref="fl-14"/>
      </object_component>
      <object_component id="oc-47e">
         <name>.text:GPIOMSP432E4_getPowerResourceId</name>
         <load_address>0x43b4</load_address>
         <run_address>0x43b4</run_address>
         <size>0x14</size>
         <input_file_ref idref="fl-14"/>
      </object_component>
      <object_component id="oc-76e">
         <name>.text:HwiP_inISR</name>
         <load_address>0x43c8</load_address>
         <run_address>0x43c8</run_address>
         <size>0x14</size>
         <input_file_ref idref="fl-18"/>
      </object_component>
      <object_component id="oc-774">
         <name>.text:Power_disablePolicy</name>
         <load_address>0x43dc</load_address>
         <run_address>0x43dc</run_address>
         <size>0x14</size>
         <input_file_ref idref="fl-10"/>
      </object_component>
      <object_component id="oc-314">
         <name>.text:strlen</name>
         <load_address>0x43f0</load_address>
         <run_address>0x43f0</run_address>
         <size>0x14</size>
         <input_file_ref idref="fl-ef"/>
      </object_component>
      <object_component id="oc-4ab">
         <name>.text:HwiP_Params_init</name>
         <load_address>0x4404</load_address>
         <run_address>0x4404</run_address>
         <size>0x12</size>
         <input_file_ref idref="fl-18"/>
      </object_component>
      <object_component id="oc-5c8">
         <name>.text:HwiP_destruct</name>
         <load_address>0x4416</load_address>
         <run_address>0x4416</run_address>
         <size>0x12</size>
         <input_file_ref idref="fl-18"/>
      </object_component>
      <object_component id="oc-4a5">
         <name>.text:RingBuf_construct</name>
         <load_address>0x4428</load_address>
         <run_address>0x4428</run_address>
         <size>0x12</size>
         <input_file_ref idref="fl-13"/>
      </object_component>
      <object_component id="oc-4e7">
         <name>.text:UARTIntClear</name>
         <load_address>0x443a</load_address>
         <run_address>0x443a</run_address>
         <size>0x12</size>
         <input_file_ref idref="fl-1f"/>
      </object_component>
      <object_component id="oc-65e">
         <name>.text:UARTRxErrorGet</name>
         <load_address>0x444c</load_address>
         <run_address>0x444c</run_address>
         <size>0x12</size>
         <input_file_ref idref="fl-1f"/>
      </object_component>
      <object_component id="oc-13f">
         <name>.text:main</name>
         <load_address>0x445e</load_address>
         <run_address>0x445e</run_address>
         <size>0x12</size>
         <input_file_ref idref="fl-2"/>
      </object_component>
      <object_component id="oc-349">
         <name>.text:wcslen</name>
         <load_address>0x4470</load_address>
         <run_address>0x4470</run_address>
         <size>0x12</size>
         <input_file_ref idref="fl-da"/>
      </object_component>
      <object_component id="oc-69f">
         <name>.text:ClockP_add</name>
         <load_address>0x4482</load_address>
         <run_address>0x4482</run_address>
         <size>0x10</size>
         <input_file_ref idref="fl-17"/>
      </object_component>
      <object_component id="oc-490">
         <name>.text:ClockP_delete</name>
         <load_address>0x4492</load_address>
         <run_address>0x4492</run_address>
         <size>0x10</size>
         <input_file_ref idref="fl-17"/>
      </object_component>
      <object_component id="oc-4f9">
         <name>.text:ClockP_getCpuFreq</name>
         <load_address>0x44a4</load_address>
         <run_address>0x44a4</run_address>
         <size>0x10</size>
         <input_file_ref idref="fl-17"/>
      </object_component>
      <object_component id="oc-484">
         <name>.text:HwiP_delete</name>
         <load_address>0x44b4</load_address>
         <run_address>0x44b4</run_address>
         <size>0x10</size>
         <input_file_ref idref="fl-18"/>
      </object_component>
      <object_component id="oc-52">
         <name>.text:IntMasterDisable</name>
         <load_address>0x44c4</load_address>
         <run_address>0x44c4</run_address>
         <size>0x10</size>
         <input_file_ref idref="fl-1d"/>
      </object_component>
      <object_component id="oc-1fe">
         <name>.text:IntMasterEnable</name>
         <load_address>0x44d4</load_address>
         <run_address>0x44d4</run_address>
         <size>0x10</size>
         <input_file_ref idref="fl-1d"/>
      </object_component>
      <object_component id="oc-2e8">
         <name>.text:PowerMSP432E4_sleepPolicy</name>
         <load_address>0x44e4</load_address>
         <run_address>0x44e4</run_address>
         <size>0x10</size>
         <input_file_ref idref="fl-19"/>
      </object_component>
      <object_component id="oc-6ab">
         <name>.text:Power_enablePolicy</name>
         <load_address>0x44f4</load_address>
         <run_address>0x44f4</run_address>
         <size>0x10</size>
         <input_file_ref idref="fl-10"/>
      </object_component>
      <object_component id="oc-61e">
         <name>.text:SemaphoreP_Params_init</name>
         <load_address>0x4504</load_address>
         <run_address>0x4504</run_address>
         <size>0x10</size>
         <input_file_ref idref="fl-16"/>
      </object_component>
      <object_component id="oc-664">
         <name>.text:UARTRxErrorClear</name>
         <load_address>0x4514</load_address>
         <run_address>0x4514</run_address>
         <size>0x10</size>
         <input_file_ref idref="fl-1f"/>
      </object_component>
      <object_component id="oc-51a">
         <name>.text:readBlockingTimeout</name>
         <load_address>0x4524</load_address>
         <run_address>0x4524</run_address>
         <size>0x10</size>
         <input_file_ref idref="fl-12"/>
      </object_component>
      <object_component id="oc-67a">
         <name>.text:RingBuf_isFull</name>
         <load_address>0x4534</load_address>
         <run_address>0x4534</run_address>
         <size>0xe</size>
         <input_file_ref idref="fl-13"/>
      </object_component>
      <object_component id="oc-19">
         <name>.text:decompress:none:__TI_decompress_none</name>
         <load_address>0x4542</load_address>
         <run_address>0x4542</run_address>
         <size>0xe</size>
         <input_file_ref idref="fl-e5"/>
      </object_component>
      <object_component id="oc-a8">
         <name>.text:CPUcpsid</name>
         <load_address>0x4550</load_address>
         <run_address>0x4550</run_address>
         <size>0xc</size>
         <input_file_ref idref="fl-20"/>
      </object_component>
      <object_component id="oc-275">
         <name>.text:CPUcpsie</name>
         <load_address>0x455c</load_address>
         <run_address>0x455c</run_address>
         <size>0xc</size>
         <input_file_ref idref="fl-20"/>
      </object_component>
      <object_component id="oc-4db">
         <name>.text:ClockP_Params_init</name>
         <load_address>0x4568</load_address>
         <run_address>0x4568</run_address>
         <size>0xa</size>
         <input_file_ref idref="fl-17"/>
      </object_component>
      <object_component id="oc-6b1">
         <name>.text:ClockP_isActive</name>
         <load_address>0x4572</load_address>
         <run_address>0x4572</run_address>
         <size>0xa</size>
         <input_file_ref idref="fl-17"/>
      </object_component>
      <object_component id="oc-309">
         <name>.text:UART_read</name>
         <load_address>0x457c</load_address>
         <run_address>0x457c</run_address>
         <size>0xa</size>
         <input_file_ref idref="fl-11"/>
      </object_component>
      <object_component id="oc-303">
         <name>.text:UART_write</name>
         <load_address>0x4586</load_address>
         <run_address>0x4586</run_address>
         <size>0xa</size>
         <input_file_ref idref="fl-11"/>
      </object_component>
      <object_component id="oc-282">
         <name>.text:HwiP_restore</name>
         <load_address>0x4590</load_address>
         <run_address>0x4590</run_address>
         <size>0x8</size>
         <input_file_ref idref="fl-18"/>
      </object_component>
      <object_component id="oc-34f">
         <name>.text:__aeabi_errno_addr</name>
         <load_address>0x4598</load_address>
         <run_address>0x4598</run_address>
         <size>0x8</size>
         <input_file_ref idref="fl-f0"/>
      </object_component>
      <object_component id="oc-611">
         <name>.text:malloc</name>
         <load_address>0x45a0</load_address>
         <run_address>0x45a0</run_address>
         <size>0x8</size>
         <input_file_ref idref="fl-ed"/>
      </object_component>
      <object_component id="oc-514">
         <name>.text:readSemCallback</name>
         <load_address>0x45a8</load_address>
         <run_address>0x45a8</run_address>
         <size>0x8</size>
         <input_file_ref idref="fl-12"/>
      </object_component>
      <object_component id="oc-50e">
         <name>.text:writeSemCallback</name>
         <load_address>0x45b0</load_address>
         <run_address>0x45b0</run_address>
         <size>0x8</size>
         <input_file_ref idref="fl-12"/>
      </object_component>
      <object_component id="oc-75b">
         <name>.text:ClockP_setTimeout</name>
         <load_address>0x45b8</load_address>
         <run_address>0x45b8</run_address>
         <size>0x4</size>
         <input_file_ref idref="fl-17"/>
      </object_component>
      <object_component id="oc-27c">
         <name>.text:HwiP_disable</name>
         <load_address>0x45bc</load_address>
         <run_address>0x45bc</run_address>
         <size>0x4</size>
         <input_file_ref idref="fl-18"/>
      </object_component>
      <object_component id="oc-185">
         <name>.text:HwiP_enable</name>
         <load_address>0x45c0</load_address>
         <run_address>0x45c0</run_address>
         <size>0x4</size>
         <input_file_ref idref="fl-18"/>
      </object_component>
      <object_component id="oc-48a">
         <name>.text:SemaphoreP_delete</name>
         <load_address>0x45c4</load_address>
         <run_address>0x45c4</run_address>
         <size>0x4</size>
         <input_file_ref idref="fl-16"/>
      </object_component>
      <object_component id="oc-2ad">
         <name>.text:_outc</name>
         <load_address>0x45c8</load_address>
         <run_address>0x45c8</run_address>
         <size>0x4</size>
         <input_file_ref idref="fl-d6"/>
      </object_component>
      <object_component id="oc-2a7">
         <name>.text:_outs</name>
         <load_address>0x45cc</load_address>
         <run_address>0x45cc</run_address>
         <size>0x4</size>
         <input_file_ref idref="fl-d6"/>
      </object_component>
      <object_component id="oc-139">
         <name>.text:_system_pre_init</name>
         <load_address>0x45d0</load_address>
         <run_address>0x45d0</run_address>
         <size>0x4</size>
         <input_file_ref idref="fl-f6"/>
      </object_component>
      <object_component id="oc-192">
         <name>.text:abort:abort</name>
         <load_address>0x45d4</load_address>
         <run_address>0x45d4</run_address>
         <size>0x4</size>
         <input_file_ref idref="fl-f8"/>
      </object_component>
      <object_component id="oc-c7">
         <name>.const:g_pppui32XTALtoVCO</name>
         <load_address>0x45d8</load_address>
         <run_address>0x45d8</run_address>
         <size>0x1b0</size>
         <input_file_ref idref="fl-1e"/>
      </object_component>
      <object_component id="oc-3de">
         <name>.const:.string:_ctypes_</name>
         <load_address>0x4788</load_address>
         <run_address>0x4788</run_address>
         <size>0x101</size>
         <input_file_ref idref="fl-ea"/>
      </object_component>
      <object_component id="oc-28b">
         <name>.const</name>
         <load_address>0x4889</load_address>
         <run_address>0x4889</run_address>
         <size>0x2</size>
         <input_file_ref idref="fl-4"/>
      </object_component>
      <object_component id="oc-7aa">
         <name>.const:g_pui32Regs</name>
         <load_address>0x488c</load_address>
         <run_address>0x488c</run_address>
         <size>0x9c</size>
         <input_file_ref idref="fl-1d"/>
      </object_component>
      <object_component id="oc-5fb">
         <name>.const:g_pui32GPIOBaseAddrs</name>
         <load_address>0x4928</load_address>
         <run_address>0x4928</run_address>
         <size>0x48</size>
         <input_file_ref idref="fl-1c"/>
      </object_component>
      <object_component id="oc-5ff">
         <name>.const:gpioBaseAddresses</name>
         <load_address>0x4970</load_address>
         <run_address>0x4970</run_address>
         <size>0x48</size>
         <input_file_ref idref="fl-14"/>
      </object_component>
      <object_component id="oc-5c4">
         <name>.const:powerMgrIds</name>
         <load_address>0x49b8</load_address>
         <run_address>0x49b8</run_address>
         <size>0x48</size>
         <input_file_ref idref="fl-14"/>
      </object_component>
      <object_component id="oc-123">
         <name>.const:g_sXTALtoMEMTIM</name>
         <load_address>0x4a00</load_address>
         <run_address>0x4a00</run_address>
         <size>0x30</size>
         <input_file_ref idref="fl-1e"/>
      </object_component>
      <object_component id="oc-2fe">
         <name>.const:uartMSP432E4HWAttrs</name>
         <load_address>0x4a30</load_address>
         <run_address>0x4a30</run_address>
         <size>0x2c</size>
         <input_file_ref idref="fl-4"/>
      </object_component>
      <object_component id="oc-2fa">
         <name>.const:UARTMSP432E4_fxnTable</name>
         <load_address>0x4a5c</load_address>
         <run_address>0x4a5c</run_address>
         <size>0x28</size>
         <input_file_ref idref="fl-12"/>
      </object_component>
      <object_component id="oc-c1">
         <name>.const:g_pui32Xtals</name>
         <load_address>0x4a84</load_address>
         <run_address>0x4a84</run_address>
         <size>0x28</size>
         <input_file_ref idref="fl-1e"/>
      </object_component>
      <object_component id="oc-299">
         <name>.const:UART_defaultParams</name>
         <load_address>0x4aac</load_address>
         <run_address>0x4aac</run_address>
         <size>0x24</size>
         <input_file_ref idref="fl-11"/>
      </object_component>
      <object_component id="oc-505">
         <name>.const:staticFxnTable</name>
         <load_address>0x4ad0</load_address>
         <run_address>0x4ad0</run_address>
         <size>0x20</size>
         <input_file_ref idref="fl-12"/>
      </object_component>
      <object_component id="oc-787">
         <name>.const:g_pui32Dii16Regs</name>
         <load_address>0x4af0</load_address>
         <run_address>0x4af0</run_address>
         <size>0x14</size>
         <input_file_ref idref="fl-1d"/>
      </object_component>
      <object_component id="oc-7ae">
         <name>.const:g_pui32EnRegs</name>
         <load_address>0x4b04</load_address>
         <run_address>0x4b04</run_address>
         <size>0x14</size>
         <input_file_ref idref="fl-1d"/>
      </object_component>
      <object_component id="oc-520">
         <name>.const:parityType</name>
         <load_address>0x4b18</load_address>
         <run_address>0x4b18</run_address>
         <size>0x14</size>
         <input_file_ref idref="fl-12"/>
      </object_component>
      <object_component id="oc-526">
         <name>.const:dataLength</name>
         <load_address>0x4b2c</load_address>
         <run_address>0x4b2c</run_address>
         <size>0x10</size>
         <input_file_ref idref="fl-12"/>
      </object_component>
      <object_component id="oc-28e">
         <name>.const:UART_config</name>
         <load_address>0x4b3c</load_address>
         <run_address>0x4b3c</run_address>
         <size>0xc</size>
         <input_file_ref idref="fl-4"/>
      </object_component>
      <object_component id="oc-26d">
         <name>.const:PowerMSP432E4_config</name>
         <load_address>0x4b48</load_address>
         <run_address>0x4b48</run_address>
         <size>0x8</size>
         <input_file_ref idref="fl-4"/>
      </object_component>
      <object_component id="oc-c4">
         <name>.const:g_pui32VCOFrequencies</name>
         <load_address>0x4b50</load_address>
         <run_address>0x4b50</run_address>
         <size>0x8</size>
         <input_file_ref idref="fl-1e"/>
      </object_component>
      <object_component id="oc-523">
         <name>.const:stopBits</name>
         <load_address>0x4b58</load_address>
         <run_address>0x4b58</run_address>
         <size>0x8</size>
         <input_file_ref idref="fl-12"/>
      </object_component>
      <object_component id="oc-817">
         <name>.cinit..data.load</name>
         <load_address>0x4b60</load_address>
         <run_address>0x4b60</run_address>
         <size>0x10d</size>
      </object_component>
      <object_component id="oc-814">
         <name>__TI_handler_table</name>
         <load_address>0x4c70</load_address>
         <run_address>0x4c70</run_address>
         <size>0xc</size>
      </object_component>
      <object_component id="oc-818">
         <name>.cinit..bss.load</name>
         <load_address>0x4c80</load_address>
         <run_address>0x4c80</run_address>
         <size>0x8</size>
      </object_component>
      <object_component id="oc-816">
         <name>.cinit..vtable.load</name>
         <load_address>0x4c88</load_address>
         <run_address>0x4c88</run_address>
         <size>0x8</size>
      </object_component>
      <object_component id="oc-815">
         <name>__TI_cinit_table</name>
         <load_address>0x4c90</load_address>
         <run_address>0x4c90</run_address>
         <size>0x18</size>
      </object_component>
      <object_component id="oc-78b">
         <name>.vtable</name>
         <uninitialized>true</uninitialized>
         <run_address>0x20000000</run_address>
         <size>0x26c</size>
         <input_file_ref idref="fl-1d"/>
      </object_component>
      <object_component id="oc-270">
         <name>.data:PowerMSP432E4_module</name>
         <load_address>0x200084dc</load_address>
         <run_address>0x200084dc</run_address>
         <size>0x16c</size>
         <input_file_ref idref="fl-10"/>
      </object_component>
      <object_component id="oc-288">
         <name>.data</name>
         <load_address>0x20008760</load_address>
         <run_address>0x20008760</run_address>
         <size>0x1</size>
         <input_file_ref idref="fl-11"/>
      </object_component>
      <object_component id="oc-6bd">
         <name>.data</name>
         <load_address>0x20008755</load_address>
         <run_address>0x20008755</run_address>
         <size>0x3</size>
         <input_file_ref idref="fl-16"/>
      </object_component>
      <object_component id="oc-742">
         <name>.data:SemaphoreP_defaultParams</name>
         <load_address>0x20008748</load_address>
         <run_address>0x20008748</run_address>
         <size>0x8</size>
         <input_file_ref idref="fl-16"/>
      </object_component>
      <object_component id="oc-7c6">
         <name>.data</name>
         <load_address>0x20008750</load_address>
         <run_address>0x20008750</run_address>
         <size>0x5</size>
         <input_file_ref idref="fl-17"/>
      </object_component>
      <object_component id="oc-73e">
         <name>.data:HwiP_dispatchTable</name>
         <load_address>0x20008270</load_address>
         <run_address>0x20008270</run_address>
         <size>0x26c</size>
         <input_file_ref idref="fl-18"/>
      </object_component>
      <object_component id="oc-73b">
         <name>.data</name>
         <load_address>0x20008758</load_address>
         <run_address>0x20008758</run_address>
         <size>0x4</size>
         <input_file_ref idref="fl-18"/>
      </object_component>
      <object_component id="oc-22a">
         <name>.data:$O1$$</name>
         <load_address>0x20008738</load_address>
         <run_address>0x20008738</run_address>
         <size>0x8</size>
         <input_file_ref idref="fl-e7"/>
      </object_component>
      <object_component id="oc-2a4">
         <name>.data:_ftable</name>
         <load_address>0x20008648</load_address>
         <run_address>0x20008648</run_address>
         <size>0xf0</size>
         <input_file_ref idref="fl-eb"/>
      </object_component>
      <object_component id="oc-795">
         <name>.data:$O1$$</name>
         <load_address>0x20008740</load_address>
         <run_address>0x20008740</run_address>
         <size>0x8</size>
         <input_file_ref idref="fl-ed"/>
      </object_component>
      <object_component id="oc-445">
         <name>.data</name>
         <load_address>0x2000875c</load_address>
         <run_address>0x2000875c</run_address>
         <size>0x4</size>
         <input_file_ref idref="fl-f0"/>
      </object_component>
      <object_component id="oc-3d5">
         <name>.bss:uartMSP432E4RingBuffer0</name>
         <uninitialized>true</uninitialized>
         <run_address>0x200087f0</run_address>
         <size>0x20</size>
         <input_file_ref idref="fl-4"/>
      </object_component>
      <object_component id="oc-7c9">
         <name>.bss</name>
         <uninitialized>true</uninitialized>
         <run_address>0x20008820</run_address>
         <size>0x4</size>
         <input_file_ref idref="fl-17"/>
      </object_component>
      <object_component id="oc-224">
         <name>.common:uartHandle</name>
         <uninitialized>true</uninitialized>
         <run_address>0x20008824</run_address>
         <size>0x4</size>
      </object_component>
      <object_component id="oc-223">
         <name>.common:uartParams</name>
         <uninitialized>true</uninitialized>
         <run_address>0x200087cc</run_address>
         <size>0x24</size>
      </object_component>
      <object_component id="oc-2fd">
         <name>.common:uartMSP432E4Objects</name>
         <uninitialized>true</uninitialized>
         <run_address>0x20008768</run_address>
         <size>0x64</size>
      </object_component>
      <object_component id="oc-f2">
         <name>.common:ClockP_ctrl</name>
         <uninitialized>true</uninitialized>
         <run_address>0x20008810</run_address>
         <size>0x10</size>
      </object_component>
      <object_component id="oc-29">
         <name>.sysmem</name>
         <uninitialized>true</uninitialized>
         <run_address>0x20000270</run_address>
         <size>0x10</size>
         <input_file_ref idref="fl-ed"/>
      </object_component>
      <object_component id="oc-81b">
         <name>.sysmem</name>
         <uninitialized>true</uninitialized>
         <run_address>0x20000270</run_address>
         <size>0x0</size>
      </object_component>
      <object_component id="oc-2c">
         <name>.stack</name>
         <uninitialized>true</uninitialized>
         <run_address>0x2003f000</run_address>
         <size>0x4</size>
         <input_file_ref idref="fl-f1"/>
      </object_component>
      <object_component id="oc-81a">
         <name>.stack</name>
         <uninitialized>true</uninitialized>
         <run_address>0x2003f000</run_address>
         <size>0x0</size>
      </object_component>
      <object_component id="oc-26">
         <name>.intvecs:retain</name>
         <load_address>0x0</load_address>
         <run_address>0x0</run_address>
         <size>0x200</size>
         <input_file_ref idref="fl-1a"/>
      </object_component>
      <object_component id="oc-16f">
         <name>.debug_info</name>
         <load_address>0x0</load_address>
         <run_address>0x0</run_address>
         <size>0x2c9</size>
         <input_file_ref idref="fl-2"/>
      </object_component>
      <object_component id="oc-140">
         <name>.debug_info</name>
         <load_address>0x2c9</load_address>
         <run_address>0x2c9</run_address>
         <size>0x133</size>
         <input_file_ref idref="fl-2"/>
      </object_component>
      <object_component id="oc-102">
         <name>.debug_info</name>
         <load_address>0x3fc</load_address>
         <run_address>0x3fc</run_address>
         <size>0x26b</size>
         <input_file_ref idref="fl-2"/>
      </object_component>
      <object_component id="oc-35">
         <name>.debug_info</name>
         <load_address>0x667</load_address>
         <run_address>0x667</run_address>
         <size>0x84</size>
         <input_file_ref idref="fl-2"/>
      </object_component>
      <object_component id="oc-168">
         <name>.debug_info</name>
         <load_address>0x6eb</load_address>
         <run_address>0x6eb</run_address>
         <size>0x2a4</size>
         <input_file_ref idref="fl-2"/>
      </object_component>
      <object_component id="oc-1de">
         <name>.debug_info</name>
         <load_address>0x98f</load_address>
         <run_address>0x98f</run_address>
         <size>0xef</size>
         <input_file_ref idref="fl-2"/>
      </object_component>
      <object_component id="oc-f8">
         <name>.debug_info</name>
         <load_address>0xa7e</load_address>
         <run_address>0xa7e</run_address>
         <size>0xbb</size>
         <input_file_ref idref="fl-2"/>
      </object_component>
      <object_component id="oc-1d9">
         <name>.debug_info</name>
         <load_address>0xb39</load_address>
         <run_address>0xb39</run_address>
         <size>0x53</size>
         <input_file_ref idref="fl-2"/>
      </object_component>
      <object_component id="oc-16d">
         <name>.debug_info</name>
         <load_address>0xb8c</load_address>
         <run_address>0xb8c</run_address>
         <size>0x99e</size>
         <input_file_ref idref="fl-3"/>
      </object_component>
      <object_component id="oc-293">
         <name>.debug_info</name>
         <load_address>0x152a</load_address>
         <run_address>0x152a</run_address>
         <size>0x1a0</size>
         <input_file_ref idref="fl-3"/>
      </object_component>
      <object_component id="oc-20c">
         <name>.debug_info</name>
         <load_address>0x16ca</load_address>
         <run_address>0x16ca</run_address>
         <size>0x134</size>
         <input_file_ref idref="fl-3"/>
      </object_component>
      <object_component id="oc-21e">
         <name>.debug_info</name>
         <load_address>0x17fe</load_address>
         <run_address>0x17fe</run_address>
         <size>0x128</size>
         <input_file_ref idref="fl-3"/>
      </object_component>
      <object_component id="oc-18c">
         <name>.debug_info</name>
         <load_address>0x1926</load_address>
         <run_address>0x1926</run_address>
         <size>0x177</size>
         <input_file_ref idref="fl-3"/>
      </object_component>
      <object_component id="oc-36d">
         <name>.debug_info</name>
         <load_address>0x1a9d</load_address>
         <run_address>0x1a9d</run_address>
         <size>0x11b</size>
         <input_file_ref idref="fl-3"/>
      </object_component>
      <object_component id="oc-367">
         <name>.debug_info</name>
         <load_address>0x1bb8</load_address>
         <run_address>0x1bb8</run_address>
         <size>0x14c</size>
         <input_file_ref idref="fl-3"/>
      </object_component>
      <object_component id="oc-1d4">
         <name>.debug_info</name>
         <load_address>0x1d04</load_address>
         <run_address>0x1d04</run_address>
         <size>0x4cf</size>
         <input_file_ref idref="fl-3"/>
      </object_component>
      <object_component id="oc-fd">
         <name>.debug_info</name>
         <load_address>0x21d3</load_address>
         <run_address>0x21d3</run_address>
         <size>0x1028</size>
         <input_file_ref idref="fl-3"/>
      </object_component>
      <object_component id="oc-1e3">
         <name>.debug_info</name>
         <load_address>0x31fb</load_address>
         <run_address>0x31fb</run_address>
         <size>0xbf</size>
         <input_file_ref idref="fl-3"/>
      </object_component>
      <object_component id="oc-2b5">
         <name>.debug_info</name>
         <load_address>0x32ba</load_address>
         <run_address>0x32ba</run_address>
         <size>0x2c</size>
         <input_file_ref idref="fl-3"/>
      </object_component>
      <object_component id="oc-1e8">
         <name>.debug_info</name>
         <load_address>0x32e6</load_address>
         <run_address>0x32e6</run_address>
         <size>0x35</size>
         <input_file_ref idref="fl-3"/>
      </object_component>
      <object_component id="oc-1d0">
         <name>.debug_info</name>
         <load_address>0x331b</load_address>
[...]
      </symbol>
      <symbol id="sm-51e">
         <name>ClockP_Params_init</name>
         <value>0x4569</value>
         <object_component_ref idref="oc-4db"/>
      </symbol>
      <symbol id="sm-51f">
         <name>ClockP_destruct</name>
         <value>0x3db9</value>
         <object_component_ref idref="oc-5d6"/>
      </symbol>
      <symbol id="sm-520">
         <name>ClockP_start</name>
         <value>0x3efd</value>
         <object_component_ref idref="oc-6a5"/>
      </symbol>
      <symbol id="sm-521">
         <name>ClockP_sysTickHandler</name>
         <value>0x3599</value>
         <object_component_ref idref="oc-7e"/>
      </symbol>
      <symbol id="sm-522">
         <name>ClockP_isActive</name>
         <value>0x4573</value>
         <object_component_ref idref="oc-6b1"/>
      </symbol>
      <symbol id="sm-523">
         <name>ClockP_getCpuFreq</name>
         <value>0x44a5</value>
         <object_component_ref idref="oc-4f9"/>
      </symbol>
      <symbol id="sm-524">
         <name>ClockP_add</name>
         <value>0x4483</value>
         <object_component_ref idref="oc-69f"/>
      </symbol>
      <symbol id="sm-59d">
         <name>HwiP_delete</name>
         <value>0x44b5</value>
         <object_component_ref idref="oc-484"/>
      </symbol>
      <symbol id="sm-59e">
         <name>HwiP_construct</name>
         <value>0x2d71</value>
         <object_component_ref idref="oc-617"/>
      </symbol>
      <symbol id="sm-59f">
         <name>HwiP_inISR</name>
         <value>0x43c9</value>
         <object_component_ref idref="oc-76e"/>
      </symbol>
      <symbol id="sm-5a0">
         <name>HwiP_destruct</name>
         <value>0x4417</value>
         <object_component_ref idref="oc-5c8"/>
      </symbol>
      <symbol id="sm-5a1">
         <name>HwiP_swiPIntNum</name>
         <value>0x20008758</value>
         <object_component_ref idref="oc-73b"/>
      </symbol>
      <symbol id="sm-5a2">
         <name>HwiP_Params_init</name>
         <value>0x4405</value>
         <object_component_ref idref="oc-4ab"/>
      </symbol>
      <symbol id="sm-5a3">
         <name>HwiP_disable</name>
         <value>0x45bd</value>
         <object_component_ref idref="oc-27c"/>
      </symbol>
      <symbol id="sm-5a4">
         <name>HwiP_create</name>
         <value>0x3fe9</value>
         <object_component_ref idref="oc-4cf"/>
      </symbol>
      <symbol id="sm-5a5">
         <name>HwiP_enable</name>
         <value>0x45c1</value>
         <object_component_ref idref="oc-185"/>
      </symbol>
      <symbol id="sm-5a6">
         <name>HwiP_restore</name>
         <value>0x4591</value>
         <object_component_ref idref="oc-282"/>
      </symbol>
      <symbol id="sm-5b3">
         <name>PowerMSP432E4_sleepPolicy</name>
         <value>0x44e5</value>
         <object_component_ref idref="oc-2e8"/>
      </symbol>
      <symbol id="sm-5f1">
         <name>resetISR</name>
         <value>0x4139</value>
         <object_component_ref idref="oc-20"/>
      </symbol>
      <symbol id="sm-5f2">
         <name>resetVectors</name>
         <value>0x0</value>
         <object_component_ref idref="oc-26"/>
      </symbol>
      <symbol id="sm-615">
         <name>FPUEnable</name>
         <value>0x42e5</value>
         <object_component_ref idref="oc-58"/>
      </symbol>
      <symbol id="sm-667">
         <name>GPIOPinConfigure</name>
         <value>0x38d9</value>
         <object_component_ref idref="oc-4b7"/>
      </symbol>
      <symbol id="sm-668">
         <name>GPIOPinTypeUART</name>
         <value>0x4065</value>
         <object_component_ref idref="oc-4c3"/>
      </symbol>
      <symbol id="sm-669">
         <name>GPIODirModeSet</name>
         <value>0x32d9</value>
         <object_component_ref idref="oc-603"/>
      </symbol>
      <symbol id="sm-66a">
         <name>GPIOPadConfigSet</name>
         <value>0x1491</value>
         <object_component_ref idref="oc-609"/>
      </symbol>
      <symbol id="sm-6ea">
         <name>IntPrioritySet</name>
         <value>0x349d</value>
         <object_component_ref idref="oc-729"/>
      </symbol>
      <symbol id="sm-6eb">
         <name>IntEnable</name>
         <value>0x2b85</value>
         <object_component_ref idref="oc-72f"/>
      </symbol>
      <symbol id="sm-6ec">
         <name>IntDisable</name>
         <value>0x2b05</value>
         <object_component_ref idref="oc-6f4"/>
      </symbol>
      <symbol id="sm-6ed">
         <name>IntRegister</name>
         <value>0x3335</value>
         <object_component_ref idref="oc-723"/>
      </symbol>
      <symbol id="sm-6ee">
         <name>IntMasterDisable</name>
         <value>0x44c5</value>
         <object_component_ref idref="oc-52"/>
      </symbol>
      <symbol id="sm-6ef">
         <name>IntUnregister</name>
         <value>0x41d1</value>
         <object_component_ref idref="oc-6fa"/>
      </symbol>
      <symbol id="sm-6f0">
         <name>g_pfnRAMVectors</name>
         <value>0x20000000</value>
         <object_component_ref idref="oc-78b"/>
      </symbol>
      <symbol id="sm-6f1">
         <name>IntMasterEnable</name>
         <value>0x44d5</value>
         <object_component_ref idref="oc-1fe"/>
      </symbol>
      <symbol id="sm-7bf">
         <name>SysCtlPeripheralPresent</name>
         <value>0x3961</value>
         <object_component_ref idref="oc-5ae"/>
      </symbol>
      <symbol id="sm-7c0">
         <name>SysCtlPeripheralClockGating</name>
         <value>0x3fbd</value>
         <object_component_ref idref="oc-267"/>
      </symbol>
      <symbol id="sm-7c1">
         <name>SysCtlPeripheralEnable</name>
         <value>0x3bb9</value>
         <object_component_ref idref="oc-5e8"/>
      </symbol>
      <symbol id="sm-7c2">
         <name>SysCtlPeripheralPowerOff</name>
         <value>0x3bf9</value>
         <object_component_ref idref="oc-261"/>
      </symbol>
      <symbol id="sm-7c3">
         <name>SysCtlPeripheralPowerOn</name>
         <value>0x3c39</value>
         <object_component_ref idref="oc-5e2"/>
      </symbol>
      <symbol id="sm-7c4">
         <name>SysCtlPeripheralSleepDisable</name>
         <value>0x3c79</value>
         <object_component_ref idref="oc-5ba"/>
      </symbol>
      <symbol id="sm-7c5">
         <name>SysCtlPeripheralDisable</name>
         <value>0x3b79</value>
         <object_component_ref idref="oc-5b4"/>
      </symbol>
      <symbol id="sm-7c6">
         <name>SysCtlPeripheralSleepEnable</name>
         <value>0x3cb9</value>
         <object_component_ref idref="oc-5ee"/>
      </symbol>
      <symbol id="sm-7c7">
         <name>SysCtlPeripheralReady</name>
         <value>0x39a5</value>
         <object_component_ref idref="oc-5f4"/>
      </symbol>
      <symbol id="sm-7c8">
         <name>SysCtlClockFreqSet</name>
         <value>0xf41</value>
         <object_component_ref idref="oc-5e"/>
      </symbol>
      <symbol id="sm-86d">
         <name>UARTCharPutNonBlocking</name>
         <value>0x40ad</value>
         <object_component_ref idref="oc-697"/>
      </symbol>
      <symbol id="sm-86e">
         <name>UARTTxIntModeSet</name>
         <value>0x4225</value>
         <object_component_ref idref="oc-555"/>
      </symbol>
      <symbol id="sm-86f">
         <name>UARTRxErrorClear</name>
         <value>0x4515</value>
         <object_component_ref idref="oc-664"/>
      </symbol>
      <symbol id="sm-870">
         <name>UARTFlowControlSet</name>
         <value>0x4209</value>
         <object_component_ref idref="oc-4c9"/>
      </symbol>
      <symbol id="sm-871">
         <name>UARTConfigSetExpClk</name>
         <value>0x2cfb</value>
         <object_component_ref idref="oc-4ff"/>
      </symbol>
      <symbol id="sm-872">
         <name>UARTDisable</name>
         <value>0x3f5d</value>
         <object_component_ref idref="oc-466"/>
      </symbol>
      <symbol id="sm-873">
         <name>UARTBusy</name>
         <value>0x4159</value>
         <object_component_ref idref="oc-543"/>
      </symbol>
      <symbol id="sm-874">
         <name>UARTIntEnable</name>
         <value>0x4345</value>
         <object_component_ref idref="oc-49d"/>
      </symbol>
      <symbol id="sm-875">
         <name>UARTCharsAvail</name>
         <value>0x4195</value>
         <object_component_ref idref="oc-754"/>
      </symbol>
      <symbol id="sm-876">
         <name>UARTCharGetNonBlocking</name>
         <value>0x41ed</value>
         <object_component_ref idref="oc-686"/>
      </symbol>
      <symbol id="sm-877">
         <name>UARTIntDisable</name>
         <value>0x432d</value>
         <object_component_ref idref="oc-460"/>
      </symbol>
      <symbol id="sm-878">
         <name>UARTCharPut</name>
         <value>0x4177</value>
         <object_component_ref idref="oc-53b"/>
      </symbol>
      <symbol id="sm-879">
         <name>UARTRxErrorGet</name>
         <value>0x444d</value>
         <object_component_ref idref="oc-65e"/>
      </symbol>
      <symbol id="sm-87a">
         <name>UARTEnable</name>
         <value>0x40d1</value>
         <object_component_ref idref="oc-4ed"/>
      </symbol>
      <symbol id="sm-87b">
         <name>UARTIntClear</name>
         <value>0x443b</value>
         <object_component_ref idref="oc-4e7"/>
      </symbol>
      <symbol id="sm-87c">
         <name>UARTIntStatus</name>
         <value>0x41b3</value>
         <object_component_ref idref="oc-549"/>
      </symbol>
      <symbol id="sm-87d">
         <name>UARTCharGet</name>
         <value>0x4373</value>
         <object_component_ref idref="oc-535"/>
      </symbol>
      <symbol id="sm-87e">
         <name>UARTFIFOLevelSet</name>
         <value>0x4315</value>
         <object_component_ref idref="oc-4f3"/>
      </symbol>
      <symbol id="sm-890">
         <name>CPUcpsie</name>
         <value>0x455d</value>
         <object_component_ref idref="oc-275"/>
      </symbol>
      <symbol id="sm-891">
         <name>CPUcpsid</name>
         <value>0x4551</value>
         <object_component_ref idref="oc-a8"/>
      </symbol>
      <symbol id="sm-8bd">
         <name>printf</name>
         <value>0x30dd</value>
         <object_component_ref idref="oc-217"/>
      </symbol>
      <symbol id="sm-a27">
         <name>__TI_printfi</name>
         <value>0x201</value>
         <object_component_ref idref="oc-29e"/>
      </symbol>
      <symbol id="sm-a47">
         <name>frexpl</name>
         <value>0x3211</value>
         <object_component_ref idref="oc-429"/>
      </symbol>
      <symbol id="sm-a48">
         <name>frexp</name>
         <value>0x3211</value>
         <object_component_ref idref="oc-429"/>
      </symbol>
      <symbol id="sm-a65">
         <name>scalbn</name>
         <value>0x1ded</value>
         <object_component_ref idref="oc-42f"/>
      </symbol>
      <symbol id="sm-a66">
         <name>scalbnl</name>
         <value>0x1ded</value>
         <object_component_ref idref="oc-42f"/>
      </symbol>
      <symbol id="sm-a67">
         <name>ldexpl</name>
         <value>0x1ded</value>
         <object_component_ref idref="oc-42f"/>
      </symbol>
      <symbol id="sm-a68">
         <name>ldexp</name>
         <value>0x1ded</value>
         <object_component_ref idref="oc-42f"/>
      </symbol>
      <symbol id="sm-a81">
         <name>wcslen</name>
         <value>0x4471</value>
         <object_component_ref idref="oc-349"/>
      </symbol>
      <symbol id="sm-a98">
         <name>__aeabi_dsub</name>
         <value>0x189d</value>
         <object_component_ref idref="oc-409"/>
      </symbol>
      <symbol id="sm-a99">
         <name>__aeabi_dadd</name>
         <value>0x18a7</value>
         <object_component_ref idref="oc-409"/>
      </symbol>
      <symbol id="sm-abb">
         <name>__aeabi_cdcmpeq</name>
         <value>0x29f9</value>
         <object_component_ref idref="oc-326"/>
      </symbol>
      <symbol id="sm-abc">
         <name>__aeabi_cdcmple</name>
         <value>0x29f9</value>
         <object_component_ref idref="oc-326"/>
      </symbol>
      <symbol id="sm-abd">
         <name>__aeabi_cdrcmple</name>
         <value>0x2a7f</value>
         <object_component_ref idref="oc-3f4"/>
      </symbol>
      <symbol id="sm-ad1">
         <name>__aeabi_ddiv</name>
         <value>0x1b91</value>
         <object_component_ref idref="oc-3ef"/>
      </symbol>
      <symbol id="sm-adc">
         <name>__aeabi_dmul</name>
         <value>0x1ffd</value>
         <object_component_ref idref="oc-3ea"/>
      </symbol>
      <symbol id="sm-ae6">
         <name>__aeabi_d2iz</name>
         <value>0x3805</value>
         <object_component_ref idref="oc-3f9"/>
      </symbol>
      <symbol id="sm-af0">
         <name>__aeabi_i2d</name>
         <value>0x3f8d</value>
         <object_component_ref idref="oc-404"/>
      </symbol>
      <symbol id="sm-afe">
         <name>__aeabi_uldivmod</name>
         <value>0x2727</value>
         <object_component_ref idref="oc-3e3"/>
      </symbol>
      <symbol id="sm-b0d">
         <name>__aeabi_memset</name>
         <value>0x2c83</value>
         <object_component_ref idref="oc-a2"/>
      </symbol>
      <symbol id="sm-b0e">
         <name>memset</name>
         <value>0x2c89</value>
         <object_component_ref idref="oc-a2"/>
      </symbol>
      <symbol id="sm-b0f">
         <name>__aeabi_memset8</name>
         <value>0x2c83</value>
         <object_component_ref idref="oc-a2"/>
      </symbol>
      <symbol id="sm-b10">
         <name>__aeabi_memset4</name>
         <value>0x2c83</value>
         <object_component_ref idref="oc-a2"/>
      </symbol>
      <symbol id="sm-b11">
         <name>__aeabi_memclr8</name>
         <value>0x2c81</value>
         <object_component_ref idref="oc-a2"/>
      </symbol>
      <symbol id="sm-b12">
         <name>__aeabi_memclr4</name>
         <value>0x2c81</value>
         <object_component_ref idref="oc-a2"/>
      </symbol>
      <symbol id="sm-b13">
         <name>__aeabi_memclr</name>
         <value>0x2c81</value>
         <object_component_ref idref="oc-a2"/>
      </symbol>
      <symbol id="sm-b2c">
         <name>__TI_zero_init_nomemset</name>
         <value>0x4241</value>
         <object_component_ref idref="oc-46"/>
      </symbol>
      <symbol id="sm-b43">
         <name>__TI_decompress_none</name>
         <value>0x4543</value>
         <object_component_ref idref="oc-19"/>
      </symbol>
      <symbol id="sm-b66">
         <name>__TI_decompress_lzss</name>
         <value>0x3075</value>
         <object_component_ref idref="oc-13"/>
      </symbol>
      <symbol id="sm-b7b">
         <name>_nop</name>
         <value>0x1cc7</value>
         <object_component_ref idref="oc-2bd"/>
      </symbol>
      <symbol id="sm-b7c">
         <name>_lock</name>
         <value>0x20008738</value>
         <object_component_ref idref="oc-22a"/>
      </symbol>
      <symbol id="sm-b7d">
         <name>_unlock</name>
         <value>0x2000873c</value>
         <object_component_ref idref="oc-22a"/>
      </symbol>
      <symbol id="sm-b8c">
         <name>__TI_ltoa</name>
         <value>0x34f1</value>
         <object_component_ref idref="oc-3fe"/>
      </symbol>
      <symbol id="sm-ba2">
         <name>atoi</name>
         <value>0x3725</value>
         <object_component_ref idref="oc-31a"/>
      </symbol>
      <symbol id="sm-bad">
         <name>_ctypes_</name>
         <value>0x4788</value>
         <object_component_ref idref="oc-3de"/>
      </symbol>
      <symbol id="sm-bb9">
         <name>_ftable</name>
         <value>0x20008648</value>
         <object_component_ref idref="oc-2a4"/>
      </symbol>
      <symbol id="sm-bc9">
         <name>memccpy</name>
         <value>0x4279</value>
         <object_component_ref idref="oc-343"/>
      </symbol>
      <symbol id="sm-c52">
         <name>_sys_memory</name>
         <value>0x20000270</value>
         <object_component_ref idref="oc-29"/>
      </symbol>
      <symbol id="sm-c53">
         <name>free</name>
         <value>0x20f9</value>
         <object_component_ref idref="oc-5ce"/>
      </symbol>
      <symbol id="sm-c54">
         <name>memalign</name>
         <value>0x1efd</value>
         <object_component_ref idref="oc-71c"/>
      </symbol>
      <symbol id="sm-c55">
         <name>malloc</name>
         <value>0x45a1</value>
         <object_component_ref idref="oc-611"/>
      </symbol>
      <symbol id="sm-c56">
         <name>aligned_alloc</name>
         <value>0x1efd</value>
         <object_component_ref idref="oc-71c"/>
      </symbol>
      <symbol id="sm-c66">
         <name>strchr</name>
         <value>0x4389</value>
         <object_component_ref idref="oc-435"/>
      </symbol>
      <symbol id="sm-c74">
         <name>strlen</name>
         <value>0x43f1</value>
         <object_component_ref idref="oc-314"/>
      </symbol>
      <symbol id="sm-c8a">
         <name>__aeabi_errno_addr</name>
         <value>0x4599</value>
         <object_component_ref idref="oc-34f"/>
      </symbol>
      <symbol id="sm-c8b">
         <name>errno</name>
         <value>0x2000875c</value>
         <object_component_ref idref="oc-445"/>
      </symbol>
      <symbol id="sm-c9e">
         <name>__stack</name>
         <value>0x2003f000</value>
         <object_component_ref idref="oc-2c"/>
      </symbol>
      <symbol id="sm-c9f">
         <name>_c_int00_noargs</name>
         <value>0x3e99</value>
         <object_component_ref idref="oc-d6"/>
      </symbol>
      <symbol id="sm-ca9">
         <name>copysign</name>
         <value>0x42c9</value>
         <object_component_ref idref="oc-588"/>
      </symbol>
      <symbol id="sm-caa">
         <name>copysignl</name>
         <value>0x42c9</value>
         <object_component_ref idref="oc-588"/>
      </symbol>
      <symbol id="sm-cb4">
         <name>__aeabi_idiv0</name>
         <value>0x3b77</value>
         <object_component_ref idref="oc-56f"/>
      </symbol>
      <symbol id="sm-cb5">
         <name>__aeabi_ldiv0</name>
         <value>0x3b77</value>
         <object_component_ref idref="oc-56f"/>
      </symbol>
      <symbol id="sm-cd0">
         <name>memcpy</name>
         <value>0x25f3</value>
         <object_component_ref idref="oc-3a"/>
      </symbol>
      <symbol id="sm-cd1">
         <name>__aeabi_memcpy</name>
         <value>0x25f3</value>
         <object_component_ref idref="oc-3a"/>
      </symbol>
      <symbol id="sm-cd2">
         <name>__aeabi_memcpy8</name>
         <value>0x25f3</value>
         <object_component_ref idref="oc-3a"/>
      </symbol>
      <symbol id="sm-cd3">
         <name>__aeabi_memcpy4</name>
         <value>0x25f3</value>
         <object_component_ref idref="oc-3a"/>
      </symbol>
      <symbol id="sm-cfb">
         <name>__TI_auto_init_nobinit_nopinit</name>
         <value>0x3a71</value>
         <object_component_ref idref="oc-19e"/>
      </symbol>
      <symbol id="sm-d05">
         <name>_system_pre_init</name>
         <value>0x45d1</value>
         <object_component_ref idref="oc-139"/>
      </symbol>
      <symbol id="sm-d11">
         <name>C$$EXIT</name>
         <value>0x45d5</value>
         <object_component_ref idref="oc-192"/>
      </symbol>
      <symbol id="sm-d12">
         <name>abort</name>
         <value>0x45d5</value>
         <object_component_ref idref="oc-192"/>
      </symbol>
      <symbol id="sm-d14">
         <name>__TI_static_base__</name>
         <value>0x4b60</value>
      </symbol>
      <symbol id="sm-d17">
         <name>__mpu_init</name>
         <value>0x0</value>
      </symbol>
      <symbol id="sm-d18">
         <name>_system_post_cinit</name>
         <value>0x0</value>
      </symbol>
      <symbol id="sm-d19">
         <name>NoRTOS_start</name>
         <value>0x45c1</value>
      </symbol>
   </symbol_table>
   <title>Link successful</title>
</link_info>
