******************************************************************************
                  TI ARM Linker PC v20.2.5                     
******************************************************************************
>> Linked Thu Aug 12 17:52:50 2021

OUTPUT FILE NAME:   <01.LED.out>
ENTRY POINT SYMBOL: "resetISR"  address: 00001c49


MEMORY CONFIGURATION

         name            origin    length      used     unused   attr    fill
----------------------  --------  ---------  --------  --------  ----  --------
  FLASH                 00000000   00100000  000023ef  000fdc11  R  X
  SRAM                  20000000   00040000  00009838  000367c8  RW X


SEGMENT ALLOCATION MAP

run origin  load origin   length   init length attrs members
----------  ----------- ---------- ----------- ----- -------
00000000    00000000    000023f8   000023f8    r-x
  00000000    00000000    00000200   00000200    r-- .intvecs
  00000200    00000200    00001cbe   00001cbe    r-x .text
  00001ec0    00001ec0    000003f1   000003f1    r-- .const
  000022b8    000022b8    00000140   00000140    r-- .cinit
20000000    20000000    00008840   00000000    rw-
  20000000    20000000    0000026c   00000000    rw- .vtable
  20000270    20000270    00008000   00000000    rw- .sysmem
  20008270    20008270    00000424   00000000    rw- .data
  20008698    20008698    000001a8   00000000    rw- .bss
2003f000    2003f000    00001000   00000000    rw-
  2003f000    2003f000    00001000   00000000    rw- .stack


SECTION ALLOCATION MAP

 output                                  attributes/
section   page    origin      length       input sections
--------  ----  ----------  ----------   ----------------
.intvecs   0    00000000    00000200     
                  00000000    00000200     nortos_msp432e4.aem4f : startup_msp432e4_ccs.oem4f (.intvecs:retain)

.text      0    00000200    00001cbe     
                  00000200    000002e0     msp432e4_driverlib.a : sysctl.o (.text:SysCtlClockFreqSet)
                  000004e0    0000023a                          : gpio.o (.text:GPIOPadConfigSet)
                  0000071a    00000002     ti_drivers_config.obj (.text:Board_initHook)
                  0000071c    00000184     drivers_msp432e4.aem4f : GPIOMSP432E4.oem4f (.text:GPIO_setConfig)
                  000008a0    00000110                            : LED.oem4f (.text:LED_open)
                  000009b0    00000100     rtsv7M4_T_le_v4SPD16_eabi.lib : memory.c.obj (.text:aligned_alloc)
                  00000ab0    000000e4                                   : memory.c.obj (.text:free)
                  00000b94    000000ac     drivers_msp432e4.aem4f : GPIOMSP432E4.oem4f (.text:GPIO_init)
                  00000c40    000000a4     msp432e4_driverlib.a : gpio.o (.text:GPIOIntTypeSet)
                  00000ce4    000000a0     nortos_msp432e4.aem4f : SemaphoreP_nortos.oem4f (.text:SemaphoreP_pend)
                  00000d84    0000009c     rtsv7M4_T_le_v4SPD16_eabi.lib : memcpy_t2.asm.obj (.text)
                  00000e20    00000090     msp432e4_driverlib.a : sysctl.o (.text:_SysCtlFrequencyGet)
                  00000eb0    00000080                          : interrupt.o (.text:IntEnable)
                  00000f30    0000007a     led.obj (.text:mainThread)
                  00000faa    0000007a     rtsv7M4_T_le_v4SPD16_eabi.lib : memset_t2.asm.obj (.text)
                  00001024    00000070     nortos_msp432e4.aem4f : HwiPMSP432E4_nortos.oem4f (.text:HwiP_construct)
                  00001094    00000070     rtsv7M4_T_le_v4SPD16_eabi.lib : memory.c.obj (.text:split)
                  00001104    00000068     drivers_msp432e4.aem4f : GPIOMSP432E4.oem4f (.text:GPIO_hwiIntFxn)
                  0000116c    00000068                            : PowerMSP432E4.oem4f (.text:Power_setDependency)
                  000011d4    00000068     rtsv7M4_T_le_v4SPD16_eabi.lib : copy_decompress_lzss.c.obj (.text:decompress:lzss:__TI_decompress_lzss)
                  0000123c    00000064     drivers_msp432e4.aem4f : PowerMSP432E4.oem4f (.text:Power_init)
                  000012a0    0000005c     msp432e4_driverlib.a : gpio.o (.text:GPIODirModeSet)
                  000012fc    0000005c                          : interrupt.o (.text:IntRegister)
                  00001358    00000058     drivers_msp432e4.aem4f : GPIOMSP432E4.oem4f (.text:GPIO_setCallback)
                  000013b0    00000058     nortos_msp432e4.aem4f : ClockPSysTick_nortos.oem4f (.text:sysTickInit)
                  00001408    00000054     drivers_msp432e4.aem4f : GPIOMSP432E4.oem4f (.text:GPIO_write)
                  0000145c    00000054     msp432e4_driverlib.a : interrupt.o (.text:IntPrioritySet)
                  000014b0    00000050     nortos_msp432e4.aem4f : ClockPSysTick_nortos.oem4f (.text:ClockP_sysTickHandler)
                  00001500    00000050     drivers_msp432e4.aem4f : LED.oem4f (.text:LED_startBlinking)
                  00001550    00000050     nortos_msp432e4.aem4f : SemaphoreP_nortos.oem4f (.text:SemaphoreP_construct)
                  000015a0    00000044                           : ClockPSysTick_nortos.oem4f (.text:ClockP_stop)
                  000015e4    00000044     drivers_msp432e4.aem4f : PWM.oem4f (.text:PWM_init)
                  00001628    00000044     nortos_msp432e4.aem4f : SemaphoreP_nortos.oem4f (.text:SemaphoreP_post)
                  0000166c    00000044     msp432e4_driverlib.a : sysctl.o (.text:SysCtlPeripheralPresent)
                  000016b0    00000044                          : sysctl.o (.text:SysCtlPeripheralReady)
                  000016f4    00000044                          : sysctl.o (.text:_SysCtlMemTimingGet)
                  00001738    00000044     rtsv7M4_T_le_v4SPD16_eabi.lib : autoinit.c.obj (.text:__TI_auto_init_nobinit_nopinit:__TI_auto_init_nobinit_nopinit)
                  0000177c    00000040     nortos_msp432e4.aem4f : ClockPSysTick_nortos.oem4f (.text:ClockP_construct)
                  000017bc    00000040     drivers_msp432e4.aem4f : PWM.oem4f (.text:PWM_open)
                  000017fc    00000040     msp432e4_driverlib.a : sysctl.o (.text:SysCtlPeripheralEnable)
                  0000183c    00000040                          : sysctl.o (.text:SysCtlPeripheralPowerOff)
                  0000187c    00000040                          : sysctl.o (.text:SysCtlPeripheralPowerOn)
                  000018bc    00000040                          : sysctl.o (.text:SysCtlPeripheralSleepEnable)
                  000018fc    0000003e     drivers_msp432e4.aem4f : LED.oem4f (.text:LED_setBrightnessLevel)
                  0000193a    00000002     rtsv7M4_T_le_v4SPD16_eabi.lib : _lock.c.obj (.text:_nop)
                  0000193c    0000003c     nortos_msp432e4.aem4f : ClockPSysTick_nortos.oem4f (.text:ClockP_destruct)
                  00001978    0000003c     drivers_msp432e4.aem4f : LED.oem4f (.text:LED_setOff)
                  000019b4    00000038     nortos_msp432e4.aem4f : ClockPSysTick_nortos.oem4f (.text:addToList)
                  000019ec    00000036     drivers_msp432e4.aem4f : LED.oem4f (.text:LED_setOn)
                  00001a22    00000036                            : LED.oem4f (.text:clockTimeoutHandler)
                  00001a58    00000034     nortos_msp432e4.aem4f : ClockPSysTick_nortos.oem4f (.text:ClockP_startup)
                  00001a8c    00000034     rtsv7M4_T_le_v4SPD16_eabi.lib : boot_cortex_m.c.obj (.text:_c_int00_noargs:_c_int00_noargs)
                  00001ac0    00000030     ti_drivers_config.obj (.text:Board_init)
                  00001af0    00000030     nortos_msp432e4.aem4f : ClockPSysTick_nortos.oem4f (.text:ClockP_start)
                  00001b20    0000002c     msp432e4_driverlib.a : sysctl.o (.text:SysCtlPeripheralClockGating)
                  00001b4c    0000002a     nortos_msp432e4.aem4f : HwiPMSP432E4_nortos.oem4f (.text:HwiP_create)
                  00001b76    00000002                           : startup_msp432e4_ccs.oem4f (.text:busFaultHandler)
                  00001b78    00000028     rtsv7M4_T_le_v4SPD16_eabi.lib : memory.c.obj (.text:free_list_insert)
                  00001ba0    00000024     nortos_msp432e4.aem4f : HwiPMSP432E4_nortos.oem4f (.text:HwiP_dispatch)
                  00001bc4    00000022     msp432e4_driverlib.a : gpio.o (.text:GPIOIntStatus)
                  00001be6    00000022     drivers_msp432e4.aem4f : LED.oem4f (.text:LED_stopBlinking)
                  00001c08    00000020     msp432e4_driverlib.a : gpio.o (.text:GPIOPinWrite)
                  00001c28    00000020     drivers_msp432e4.aem4f : GPIOMSP432E4.oem4f (.text:getGpioIntIndex)
                  00001c48    00000020     nortos_msp432e4.aem4f : startup_msp432e4_ccs.oem4f (.text:resetISR)
                  00001c68    0000001e     drivers_msp432e4.aem4f : LED.oem4f (.text:msToTicks)
                  00001c86    00000002     nortos_msp432e4.aem4f : SemaphoreP_nortos.oem4f (.text:clkFxn)
                  00001c88    0000001c     rtsv7M4_T_le_v4SPD16_eabi.lib : memory.c.obj (.text:free_list_remove)
                  00001ca4    0000001a     nortos_msp432e4.aem4f : ClockPSysTick_nortos.oem4f (.text:ClockP_create)
                  00001cbe    0000001a     drivers_msp432e4.aem4f : LED.oem4f (.text:LED_toggle)
                  00001cd8    0000001a     nortos_msp432e4.aem4f : SemaphoreP_nortos.oem4f (.text:SemaphoreP_createBinary)
                  00001cf2    00000002                           : startup_msp432e4_ccs.oem4f (.text:defaultHandler)
                  00001cf4    00000018     msp432e4_driverlib.a : fpu.o (.text:FPUEnable)
                  00001d0c    00000018     drivers_msp432e4.aem4f : PowerMSP432E4.oem4f (.text:Power_idleFunc)
                  00001d24    00000016     nortos_msp432e4.aem4f : SemaphoreP_nortos.oem4f (.text:SemaphoreP_create)
                  00001d3a    00000014     msp432e4_driverlib.a : gpio.o (.text:GPIOIntClear)
                  00001d4e    00000002     nortos_msp432e4.aem4f : startup_msp432e4_ccs.oem4f (.text:faultISR)
                  00001d50    00000014                           : HwiPMSP432E4_nortos.oem4f (.text:HwiP_inISR)
                  00001d64    00000014     drivers_msp432e4.aem4f : PWM.oem4f (.text:PWM_Params_init)
                  00001d78    00000014                            : PowerMSP432E4.oem4f (.text:Power_disablePolicy)
                  00001d8c    00000012     nortos_msp432e4.aem4f : HwiPMSP432E4_nortos.oem4f (.text:HwiP_Params_init)
                  00001d9e    00000012     drivers_msp432e4.aem4f : LED.oem4f (.text:LED_Params_init)
                  00001db0    00000012     main_nortos.obj (.text:main)
                  00001dc2    00000010     nortos_msp432e4.aem4f : ClockPSysTick_nortos.oem4f (.text:ClockP_add)
                  00001dd2    00000010     msp432e4_driverlib.a : interrupt.o (.text:IntMasterDisable)
                  00001de2    00000010                          : interrupt.o (.text:IntMasterEnable)
                  00001df2    00000002     nortos_msp432e4.aem4f : startup_msp432e4_ccs.oem4f (.text:nmiISR)
                  00001df4    00000010                           : PowerMSP432E4_nortos.oem4f (.text:PowerMSP432E4_sleepPolicy)
                  00001e04    00000010     drivers_msp432e4.aem4f : PowerMSP432E4.oem4f (.text:Power_enablePolicy)
                  00001e14    00000010     nortos_msp432e4.aem4f : SemaphoreP_nortos.oem4f (.text:SemaphoreP_Params_init)
                  00001e24    0000000e     rtsv7M4_T_le_v4SPD16_eabi.lib : copy_decompress_none.c.obj (.text:decompress:none:__TI_decompress_none)
                  00001e32    0000000c     msp432e4_driverlib.a : cpu.o (.text:CPUcpsid)
                  00001e3e    0000000c                          : cpu.o (.text:CPUcpsie)
                  00001e4a    00000002     --HOLE-- [fill = 0]
                  00001e4c    0000000c     nortos_msp432e4.aem4f : ClockPSysTick_nortos.oem4f (.text:ClockP_getSystemTickPeriod)
                  00001e58    0000000c     rtsv7M4_T_le_v4SPD16_eabi.lib : copy_zero_init.c.obj (.text:decompress:ZI:__TI_zero_init)
                  00001e64    0000000a     nortos_msp432e4.aem4f : ClockPSysTick_nortos.oem4f (.text:ClockP_Params_init)
                  00001e6e    0000000a                           : ClockPSysTick_nortos.oem4f (.text:ClockP_isActive)
                  00001e78    0000000a     drivers_msp432e4.aem4f : PWM.oem4f (.text:PWM_close)
                  00001e82    0000000a                            : PWM.oem4f (.text:PWM_setDuty)
                  00001e8c    0000000a                            : PWM.oem4f (.text:PWM_start)
                  00001e96    00000008     nortos_msp432e4.aem4f : HwiPMSP432E4_nortos.oem4f (.text:HwiP_restore)
                  00001e9e    00000008     rtsv7M4_T_le_v4SPD16_eabi.lib : memory.c.obj (.text:malloc)
                  00001ea6    00000004     nortos_msp432e4.aem4f : ClockPSysTick_nortos.oem4f (.text:ClockP_setTimeout)
                  00001eaa    00000004                           : HwiPMSP432E4_nortos.oem4f (.text:HwiP_disable)
                  00001eae    00000004                           : HwiPMSP432E4_nortos.oem4f (.text:HwiP_enable)
                  00001eb2    00000004                           : SemaphoreP_nortos.oem4f (.text:SemaphoreP_delete)
                  00001eb6    00000004     rtsv7M4_T_le_v4SPD16_eabi.lib : pre_init.c.obj (.text:_system_pre_init)
                  00001eba    00000004                                   : exit.c.obj (.text:abort:abort)

.const     0    00001ec0    000003f1     
                  00001ec0    000001b0     msp432e4_driverlib.a : sysctl.o (.const:g_pppui32XTALtoVCO)
                  00002070    0000009c                          : interrupt.o (.const:g_pui32Regs)
                  0000210c    00000048     drivers_msp432e4.aem4f : GPIOMSP432E4.oem4f (.const:gpioBaseAddresses)
                  00002154    00000048                            : GPIOMSP432E4.oem4f (.const:powerMgrIds)
                  0000219c    00000030     msp432e4_driverlib.a : sysctl.o (.const:g_sXTALtoMEMTIM)
                  000021cc    00000028                          : sysctl.o (.const:g_pui32Xtals)
                  000021f4    00000020     drivers_msp432e4.aem4f : GPIOMSP432E4.oem4f (.const:.string:gpioInterruptVectors)
                  00002214    00000020     ti_drivers_config.obj (.const:LED_config)
                  00002234    00000018     drivers_msp432e4.aem4f : PWM.oem4f (.const:PWM_defaultParams)
                  0000224c    00000014     ti_drivers_config.obj (.const:GPIOMSP432E4_config)
                  00002260    00000014     msp432e4_driverlib.a : interrupt.o (.const:g_pui32EnRegs)
                  00002274    00000009     ti_drivers_config.obj (.const)
                  0000227d    00000008     ti_drivers_config.obj (.const:LEDHWAttrs)
                  00002285    00000003     drivers_msp432e4.aem4f : GPIOMSP432E4.oem4f (.const:.string:inPinTypes)
                  00002288    00000008                            : LED.oem4f (.const:LED_defaultParams)
                  00002290    00000008     ti_drivers_config.obj (.const:PowerMSP432E4_config)
                  00002298    00000008     msp432e4_driverlib.a : sysctl.o (.const:g_pui32VCOFrequencies)
                  000022a0    00000007     drivers_msp432e4.aem4f : GPIOMSP432E4.oem4f (.const:.string:outPinStrengths)
                  000022a7    00000006                            : GPIOMSP432E4.oem4f (.const:.string:interruptType)
                  000022ad    00000004                            : GPIOMSP432E4.oem4f (.const:.string:outPinTypes)

.cinit     0    000022b8    00000140     
                  000022b8    00000108     (.cinit..data.load) [load image, compression = lzss]
                  000023c0    0000000c     (__TI_handler_table)
                  000023cc    00000004     --HOLE-- [fill = 0]
                  000023d0    00000008     (.cinit..bss.load) [load image, compression = zero_init]
                  000023d8    00000008     (.cinit..vtable.load) [load image, compression = zero_init]
                  000023e0    00000018     (__TI_cinit_table)

.init_array 
*          0    00000000    00000000     UNINITIALIZED

.vtable    0    20000000    0000026c     UNINITIALIZED
                  20000000    0000026c     msp432e4_driverlib.a : interrupt.o (.vtable)

.sysmem    0    20000270    00008000     UNINITIALIZED
                  20000270    00000010     rtsv7M4_T_le_v4SPD16_eabi.lib : memory.c.obj (.sysmem)
                  20000280    00007ff0     --HOLE--

.data      0    20008270    00000424     UNINITIALIZED
                  20008270    0000026c     nortos_msp432e4.aem4f : HwiPMSP432E4_nortos.oem4f (.data:HwiP_dispatchTable)
                  200084dc    0000016c     drivers_msp432e4.aem4f : PowerMSP432E4.oem4f (.data:PowerMSP432E4_module)
                  20008648    00000010     ti_drivers_config.obj (.data:gpioCallbackFunctions)
                  20008658    00000010     ti_drivers_config.obj (.data:gpioPinConfigs)
                  20008668    00000008     rtsv7M4_T_le_v4SPD16_eabi.lib : _lock.c.obj (.data:$O1$$)
                  20008670    00000008                                   : memory.c.obj (.data:$O1$$)
                  20008678    00000008     nortos_msp432e4.aem4f : SemaphoreP_nortos.oem4f (.data:SemaphoreP_defaultParams)
                  20008680    00000005     drivers_msp432e4.aem4f : GPIOMSP432E4.oem4f (.data)
                  20008685    00000003     nortos_msp432e4.aem4f : SemaphoreP_nortos.oem4f (.data)
                  20008688    00000005                           : ClockPSysTick_nortos.oem4f (.data)
                  2000868d    00000001     drivers_msp432e4.aem4f : PWM.oem4f (.data)
                  2000868e    00000002     --HOLE--
                  20008690    00000004     nortos_msp432e4.aem4f : HwiPMSP432E4_nortos.oem4f (.data)

.bss       0    20008698    000001a8     UNINITIALIZED
                  20008698    00000100     (.common:LEDObjects)
                  20008798    00000090     drivers_msp432e4.aem4f : GPIOMSP432E4.oem4f (.bss:gpioCallbackInfo)
                  20008828    00000010     (.common:ClockP_ctrl)
                  20008838    00000004                            : GPIOMSP432E4.oem4f (.bss)
                  2000883c    00000004     nortos_msp432e4.aem4f : ClockPSysTick_nortos.oem4f (.bss)

.stack     0    2003f000    00001000     UNINITIALIZED
                  2003f000    00000004     rtsv7M4_T_le_v4SPD16_eabi.lib : boot_cortex_m.c.obj (.stack)
                  2003f004    00000ffc     --HOLE--

__llvm_prf_cnts 
*          0    20000000    00000000     UNINITIALIZED

.binit     0    00000000    00000000     

MODULE SUMMARY

       Module                       code   ro data   rw data
       ------                       ----   -------   -------
    .\
       led.obj                      122    0         0      
       main_nortos.obj              18     0         0      
    +--+----------------------------+------+---------+---------+
       Total:                       140    0         0      
                                                            
    .\syscfg\
       ti_drivers_config.obj        50     77        288    
    +--+----------------------------+------+---------+---------+
       Total:                       50     77        288    
                                                            
    D:/CCS/MSP432E4_SDK/simplelink_msp432e4_sdk_4_20_00_12/kernel/nortos/lib/nortos_msp432e4.aem4f
       HwiPMSP432E4_nortos.oem4f    244    0         624    
       ClockPSysTick_nortos.oem4f   594    0         25     
       startup_msp432e4_ccs.oem4f   40     512       0      
       SemaphoreP_nortos.oem4f      378    0         11     
       PowerMSP432E4_nortos.oem4f   16     0         0      
    +--+----------------------------+------+---------+---------+
       Total:                       1272   512       660    
                                                            
    D:/CCS/MSP432E4_SDK/simplelink_msp432e4_sdk_4_20_00_12/source/ti/devices/msp432e4/driverlib/lib/ccs/m4f/msp432e4_driverlib.a
       sysctl.o                     1384   528       0      
       interrupt.o                  336    176       620    
       gpio.o                       912    0         0      
       cpu.o                        24     0         0      
       fpu.o                        24     0         0      
    +--+----------------------------+------+---------+---------+
       Total:                       2680   704       620    
                                                            
    D:/CCS/MSP432E4_SDK/simplelink_msp432e4_sdk_4_20_00_12/source/ti/drivers/lib/drivers_msp432e4.aem4f
       GPIOMSP432E4.oem4f           868    196       153    
       LED.oem4f                    690    8         0      
       PowerMSP432E4.oem4f          264    0         364    
       PWM.oem4f                    182    24        1      
    +--+----------------------------+------+---------+---------+
       Total:                       2004   228       518    
                                                            
    D:\CCS\CCS10.4\ccs\tools\compiler\ti-cgt-arm_20.2.5.LTS\lib\rtsv7M4_T_le_v4SPD16_eabi.lib
       memory.c.obj                 672    0         8      
       memcpy_t2.asm.obj            156    0         0      
       memset_t2.asm.obj            122    0         0      
       copy_decompress_lzss.c.obj   104    0         0      
       autoinit.c.obj               68     0         0      
       boot_cortex_m.c.obj          52     0         0      
       copy_decompress_none.c.obj   14     0         0      
       copy_zero_init.c.obj         12     0         0      
       _lock.c.obj                  2      0         8      
       exit.c.obj                   4      0         0      
       pre_init.c.obj               4      0         0      
    +--+----------------------------+------+---------+---------+
       Total:                       1210   0         16     
                                                            
       Heap:                        0      0         32768  
       Stack:                       0      0         4096   
       Linker Generated:            0      316       0      
    +--+----------------------------+------+---------+---------+
       Grand Total:                 7356   1837      38966  


LINKER GENERATED COPY TABLES

__TI_cinit_table @ 000023e0 records: 3, size/record: 8, table size: 24
	.data: load addr=000022b8, load size=00000108 bytes, run addr=20008270, run size=00000424 bytes, compression=lzss
	.bss: load addr=000023d0, load size=00000008 bytes, run addr=20008698, run size=000001a8 bytes, compression=zero_init
	.vtable: load addr=000023d8, load size=00000008 bytes, run addr=20000000, run size=0000026c bytes, compression=zero_init


LINKER GENERATED HANDLER TABLE

__TI_handler_table @ 000023c0 records: 3, size/record: 4, table size: 12
	index: 0, handler: __TI_zero_init
	index: 1, handler: __TI_decompress_lzss
	index: 2, handler: __TI_decompress_none


GLOBAL SYMBOLS: SORTED ALPHABETICALLY BY Name 

address   name                          
-------   ----                          
00001ac1  Board_init                    
0000071b  Board_initHook                
00001ebb  C$$EXIT                       
00002278  CONFIG_LED_0_CONST            
00002274  CONFIG_LED_0_GPIO_CONST       
00002279  CONFIG_LED_1_CONST            
00002275  CONFIG_LED_1_GPIO_CONST       
0000227a  CONFIG_LED_2_CONST            
00002276  CONFIG_LED_2_GPIO_CONST       
0000227b  CONFIG_LED_3_CONST            
00002277  CONFIG_LED_3_GPIO_CONST       
00001e33  CPUcpsid                      
00001e3f  CPUcpsie                      
00001e65  ClockP_Params_init            
00001dc3  ClockP_add                    
0000177d  ClockP_construct              
00001ca5  ClockP_create                 
20008828  ClockP_ctrl                   
0000193d  ClockP_destruct               
000014b1  ClockP_doTick                 
00001e4d  ClockP_getSystemTickPeriod    
00001e6f  ClockP_isActive               
00001ea7  ClockP_setTimeout             
00001af1  ClockP_start                  
00001a59  ClockP_startup                
000015a1  ClockP_stop                   
000014b1  ClockP_sysTickHandler         
20008688  ClockP_tickPeriod             
00001cf5  FPUEnable                     
000012a1  GPIODirModeSet                
00001d3b  GPIOIntClear                  
00001bc5  GPIOIntStatus                 
00000c41  GPIOIntTypeSet                
0000224c  GPIOMSP432E4_config           
000004e1  GPIOPadConfigSet              
00001c09  GPIOPinWrite                  
00001105  GPIO_hwiIntFxn                
00000b95  GPIO_init                     
00001359  GPIO_setCallback              
0000071d  GPIO_setConfig                
00001409  GPIO_write                    
00001d8d  HwiP_Params_init              
00001025  HwiP_construct                
00001b4d  HwiP_create                   
00001eab  HwiP_disable                  
00001eaf  HwiP_enable                   
00001d51  HwiP_inISR                    
00001e97  HwiP_restore                  
20008690  HwiP_swiPIntNum               
00000eb1  IntEnable                     
00001dd3  IntMasterDisable              
00001de3  IntMasterEnable               
0000145d  IntPrioritySet                
000012fd  IntRegister                   
20008698  LEDObjects                    
00001d9f  LED_Params_init               
00002214  LED_config                    
0000227c  LED_count                     
00002288  LED_defaultParams             
000008a1  LED_open                      
000018fd  LED_setBrightnessLevel        
00001979  LED_setOff                    
000019ed  LED_setOn                     
00001501  LED_startBlinking             
00001be7  LED_stopBlinking              
00001cbf  LED_toggle                    
00001eaf  NoRTOS_start                  
00001d65  PWM_Params_init               
00001e79  PWM_close                     
UNDEFED   PWM_config                    
UNDEFED   PWM_count                     
00002234  PWM_defaultParams             
000015e5  PWM_init                      
000017bd  PWM_open                      
00001e83  PWM_setDuty                   
00001e8d  PWM_start                     
00002290  PowerMSP432E4_config          
200084dc  PowerMSP432E4_module          
00001df5  PowerMSP432E4_sleepPolicy     
00001d79  Power_disablePolicy           
00001e05  Power_enablePolicy            
00001d0d  Power_idleFunc                
0000123d  Power_init                    
0000116d  Power_setDependency           
00001e15  SemaphoreP_Params_init        
00001551  SemaphoreP_construct          
00001d25  SemaphoreP_create             
00001cd9  SemaphoreP_createBinary       
20008678  SemaphoreP_defaultParams      
00001eb3  SemaphoreP_delete             
00000ce5  SemaphoreP_pend               
00001629  SemaphoreP_post               
00000201  SysCtlClockFreqSet            
00001b21  SysCtlPeripheralClockGating   
000017fd  SysCtlPeripheralEnable        
0000183d  SysCtlPeripheralPowerOff      
0000187d  SysCtlPeripheralPowerOn       
0000166d  SysCtlPeripheralPresent       
000016b1  SysCtlPeripheralReady         
000018bd  SysCtlPeripheralSleepEnable   
20040000  __STACK_END                   
00001000  __STACK_SIZE                  
00008000  __SYSMEM_SIZE                 
000023e0  __TI_CINIT_Base               
000023f8  __TI_CINIT_Limit              
000023c0  __TI_Handler_Table_Base       
000023cc  __TI_Handler_Table_Limit      
00001739  __TI_auto_init_nobinit_nopinit
000011d5  __TI_decompress_lzss          
00001e25  __TI_decompress_none          
ffffffff  __TI_pprof_out_hndl           
ffffffff  __TI_prof_data_size           
ffffffff  __TI_prof_data_start          
000022b8  __TI_static_base__            
00001e59  __TI_zero_init                
00000fab  __aeabi_memclr                
00000fab  __aeabi_memclr4               
00000fab  __aeabi_memclr8               
00000d85  __aeabi_memcpy                
00000d85  __aeabi_memcpy4               
00000d85  __aeabi_memcpy8               
00000fad  __aeabi_memset                
00000fad  __aeabi_memset4               
00000fad  __aeabi_memset8               
ffffffff  __binit__                     
ffffffff  __c_args__                    
UNDEFED   __mpu_init                    
2003f000  __stack                       
20000000  __start___llvm_prf_cnts       
20000000  __stop___llvm_prf_cnts        
00001a8d  _c_int00_noargs               
20008668  _lock                         
0000193b  _nop                          
20000270  _sys_memory                   
UNDEFED   _system_post_cinit            
00001eb7  _system_pre_init              
2000866c  _unlock                       
00001ebb  abort                         
000009b1  aligned_alloc                 
ffffffff  binit                         
00001c87  clkFxn                        
00000ab1  free                          
20000000  g_pfnRAMVectors               
20008648  gpioCallbackFunctions         
20008658  gpioPinConfigs                
00001db1  main                          
00000f31  mainThread                    
00001e9f  malloc                        
000009b1  memalign                      
00000d85  memcpy                        
00000fb3  memset                        
00001c49  resetISR                      
00000000  resetVectors                  


GLOBAL SYMBOLS: SORTED BY Symbol Address 

address   name                          
-------   ----                          
00000000  resetVectors                  
00000201  SysCtlClockFreqSet            
000004e1  GPIOPadConfigSet              
0000071b  Board_initHook                
0000071d  GPIO_setConfig                
000008a1  LED_open                      
000009b1  aligned_alloc                 
000009b1  memalign                      
00000ab1  free                          
00000b95  GPIO_init                     
00000c41  GPIOIntTypeSet                
00000ce5  SemaphoreP_pend               
00000d85  __aeabi_memcpy                
00000d85  __aeabi_memcpy4               
00000d85  __aeabi_memcpy8               
00000d85  memcpy                        
00000eb1  IntEnable                     
00000f31  mainThread                    
00000fab  __aeabi_memclr                
00000fab  __aeabi_memclr4               
00000fab  __aeabi_memclr8               
00000fad  __aeabi_memset                
00000fad  __aeabi_memset4               
00000fad  __aeabi_memset8               
00000fb3  memset                        
00001000  __STACK_SIZE                  
00001025  HwiP_construct                
00001105  GPIO_hwiIntFxn                
0000116d  Power_setDependency           
000011d5  __TI_decompress_lzss          
0000123d  Power_init                    
000012a1  GPIODirModeSet                
000012fd  IntRegister                   
00001359  GPIO_setCallback              
00001409  GPIO_write                    
0000145d  IntPrioritySet                
000014b1  ClockP_doTick                 
000014b1  ClockP_sysTickHandler         
00001501  LED_startBlinking             
00001551  SemaphoreP_construct          
000015a1  ClockP_stop                   
000015e5  PWM_init                      
00001629  SemaphoreP_post               
0000166d  SysCtlPeripheralPresent       
000016b1  SysCtlPeripheralReady         
00001739  __TI_auto_init_nobinit_nopinit
0000177d  ClockP_construct              
000017bd  PWM_open                      
000017fd  SysCtlPeripheralEnable        
0000183d  SysCtlPeripheralPowerOff      
0000187d  SysCtlPeripheralPowerOn       
000018bd  SysCtlPeripheralSleepEnable   
000018fd  LED_setBrightnessLevel        
0000193b  _nop                          
0000193d  ClockP_destruct               
00001979  LED_setOff                    
000019ed  LED_setOn                     
00001a59  ClockP_startup                
00001a8d  _c_int00_noargs               
00001ac1  Board_init                    
00001af1  ClockP_start                  
00001b21  SysCtlPeripheralClockGating   
00001b4d  HwiP_create                   
00001bc5  GPIOIntStatus                 
00001be7  LED_stopBlinking              
00001c09  GPIOPinWrite                  
00001c49  resetISR                      
00001c87  clkFxn                        
00001ca5  ClockP_create                 
00001cbf  LED_toggle                    
00001cd9  SemaphoreP_createBinary       
00001cf5  FPUEnable                     
00001d0d  Power_idleFunc                
00001d25  SemaphoreP_create             
00001d3b  GPIOIntClear                  
00001d51  HwiP_inISR                    
00001d65  PWM_Params_init               
00001d79  Power_disablePolicy           
00001d8d  HwiP_Params_init              
00001d9f  LED_Params_init               
00001db1  main                          
00001dc3  ClockP_add                    
00001dd3  IntMasterDisable              
00001de3  IntMasterEnable               
00001df5  PowerMSP432E4_sleepPolicy     
00001e05  Power_enablePolicy            
00001e15  SemaphoreP_Params_init        
00001e25  __TI_decompress_none          
00001e33  CPUcpsid                      
00001e3f  CPUcpsie                      
00001e4d  ClockP_getSystemTickPeriod    
00001e59  __TI_zero_init                
00001e65  ClockP_Params_init            
00001e6f  ClockP_isActive               
00001e79  PWM_close                     
00001e83  PWM_setDuty                   
00001e8d  PWM_start                     
00001e97  HwiP_restore                  
00001e9f  malloc                        
00001ea7  ClockP_setTimeout             
00001eab  HwiP_disable                  
00001eaf  HwiP_enable                   
00001eaf  NoRTOS_start                  
00001eb3  SemaphoreP_delete             
00001eb7  _system_pre_init              
00001ebb  C$$EXIT                       
00001ebb  abort                         
00002214  LED_config                    
00002234  PWM_defaultParams             
0000224c  GPIOMSP432E4_config           
00002274  CONFIG_LED_0_GPIO_CONST       
00002275  CONFIG_LED_1_GPIO_CONST       
00002276  CONFIG_LED_2_GPIO_CONST       
00002277  CONFIG_LED_3_GPIO_CONST       
00002278  CONFIG_LED_0_CONST            
00002279  CONFIG_LED_1_CONST            
0000227a  CONFIG_LED_2_CONST            
0000227b  CONFIG_LED_3_CONST            
0000227c  LED_count                     
00002288  LED_defaultParams             
00002290  PowerMSP432E4_config          
000022b8  __TI_static_base__            
000023c0  __TI_Handler_Table_Base       
000023cc  __TI_Handler_Table_Limit      
000023e0  __TI_CINIT_Base               
000023f8  __TI_CINIT_Limit              
00008000  __SYSMEM_SIZE                 
20000000  __start___llvm_prf_cnts       
20000000  __stop___llvm_prf_cnts        
20000000  g_pfnRAMVectors               
20000270  _sys_memory                   
200084dc  PowerMSP432E4_module          
20008648  gpioCallbackFunctions         
20008658  gpioPinConfigs                
20008668  _lock                         
2000866c  _unlock                       
20008678  SemaphoreP_defaultParams      
20008688  ClockP_tickPeriod             
20008690  HwiP_swiPIntNum               
20008698  LEDObjects                    
20008828  ClockP_ctrl                   
2003f000  __stack                       
20040000  __STACK_END                   
ffffffff  __TI_pprof_out_hndl           
ffffffff  __TI_prof_data_size           
ffffffff  __TI_prof_data_start          
ffffffff  __binit__                     
ffffffff  __c_args__                    
ffffffff  binit                         
UNDEFED   PWM_config                    
UNDEFED   PWM_count                     
UNDEFED   __mpu_init                    
UNDEFED   _system_post_cinit            

[153 symbols]
